Input #0, mov,mp4,m4a,3gp,3g2,mj2, from 'build/reels/2026-09-26/01-future-of-ai.mp4':
  Metadata:
    major_brand     : isom
    minor_version   : 512
    compatible_brands: isomiso2avc1mp41
    encoder         : Lavf63.1.101
  Duration: 00:00:45.00, start: 0.000000, bitrate: 2081 kb/s
  Stream #0:0[0x1](und): Video: h264 (High) (avc1 / 0x31637661), yuv420p(tv, bt709/unknown/unknown, progressive), 1080x1920 [SAR 1:1 DAR 9:16], 1927 kb/s, 60 fps, 60 tbr, 15360 tbn (default)
    Metadata:
      handler_name    : VideoHandler
      encoder         : Lavc63.1.101 libx264
  Stream #0:1[0x2](und): Audio: aac (LC) (mp4a / 0x6134706D), 48000 Hz, mono, fltp, 140 kb/s (default)
    Metadata:
      handler_name    : SoundHandler
Stream mapping:
  Stream #0:0 -> #0:0 (h264 (native) -> wrapped_avframe (native))
  Stream #0:1 -> #0:1 (aac (native) -> pcm_s16le (native))
Press [q] to stop, [?] for help
Output #0, null, to 'pipe:':
  Metadata:
    major_brand     : isom
    minor_version   : 512
    compatible_brands: isomiso2avc1mp41
    encoder         : Lavf63.1.101
  Stream #0:0(und): Video: wrapped_avframe, yuv420p(tv, bt709/unknown/unknown, progressive), 1080x1920 [SAR 1:1 DAR 9:16], q=2-31, 200 kb/s, 60 fps, 60 tbn (default)
    Metadata:
      encoder         : Lavc63.1.101 wrapped_avframe
      handler_name    : VideoHandler
  Stream #0:1(und): Audio: pcm_s16le, 48000 Hz, mono, s16, 768 kb/s (default)
    Metadata:
      encoder         : Lavc63.1.101 pcm_s16le
      handler_name    : SoundHandler
[Parsed_silencedetect_0 @ 0x786484a040] silence_start: 0
[Parsed_silencedetect_0 @ 0x786484a040] silence_end: 0.223396 | silence_duration: 0.223396
[Parsed_silencedetect_0 @ 0x786484a040] silence_start: 3.188604
[Parsed_silencedetect_0 @ 0x786484a040] silence_end: 4.145417 | silence_duration: 0.956812
[Parsed_silencedetect_0 @ 0x786484a040] silence_start: 9.716958
[Parsed_silencedetect_0 @ 0x786484a040] silence_end: 10.699333 | silence_duration: 0.982375
[Parsed_silencedetect_0 @ 0x786484a040] silence_start: 15.929646
[Parsed_silencedetect_0 @ 0x786484a040] silence_end: 16.911938 | silence_duration: 0.982292
[Parsed_silencedetect_0 @ 0x786484a040] silence_start: 19.973229
[Parsed_silencedetect_0 @ 0x786484a040] silence_end: 20.950187 | silence_duration: 0.976958
[Parsed_silencedetect_0 @ 0x786484a040] silence_start: 22.299812
[Parsed_silencedetect_0 @ 0x786484a040] silence_end: 22.533729 | silence_duration: 0.233917
[Parsed_silencedetect_0 @ 0x786484a040] silence_start: 24.956563
[Parsed_silencedetect_0 @ 0x786484a040] silence_end: 25.949437 | silence_duration: 0.992875
[Parsed_silencedetect_0 @ 0x786484a040] silence_start: 31.477083
[Parsed_silencedetect_0 @ 0x786484a040] silence_end: 32.443917 | silence_duration: 0.966833
[Parsed_silencedetect_0 @ 0x786484a040] silence_start: 33.684792
[Parsed_silencedetect_0 @ 0x786484a040] silence_end: 33.917021 | silence_duration: 0.232229
[Parsed_silencedetect_0 @ 0x786484a040] silence_start: 34.904479
[Parsed_silencedetect_0 @ 0x786484a040] silence_end: 35.894042 | silence_duration: 0.989563
[Parsed_silencedetect_0 @ 0x786484a040] silence_start: 41.2755
[Parsed_silencedetect_0 @ 0x786484a040] silence_end: 45 | silence_duration: 3.7245
[out#0/null @ 0x7864848300] video:1118KiB audio:4211KiB subtitle:0KiB other streams:0KiB global headers:0KiB muxing overhead: unknown
frame= 2700 fps=0.0 q=-0.0 Lsize=N/A time=00:00:45.00 bitrate=N/A speed=66.8x elapsed=0:00:00.67    
