Input #0, mov,mp4,m4a,3gp,3g2,mj2, from '/Users/is9565/Downloads/NewHorizons/build/reels/2026-10-04/02-wildfire-storms.mp4':
  Metadata:
    major_brand     : isom
    minor_version   : 512
    compatible_brands: isomiso2avc1mp41
    encoder         : Lavf63.1.101
  Duration: 00:00:45.00, start: 0.000000, bitrate: 1378 kb/s
  Stream #0:0[0x1](und): Video: h264 (High) (avc1 / 0x31637661), yuv420p(tv, bt709/bt709/bt470m, progressive), 1080x1920 [SAR 1:1 DAR 9:16], 1224 kb/s, 60 fps, 60 tbr, 15360 tbn (default)
    Metadata:
      handler_name    : VideoHandler
      encoder         : Lavc63.1.101 libx264
  Stream #0:1[0x2](und): Audio: aac (LC) (mp4a / 0x6134706D), 48000 Hz, mono, fltp, 140 kb/s (default)
    Metadata:
      handler_name    : SoundHandler
Stream mapping:
  Stream #0:1 -> #0:0 (aac (native) -> pcm_s16le (native))
[Parsed_ebur128_0 @ 0x7aa500cc00] t: 0.0999792  TARGET:-23 LUFS    M:-120.7 S:-120.7     I: -70.0 LUFS       LRA:   0.0 LU  FTPK: -126.8 dBFS  TPK: -126.8 dBFS
Output #0, null, to 'pipe:':
  Metadata:
    major_brand     : isom
    minor_version   : 512
    compatible_brands: isomiso2avc1mp41
    encoder         : Lavf63.1.101
  Stream #0:0(und): Audio: pcm_s16le, 48000 Hz, mono, s16, 768 kb/s (default)
    Metadata:
      encoder         : Lavc63.1.101 pcm_s16le
      handler_name    : SoundHandler
[Parsed_ebur128_0 @ 0x7aa500cc00] t: 0.199979   TARGET:-23 LUFS    M:-120.7 S:-120.7     I: -70.0 LUFS       LRA:   0.0 LU  FTPK: -66.2 dBFS  TPK: -66.2 dBFS
[Parsed_ebur128_0 @ 0x7aa500cc00] t: 0.299979   TARGET:-23 LUFS    M:-120.7 S:-120.7     I: -70.0 LUFS       LRA:   0.0 LU  FTPK:  -1.7 dBFS  TPK:  -1.7 dBFS
[Parsed_ebur128_0 @ 0x7aa500cc00] t: 0.399979   TARGET:-23 LUFS    M: -19.1 S:-120.7     I: -19.1 LUFS       LRA:   0.0 LU  FTPK:  -2.4 dBFS  TPK:  -1.7 dBFS
[Parsed_ebur128_0 @ 0x7aa500cc00] t: 0.499979   TARGET:-23 LUFS    M: -15.5 S:-120.7     I: -17.0 LUFS       LRA:   0.0 LU  FTPK:  -1.5 dBFS  TPK:  -1.5 dBFS
[Parsed_ebur128_0 @ 0x7aa500cc00] t: 0.599979   TARGET:-23 LUFS    M: -13.8 S:-120.7     I: -15.6 LUFS       LRA:   0.0 LU  FTPK:  -3.3 dBFS  TPK:  -1.5 dBFS
[Parsed_ebur128_0 @ 0x7aa500cc00] t: 0.699979   TARGET:-23 LUFS    M: -13.9 S:-120.7     I: -15.1 LUFS       LRA:   0.0 LU  FTPK:  -4.0 dBFS  TPK:  -1.5 dBFS
[Parsed_ebur128_0 @ 0x7aa500cc00] t: 0.799979   TARGET:-23 LUFS    M: -14.1 S:-120.7     I: -14.9 LUFS       LRA:   0.0 LU  FTPK:  -2.9 dBFS  TPK:  -1.5 dBFS
[Parsed_ebur128_0 @ 0x7aa500cc00] t: 0.899979   TARGET:-23 LUFS    M: -15.4 S:-120.7     I: -15.0 LUFS       LRA:   0.0 LU  FTPK:  -4.9 dBFS  TPK:  -1.5 dBFS
[Parsed_ebur128_0 @ 0x7aa500cc00] t: 0.999979   TARGET:-23 LUFS    M: -17.7 S:-120.7     I: -15.3 LUFS       LRA:   0.0 LU  FTPK:  -8.0 dBFS  TPK:  -1.5 dBFS
[Parsed_ebur128_0 @ 0x7aa500cc00] t: 1.099979   TARGET:-23 LUFS    M: -18.2 S:-120.7     I: -15.5 LUFS       LRA:   0.0 LU  FTPK:  -4.8 dBFS  TPK:  -1.5 dBFS
[Parsed_ebur128_0 @ 0x7aa500cc00] t: 1.199979   TARGET:-23 LUFS    M: -18.1 S:-120.7     I: -15.8 LUFS       LRA:   0.0 LU  FTPK:  -5.7 dBFS  TPK:  -1.5 dBFS
[Parsed_ebur128_0 @ 0x7aa500cc00] t: 1.299979   TARGET:-23 LUFS    M: -15.2 S:-120.7     I: -15.7 LUFS       LRA:   0.0 LU  FTPK:  -1.5 dBFS  TPK:  -1.5 dBFS
[Parsed_ebur128_0 @ 0x7aa500cc00] t: 1.399979   TARGET:-23 LUFS    M: -14.4 S:-120.7     I: -15.6 LUFS       LRA:   0.0 LU  FTPK:  -4.8 dBFS  TPK:  -1.5 dBFS
[Parsed_ebur128_0 @ 0x7aa500cc00] t: 1.499979   TARGET:-23 LUFS    M: -14.1 S:-120.7     I: -15.4 LUFS       LRA:   0.0 LU  FTPK:  -4.1 dBFS  TPK:  -1.5 dBFS
[Parsed_ebur128_0 @ 0x7aa500cc00] t: 1.599979   TARGET:-23 LUFS    M: -13.6 S:-120.7     I: -15.3 LUFS       LRA:   0.0 LU  FTPK:  -2.6 dBFS  TPK:  -1.5 dBFS
[Parsed_ebur128_0 @ 0x7aa500cc00] t: 1.699979   TARGET:-23 LUFS    M: -13.8 S:-120.7     I: -15.1 LUFS       LRA:   0.0 LU  FTPK:  -2.0 dBFS  TPK:  -1.5 dBFS
[Parsed_ebur128_0 @ 0x7aa500cc00] t: 1.799979   TARGET:-23 LUFS    M: -13.6 S:-120.7     I: -15.0 LUFS       LRA:   0.0 LU  FTPK:  -3.6 dBFS  TPK:  -1.5 dBFS
[Parsed_ebur128_0 @ 0x7aa500cc00] t: 1.899979   TARGET:-23 LUFS    M: -14.2 S:-120.7     I: -15.0 LUFS       LRA:   0.0 LU  FTPK:  -2.5 dBFS  TPK:  -1.5 dBFS
[Parsed_ebur128_0 @ 0x7aa500cc00] t: 1.999979   TARGET:-23 LUFS    M: -13.5 S:-120.7     I: -14.9 LUFS       LRA:   0.0 LU  FTPK:  -1.5 dBFS  TPK:  -1.5 dBFS
[Parsed_ebur128_0 @ 0x7aa500cc00] t: 2.099979   TARGET:-23 LUFS    M: -14.6 S:-120.7     I: -14.8 LUFS       LRA:   0.0 LU  FTPK:  -3.9 dBFS  TPK:  -1.5 dBFS
[Parsed_ebur128_0 @ 0x7aa500cc00] t: 2.199979   TARGET:-23 LUFS    M: -15.6 S:-120.7     I: -14.9 LUFS       LRA:   0.0 LU  FTPK:  -5.6 dBFS  TPK:  -1.5 dBFS
[Parsed_ebur128_0 @ 0x7aa500cc00] t: 2.299979   TARGET:-23 LUFS    M: -15.5 S:-120.7     I: -14.9 LUFS       LRA:   0.0 LU  FTPK:  -8.0 dBFS  TPK:  -1.5 dBFS
[Parsed_ebur128_0 @ 0x7aa500cc00] t: 2.399979   TARGET:-23 LUFS    M: -18.5 S:-120.7     I: -15.0 LUFS       LRA:   0.0 LU  FTPK:  -6.1 dBFS  TPK:  -1.5 dBFS
[Parsed_ebur128_0 @ 0x7aa500cc00] t: 2.499979   TARGET:-23 LUFS    M: -21.5 S:-120.7     I: -15.2 LUFS       LRA:   0.0 LU  FTPK: -16.5 dBFS  TPK:  -1.5 dBFS
[Parsed_ebur128_0 @ 0x7aa500cc00] t: 2.599979   TARGET:-23 LUFS    M: -24.3 S:-120.7     I: -15.4 LUFS       LRA:   0.0 LU  FTPK: -21.8 dBFS  TPK:  -1.5 dBFS
[Parsed_ebur128_0 @ 0x7aa500cc00] t: 2.699979   TARGET:-23 LUFS    M: -26.4 S:-120.7     I: -15.4 LUFS       LRA:   0.0 LU  FTPK: -53.6 dBFS  TPK:  -1.5 dBFS
[Parsed_ebur128_0 @ 0x7aa500cc00] t: 2.799979   TARGET:-23 LUFS    M: -34.8 S:-120.7     I: -15.4 LUFS       LRA:   0.0 LU  FTPK: -63.9 dBFS  TPK:  -1.5 dBFS
[Parsed_ebur128_0 @ 0x7aa500cc00] t: 2.899979   TARGET:-23 LUFS    M: -44.9 S:-120.7     I: -15.4 LUFS       LRA:   0.0 LU  FTPK:  -inf dBFS  TPK:  -1.5 dBFS
[Parsed_ebur128_0 @ 0x7aa500cc00] t: 2.999979   TARGET:-23 LUFS    M: -75.3 S: -16.4     I: -15.4 LUFS       LRA:  20.0 LU  FTPK:  -inf dBFS  TPK:  -1.5 dBFS
[Parsed_silencedetect_1 @ 0x7aa500ccc0] silence_start: 2.547
[Parsed_ebur128_0 @ 0x7aa500cc00] t: 3.099979   TARGET:-23 LUFS    M: -85.2 S: -16.4     I: -15.4 LUFS       LRA:  20.0 LU  FTPK:  -inf dBFS  TPK:  -1.5 dBFS
[Parsed_ebur128_0 @ 0x7aa500cc00] t: 3.199979   TARGET:-23 LUFS    M:   nan S: -16.4     I: -15.4 LUFS       LRA:  20.0 LU  FTPK:  -inf dBFS  TPK:  -1.5 dBFS
[Parsed_ebur128_0 @ 0x7aa500cc00] t: 3.299979   TARGET:-23 LUFS    M:   nan S: -16.6     I: -15.4 LUFS       LRA:  20.0 LU  FTPK:  -inf dBFS  TPK:  -1.5 dBFS
[Parsed_ebur128_0 @ 0x7aa500cc00] t: 3.399979   TARGET:-23 LUFS    M:   nan S: -16.8     I: -15.4 LUFS       LRA:   0.3 LU  FTPK:  -inf dBFS  TPK:  -1.5 dBFS
[Parsed_ebur128_0 @ 0x7aa500cc00] t: 3.499979   TARGET:-23 LUFS    M: -97.1 S: -17.2     I: -15.4 LUFS       LRA:   0.8 LU  FTPK: -70.7 dBFS  TPK:  -1.5 dBFS
[Parsed_ebur128_0 @ 0x7aa500cc00] t: 3.599979   TARGET:-23 LUFS    M: -42.0 S: -17.7     I: -15.4 LUFS       LRA:   1.2 LU  FTPK: -19.2 dBFS  TPK:  -1.5 dBFS
[Parsed_silencedetect_1 @ 0x7aa500ccc0] silence_end: 3.577479 | silence_duration: 1.030479
[Parsed_ebur128_0 @ 0x7aa500cc00] t: 3.699979   TARGET:-23 LUFS    M: -20.3 S: -17.5     I: -15.5 LUFS       LRA:   1.2 LU  FTPK:  -1.5 dBFS  TPK:  -1.5 dBFS
[Parsed_ebur128_0 @ 0x7aa500cc00] t: 3.799979   TARGET:-23 LUFS    M: -16.8 S: -17.3     I: -15.5 LUFS       LRA:   1.2 LU  FTPK:  -3.7 dBFS  TPK:  -1.5 dBFS
[Parsed_ebur128_0 @ 0x7aa500cc00] t: 3.899979   TARGET:-23 LUFS    M: -14.9 S: -17.1     I: -15.5 LUFS       LRA:   1.2 LU  FTPK:  -2.6 dBFS  TPK:  -1.5 dBFS
[Parsed_ebur128_0 @ 0x7aa500cc00] t: 3.999979   TARGET:-23 LUFS    M: -14.3 S: -17.0     I: -15.4 LUFS       LRA:   1.2 LU  FTPK:  -3.1 dBFS  TPK:  -1.5 dBFS
[Parsed_ebur128_0 @ 0x7aa500cc00] t: 4.099979   TARGET:-23 LUFS    M: -14.4 S: -16.9     I: -15.4 LUFS       LRA:   1.2 LU  FTPK:  -3.2 dBFS  TPK:  -1.5 dBFS
[Parsed_ebur128_0 @ 0x7aa500cc00] t: 4.199979   TARGET:-23 LUFS    M: -15.6 S: -16.9     I: -15.4 LUFS       LRA:   1.2 LU  FTPK:  -6.4 dBFS  TPK:  -1.5 dBFS
[Parsed_ebur128_0 @ 0x7aa500cc00] t: 4.299979   TARGET:-23 LUFS    M: -16.1 S: -17.3     I: -15.4 LUFS       LRA:   1.2 LU  FTPK:  -3.4 dBFS  TPK:  -1.5 dBFS
[Parsed_ebur128_0 @ 0x7aa500cc00] t: 4.399979   TARGET:-23 LUFS    M: -15.9 S: -17.4     I: -15.4 LUFS       LRA:   1.1 LU  FTPK:  -6.6 dBFS  TPK:  -1.5 dBFS
[Parsed_ebur128_0 @ 0x7aa500cc00] t: 4.499979   TARGET:-23 LUFS    M: -17.0 S: -17.5     I: -15.5 LUFS       LRA:   1.1 LU  FTPK:  -9.5 dBFS  TPK:  -1.5 dBFS
[Parsed_ebur128_0 @ 0x7aa500cc00] t: 4.599979   TARGET:-23 LUFS    M: -15.7 S: -17.4     I: -15.5 LUFS       LRA:   1.1 LU  FTPK:  -4.0 dBFS  TPK:  -1.5 dBFS
[Parsed_ebur128_0 @ 0x7aa500cc00] t: 4.699979   TARGET:-23 LUFS    M: -16.5 S: -17.9     I: -15.5 LUFS       LRA:   1.2 LU  FTPK:  -5.9 dBFS  TPK:  -1.5 dBFS
[Parsed_ebur128_0 @ 0x7aa500cc00] t: 4.799979   TARGET:-23 LUFS    M: -16.2 S: -18.0     I: -15.5 LUFS       LRA:   1.5 LU  FTPK:  -5.9 dBFS  TPK:  -1.5 dBFS
[Parsed_ebur128_0 @ 0x7aa500cc00] t: 4.899979   TARGET:-23 LUFS    M: -15.2 S: -17.7     I: -15.5 LUFS       LRA:   1.5 LU  FTPK:  -4.7 dBFS  TPK:  -1.5 dBFS
[Parsed_ebur128_0 @ 0x7aa500cc00] t: 4.999979   TARGET:-23 LUFS    M: -16.1 S: -18.2     I: -15.5 LUFS       LRA:   1.6 LU  FTPK:  -8.2 dBFS  TPK:  -1.5 dBFS
[Parsed_ebur128_0 @ 0x7aa500cc00] t: 5.099979   TARGET:-23 LUFS    M: -16.0 S: -18.3     I: -15.6 LUFS       LRA:   1.7 LU  FTPK:  -5.1 dBFS  TPK:  -1.5 dBFS
[Parsed_ebur128_0 @ 0x7aa500cc00] t: 5.199979   TARGET:-23 LUFS    M: -15.6 S: -18.0     I: -15.6 LUFS       LRA:   1.7 LU  FTPK:  -5.0 dBFS  TPK:  -1.5 dBFS
[Parsed_ebur128_0 @ 0x7aa500cc00] t: 5.299979   TARGET:-23 LUFS    M: -15.9 S: -17.8     I: -15.6 LUFS       LRA:   1.7 LU  FTPK:  -2.5 dBFS  TPK:  -1.5 dBFS
[Parsed_ebur128_0 @ 0x7aa500cc00] t: 5.399979   TARGET:-23 LUFS    M: -14.9 S: -17.5     I: -15.5 LUFS       LRA:   1.6 LU  FTPK:  -4.4 dBFS  TPK:  -1.5 dBFS
[Parsed_ebur128_0 @ 0x7aa500cc00] t: 5.499979   TARGET:-23 LUFS    M: -14.8 S: -17.3     I: -15.5 LUFS       LRA:   1.6 LU  FTPK:  -7.8 dBFS  TPK:  -1.5 dBFS
[Parsed_ebur128_0 @ 0x7aa500cc00] t: 5.599979   TARGET:-23 LUFS    M: -15.3 S: -17.2     I: -15.5 LUFS       LRA:   1.6 LU  FTPK:  -6.7 dBFS  TPK:  -1.5 dBFS
[Parsed_ebur128_0 @ 0x7aa500cc00] t: 5.699979   TARGET:-23 LUFS    M: -15.9 S: -17.1     I: -15.5 LUFS       LRA:   1.6 LU  FTPK:  -8.2 dBFS  TPK:  -1.5 dBFS
[Parsed_ebur128_0 @ 0x7aa500cc00] t: 5.799979   TARGET:-23 LUFS    M: -17.3 S: -17.0     I: -15.6 LUFS       LRA:   1.6 LU  FTPK:  -8.5 dBFS  TPK:  -1.5 dBFS
[Parsed_ebur128_0 @ 0x7aa500cc00] t: 5.899979   TARGET:-23 LUFS    M: -18.6 S: -16.9     I: -15.6 LUFS       LRA:   1.6 LU  FTPK:  -7.4 dBFS  TPK:  -1.5 dBFS
[Parsed_ebur128_0 @ 0x7aa500cc00] t: 5.999979   TARGET:-23 LUFS    M: -17.5 S: -16.7     I: -15.6 LUFS       LRA:   1.6 LU  FTPK:  -4.0 dBFS  TPK:  -1.5 dBFS
[Parsed_ebur128_0 @ 0x7aa500cc00] t: 6.099979   TARGET:-23 LUFS    M: -17.7 S: -16.6     I: -15.7 LUFS       LRA:   1.6 LU  FTPK:  -7.5 dBFS  TPK:  -1.5 dBFS
[Parsed_ebur128_0 @ 0x7aa500cc00] t: 6.199979   TARGET:-23 LUFS    M: -16.5 S: -16.4     I: -15.7 LUFS       LRA:   1.6 LU  FTPK:  -3.9 dBFS  TPK:  -1.5 dBFS
[Parsed_ebur128_0 @ 0x7aa500cc00] t: 6.299979   TARGET:-23 LUFS    M: -15.2 S: -16.1     I: -15.7 LUFS       LRA:   1.6 LU  FTPK:  -6.3 dBFS  TPK:  -1.5 dBFS
[Parsed_ebur128_0 @ 0x7aa500cc00] t: 6.399979   TARGET:-23 LUFS    M: -16.2 S: -16.1     I: -15.7 LUFS       LRA:   1.6 LU  FTPK:  -9.4 dBFS  TPK:  -1.5 dBFS
[Parsed_ebur128_0 @ 0x7aa500cc00] t: 6.499979   TARGET:-23 LUFS    M: -15.0 S: -15.8     I: -15.7 LUFS       LRA:   1.9 LU  FTPK:  -6.9 dBFS  TPK:  -1.5 dBFS
[Parsed_ebur128_0 @ 0x7aa500cc00] t: 6.599979   TARGET:-23 LUFS    M: -15.6 S: -15.7     I: -15.7 LUFS       LRA:   2.0 LU  FTPK:  -7.9 dBFS  TPK:  -1.5 dBFS
[Parsed_ebur128_0 @ 0x7aa500cc00] t: 6.699979   TARGET:-23 LUFS    M: -16.5 S: -15.8     I: -15.7 LUFS       LRA:   2.2 LU  FTPK:  -5.5 dBFS  TPK:  -1.5 dBFS
[Parsed_ebur128_0 @ 0x7aa500cc00] t: 6.799979   TARGET:-23 LUFS    M: -15.0 S: -15.8     I: -15.7 LUFS       LRA:   2.2 LU  FTPK:  -4.1 dBFS  TPK:  -1.5 dBFS
[Parsed_ebur128_0 @ 0x7aa500cc00] t: 6.899979   TARGET:-23 LUFS    M: -16.6 S: -16.1     I: -15.7 LUFS       LRA:   2.2 LU  FTPK: -13.8 dBFS  TPK:  -1.5 dBFS
[Parsed_ebur128_0 @ 0x7aa500cc00] t: 6.999979   TARGET:-23 LUFS    M: -16.9 S: -16.1     I: -15.7 LUFS       LRA:   2.2 LU  FTPK:  -7.6 dBFS  TPK:  -1.5 dBFS
[Parsed_ebur128_0 @ 0x7aa500cc00] t: 7.099979   TARGET:-23 LUFS    M: -16.9 S: -16.2     I: -15.7 LUFS       LRA:   2.2 LU  FTPK:  -6.3 dBFS  TPK:  -1.5 dBFS
[Parsed_ebur128_0 @ 0x7aa500cc00] t: 7.199979   TARGET:-23 LUFS    M: -21.0 S: -16.3     I: -15.8 LUFS       LRA:   2.2 LU  FTPK:  -8.8 dBFS  TPK:  -1.5 dBFS
[Parsed_ebur128_0 @ 0x7aa500cc00] t: 7.299979   TARGET:-23 LUFS    M: -19.5 S: -16.4     I: -15.8 LUFS       LRA:   2.2 LU  FTPK:  -5.1 dBFS  TPK:  -1.5 dBFS
[Parsed_ebur128_0 @ 0x7aa500cc00] t: 7.399979   TARGET:-23 LUFS    M: -19.1 S: -16.4     I: -15.9 LUFS       LRA:   2.1 LU  FTPK:  -5.4 dBFS  TPK:  -1.5 dBFS
[Parsed_ebur128_0 @ 0x7aa500cc00] t: 7.499979   TARGET:-23 LUFS    M: -17.7 S: -16.3     I: -15.9 LUFS       LRA:   2.1 LU  FTPK:  -3.4 dBFS  TPK:  -1.5 dBFS
[Parsed_ebur128_0 @ 0x7aa500cc00] t: 7.599979   TARGET:-23 LUFS    M: -14.9 S: -16.1     I: -15.9 LUFS       LRA:   2.1 LU  FTPK:  -1.5 dBFS  TPK:  -1.5 dBFS
[Parsed_ebur128_0 @ 0x7aa500cc00] t: 7.699979   TARGET:-23 LUFS    M: -14.0 S: -16.0     I: -15.8 LUFS       LRA:   2.1 LU  FTPK:  -4.0 dBFS  TPK:  -1.5 dBFS
[Parsed_ebur128_0 @ 0x7aa500cc00] t: 7.799979   TARGET:-23 LUFS    M: -13.8 S: -16.0     I: -15.8 LUFS       LRA:   2.1 LU  FTPK:  -4.2 dBFS  TPK:  -1.5 dBFS
[Parsed_ebur128_0 @ 0x7aa500cc00] t: 7.899979   TARGET:-23 LUFS    M: -13.6 S: -16.0     I: -15.7 LUFS       LRA:   2.1 LU  FTPK:  -3.7 dBFS  TPK:  -1.5 dBFS
[Parsed_ebur128_0 @ 0x7aa500cc00] t: 7.999979   TARGET:-23 LUFS    M: -15.4 S: -16.0     I: -15.7 LUFS       LRA:   2.1 LU  FTPK: -11.3 dBFS  TPK:  -1.5 dBFS
[Parsed_ebur128_0 @ 0x7aa500cc00] t: 8.099979   TARGET:-23 LUFS    M: -16.6 S: -16.1     I: -15.8 LUFS       LRA:   2.1 LU  FTPK:  -6.7 dBFS  TPK:  -1.5 dBFS
[Parsed_ebur128_0 @ 0x7aa500cc00] t: 8.199979   TARGET:-23 LUFS    M: -17.4 S: -16.2     I: -15.8 LUFS       LRA:   2.1 LU  FTPK:  -8.8 dBFS  TPK:  -1.5 dBFS
[Parsed_ebur128_0 @ 0x7aa500cc00] t: 8.299979   TARGET:-23 LUFS    M: -19.8 S: -16.3     I: -15.8 LUFS       LRA:   2.1 LU  FTPK:  -6.1 dBFS  TPK:  -1.5 dBFS
[Parsed_ebur128_0 @ 0x7aa500cc00] t: 8.399979   TARGET:-23 LUFS    M: -18.7 S: -16.5     I: -15.8 LUFS       LRA:   2.0 LU  FTPK:  -6.1 dBFS  TPK:  -1.5 dBFS
[Parsed_ebur128_0 @ 0x7aa500cc00] t: 8.499979   TARGET:-23 LUFS    M: -18.8 S: -16.6     I: -15.9 LUFS       LRA:   2.0 LU  FTPK:  -6.1 dBFS  TPK:  -1.5 dBFS
[Parsed_ebur128_0 @ 0x7aa500cc00] t: 8.599979   TARGET:-23 LUFS    M: -15.5 S: -16.2     I: -15.9 LUFS       LRA:   2.0 LU  FTPK:  -1.5 dBFS  TPK:  -1.5 dBFS
[Parsed_ebur128_0 @ 0x7aa500cc00] t: 8.699979   TARGET:-23 LUFS    M: -15.0 S: -16.2     I: -15.9 LUFS       LRA:   2.0 LU  FTPK:  -5.9 dBFS  TPK:  -1.5 dBFS
[Parsed_ebur128_0 @ 0x7aa500cc00] t: 8.799979   TARGET:-23 LUFS    M: -15.5 S: -16.3     I: -15.9 LUFS       LRA:   2.0 LU  FTPK: -14.3 dBFS  TPK:  -1.5 dBFS
[Parsed_ebur128_0 @ 0x7aa500cc00] t: 8.899979   TARGET:-23 LUFS    M: -14.2 S: -16.0     I: -15.8 LUFS       LRA:   2.0 LU  FTPK:  -1.9 dBFS  TPK:  -1.5 dBFS
[Parsed_ebur128_0 @ 0x7aa500cc00] t: 8.999979   TARGET:-23 LUFS    M: -15.2 S: -16.0     I: -15.8 LUFS       LRA:   2.0 LU  FTPK:  -4.5 dBFS  TPK:  -1.5 dBFS
[Parsed_ebur128_0 @ 0x7aa500cc00] t: 9.099979   TARGET:-23 LUFS    M: -15.7 S: -16.0     I: -15.8 LUFS       LRA:   2.0 LU  FTPK:  -8.2 dBFS  TPK:  -1.5 dBFS
[Parsed_ebur128_0 @ 0x7aa500cc00] t: 9.199979   TARGET:-23 LUFS    M: -14.3 S: -15.9     I: -15.8 LUFS       LRA:   2.0 LU  FTPK:  -4.2 dBFS  TPK:  -1.5 dBFS
[Parsed_ebur128_0 @ 0x7aa500cc00] t: 9.299979   TARGET:-23 LUFS    M: -15.4 S: -16.0     I: -15.8 LUFS       LRA:   2.0 LU  FTPK:  -7.0 dBFS  TPK:  -1.5 dBFS
[Parsed_ebur128_0 @ 0x7aa500cc00] t: 9.399979   TARGET:-23 LUFS    M: -16.5 S: -16.0     I: -15.8 LUFS       LRA:   1.9 LU  FTPK:  -7.4 dBFS  TPK:  -1.5 dBFS
[Parsed_ebur128_0 @ 0x7aa500cc00] t: 9.499979   TARGET:-23 LUFS    M: -16.4 S: -16.2     I: -15.8 LUFS       LRA:   1.9 LU  FTPK:  -6.7 dBFS  TPK:  -1.5 dBFS
[Parsed_ebur128_0 @ 0x7aa500cc00] t: 9.599979   TARGET:-23 LUFS    M: -18.9 S: -16.3     I: -15.8 LUFS       LRA:   1.9 LU  FTPK: -12.8 dBFS  TPK:  -1.5 dBFS
[Parsed_ebur128_0 @ 0x7aa500cc00] t: 9.699979   TARGET:-23 LUFS    M: -19.2 S: -16.3     I: -15.9 LUFS       LRA:   1.9 LU  FTPK:  -3.8 dBFS  TPK:  -1.5 dBFS
[Parsed_ebur128_0 @ 0x7aa500cc00] t: 9.799979   TARGET:-23 LUFS    M: -16.9 S: -16.3     I: -15.9 LUFS       LRA:   1.9 LU  FTPK:  -2.5 dBFS  TPK:  -1.5 dBFS
[Parsed_ebur128_0 @ 0x7aa500cc00] t: 9.899979   TARGET:-23 LUFS    M: -16.9 S: -16.2     I: -15.9 LUFS       LRA:   1.9 LU  FTPK:  -6.4 dBFS  TPK:  -1.5 dBFS
[Parsed_ebur128_0 @ 0x7aa500cc00] t: 9.999979   TARGET:-23 LUFS    M: -16.8 S: -16.3     I: -15.9 LUFS       LRA:   1.8 LU  FTPK:  -7.5 dBFS  TPK:  -1.5 dBFS
[Parsed_ebur128_0 @ 0x7aa500cc00] t: 10.099979  TARGET:-23 LUFS    M: -16.3 S: -16.2     I: -15.9 LUFS       LRA:   1.8 LU  FTPK:  -5.4 dBFS  TPK:  -1.5 dBFS
[Parsed_ebur128_0 @ 0x7aa500cc00] t: 10.199979  TARGET:-23 LUFS    M: -18.2 S: -16.1     I: -15.9 LUFS       LRA:   1.8 LU  FTPK:  -5.4 dBFS  TPK:  -1.5 dBFS
[Parsed_ebur128_0 @ 0x7aa500cc00] t: 10.299979  TARGET:-23 LUFS    M: -17.7 S: -16.1     I: -15.9 LUFS       LRA:   1.8 LU  FTPK:  -6.0 dBFS  TPK:  -1.5 dBFS
[Parsed_ebur128_0 @ 0x7aa500cc00] t: 10.399979  TARGET:-23 LUFS    M: -15.9 S: -15.9     I: -15.9 LUFS       LRA:   1.8 LU  FTPK:  -2.6 dBFS  TPK:  -1.5 dBFS
[Parsed_ebur128_0 @ 0x7aa500cc00] t: 10.499979  TARGET:-23 LUFS    M: -15.9 S: -16.0     I: -15.9 LUFS       LRA:   1.8 LU  FTPK:  -1.7 dBFS  TPK:  -1.5 dBFS
[Parsed_ebur128_0 @ 0x7aa500cc00] t: 10.599979  TARGET:-23 LUFS    M: -15.5 S: -16.2     I: -15.9 LUFS       LRA:   1.8 LU  FTPK:  -1.5 dBFS  TPK:  -1.5 dBFS
[Parsed_ebur128_0 @ 0x7aa500cc00] t: 10.699979  TARGET:-23 LUFS    M: -14.9 S: -16.3     I: -15.9 LUFS       LRA:   1.8 LU  FTPK:  -4.7 dBFS  TPK:  -1.5 dBFS
[Parsed_ebur128_0 @ 0x7aa500cc00] t: 10.799979  TARGET:-23 LUFS    M: -16.0 S: -16.3     I: -15.9 LUFS       LRA:   1.8 LU  FTPK:  -9.5 dBFS  TPK:  -1.5 dBFS
[Parsed_ebur128_0 @ 0x7aa500cc00] t: 10.899979  TARGET:-23 LUFS    M: -17.2 S: -16.6     I: -15.9 LUFS       LRA:   1.8 LU  FTPK: -11.3 dBFS  TPK:  -1.5 dBFS
[Parsed_ebur128_0 @ 0x7aa500cc00] t: 10.999979  TARGET:-23 LUFS    M: -17.8 S: -16.5     I: -15.9 LUFS       LRA:   1.8 LU  FTPK:  -2.8 dBFS  TPK:  -1.5 dBFS
[Parsed_ebur128_0 @ 0x7aa500cc00] t: 11.099979  TARGET:-23 LUFS    M: -17.1 S: -16.3     I: -16.0 LUFS       LRA:   1.8 LU  FTPK:  -3.4 dBFS  TPK:  -1.5 dBFS
[Parsed_ebur128_0 @ 0x7aa500cc00] t: 11.199979  TARGET:-23 LUFS    M: -15.9 S: -16.2     I: -16.0 LUFS       LRA:   1.8 LU  FTPK:  -4.6 dBFS  TPK:  -1.5 dBFS
[Parsed_ebur128_0 @ 0x7aa500cc00] t: 11.299979  TARGET:-23 LUFS    M: -16.0 S: -16.2     I: -16.0 LUFS       LRA:   1.8 LU  FTPK:  -7.5 dBFS  TPK:  -1.5 dBFS
[Parsed_ebur128_0 @ 0x7aa500cc00] t: 11.399979  TARGET:-23 LUFS    M: -16.6 S: -16.3     I: -16.0 LUFS       LRA:   1.6 LU  FTPK: -10.1 dBFS  TPK:  -1.5 dBFS
[Parsed_ebur128_0 @ 0x7aa500cc00] t: 11.499979  TARGET:-23 LUFS    M: -19.8 S: -16.4     I: -16.0 LUFS       LRA:   1.6 LU  FTPK: -17.7 dBFS  TPK:  -1.5 dBFS
[Parsed_ebur128_0 @ 0x7aa500cc00] t: 11.599979  TARGET:-23 LUFS    M: -27.8 S: -16.9     I: -16.0 LUFS       LRA:   1.6 LU  FTPK: -59.2 dBFS  TPK:  -1.5 dBFS
[Parsed_ebur128_0 @ 0x7aa500cc00] t: 11.699979  TARGET:-23 LUFS    M: -30.1 S: -17.0     I: -16.0 LUFS       LRA:   1.6 LU  FTPK: -70.8 dBFS  TPK:  -1.5 dBFS
[Parsed_ebur128_0 @ 0x7aa500cc00] t: 11.799979  TARGET:-23 LUFS    M: -40.7 S: -17.0     I: -16.0 LUFS       LRA:   1.6 LU  FTPK:  -inf dBFS  TPK:  -1.5 dBFS
[Parsed_ebur128_0 @ 0x7aa500cc00] t: 11.899979  TARGET:-23 LUFS    M: -81.6 S: -17.4     I: -16.0 LUFS       LRA:   1.6 LU  FTPK:  -inf dBFS  TPK:  -1.5 dBFS
[Parsed_silencedetect_1 @ 0x7aa500ccc0] silence_start: 11.467688
[Parsed_ebur128_0 @ 0x7aa500cc00] t: 11.999979  TARGET:-23 LUFS    M:-103.3 S: -17.8     I: -16.0 LUFS       LRA:   1.7 LU  FTPK:  -inf dBFS  TPK:  -1.5 dBFS
[Parsed_ebur128_0 @ 0x7aa500cc00] t: 12.099979  TARGET:-23 LUFS    M:   nan S: -17.9     I: -16.0 LUFS       LRA:   1.8 LU  FTPK:  -inf dBFS  TPK:  -1.5 dBFS
[Parsed_ebur128_0 @ 0x7aa500cc00] t: 12.199979  TARGET:-23 LUFS    M:   nan S: -18.3     I: -16.0 LUFS       LRA:   1.9 LU  FTPK:  -inf dBFS  TPK:  -1.5 dBFS
[Parsed_ebur128_0 @ 0x7aa500cc00] t: 12.299979  TARGET:-23 LUFS    M:   nan S: -18.5     I: -16.0 LUFS       LRA:   1.9 LU  FTPK: -167.7 dBFS  TPK:  -1.5 dBFS
[Parsed_ebur128_0 @ 0x7aa500cc00] t: 12.399979  TARGET:-23 LUFS    M: -85.1 S: -18.7     I: -16.0 LUFS       LRA:   1.9 LU  FTPK: -63.0 dBFS  TPK:  -1.5 dBFS
[Parsed_ebur128_0 @ 0x7aa500cc00] t: 12.499979  TARGET:-23 LUFS    M: -33.3 S: -18.8     I: -16.0 LUFS       LRA:   2.0 LU  FTPK: -11.9 dBFS  TPK:  -1.5 dBFS
[Parsed_silencedetect_1 @ 0x7aa500ccc0] silence_end: 12.436042 | silence_duration: 0.968354
[Parsed_ebur128_0 @ 0x7aa500cc00] t: 12.599979  TARGET:-23 LUFS    M: -18.2 S: -18.2     I: -16.0 LUFS       LRA:   2.0 LU  FTPK:  -1.5 dBFS  TPK:  -1.5 dBFS
[Parsed_ebur128_0 @ 0x7aa500cc00] t: 12.699979  TARGET:-23 LUFS    M: -16.4 S: -18.1     I: -16.0 LUFS       LRA:   2.1 LU  FTPK:  -6.6 dBFS  TPK:  -1.5 dBFS
[Parsed_ebur128_0 @ 0x7aa500cc00] t: 12.799979  TARGET:-23 LUFS    M: -16.2 S: -18.5     I: -16.0 LUFS       LRA:   2.1 LU  FTPK:  -5.5 dBFS  TPK:  -1.5 dBFS
[Parsed_ebur128_0 @ 0x7aa500cc00] t: 12.899979  TARGET:-23 LUFS    M: -14.3 S: -18.1     I: -16.0 LUFS       LRA:   2.1 LU  FTPK:  -2.6 dBFS  TPK:  -1.5 dBFS
[Parsed_ebur128_0 @ 0x7aa500cc00] t: 12.999979  TARGET:-23 LUFS    M: -14.6 S: -17.7     I: -16.0 LUFS       LRA:   2.1 LU  FTPK:  -3.3 dBFS  TPK:  -1.5 dBFS
[Parsed_ebur128_0 @ 0x7aa500cc00] t: 13.099979  TARGET:-23 LUFS    M: -15.1 S: -17.8     I: -16.0 LUFS       LRA:   2.1 LU  FTPK:  -3.8 dBFS  TPK:  -1.5 dBFS
[Parsed_ebur128_0 @ 0x7aa500cc00] t: 13.199979  TARGET:-23 LUFS    M: -14.6 S: -17.8     I: -15.9 LUFS       LRA:   2.1 LU  FTPK:  -2.6 dBFS  TPK:  -1.5 dBFS
[Parsed_ebur128_0 @ 0x7aa500cc00] t: 13.299979  TARGET:-23 LUFS    M: -15.8 S: -17.7     I: -15.9 LUFS       LRA:   2.1 LU  FTPK:  -5.5 dBFS  TPK:  -1.5 dBFS
[Parsed_ebur128_0 @ 0x7aa500cc00] t: 13.399979  TARGET:-23 LUFS    M: -17.1 S: -17.9     I: -16.0 LUFS       LRA:   2.1 LU  FTPK:  -2.9 dBFS  TPK:  -1.5 dBFS
[Parsed_ebur128_0 @ 0x7aa500cc00] t: 13.499979  TARGET:-23 LUFS    M: -15.0 S: -17.6     I: -15.9 LUFS       LRA:   2.1 LU  FTPK:  -2.2 dBFS  TPK:  -1.5 dBFS
[Parsed_ebur128_0 @ 0x7aa500cc00] t: 13.599979  TARGET:-23 LUFS    M: -14.5 S: -17.5     I: -15.9 LUFS       LRA:   2.1 LU  FTPK:  -3.8 dBFS  TPK:  -1.5 dBFS
[Parsed_ebur128_0 @ 0x7aa500cc00] t: 13.699979  TARGET:-23 LUFS    M: -14.8 S: -17.7     I: -15.9 LUFS       LRA:   2.1 LU  FTPK:  -4.3 dBFS  TPK:  -1.5 dBFS
[Parsed_ebur128_0 @ 0x7aa500cc00] t: 13.799979  TARGET:-23 LUFS    M: -13.8 S: -17.4     I: -15.9 LUFS       LRA:   2.1 LU  FTPK:  -1.5 dBFS  TPK:  -1.5 dBFS
[Parsed_ebur128_0 @ 0x7aa500cc00] t: 13.899979  TARGET:-23 LUFS    M: -15.1 S: -17.2     I: -15.9 LUFS       LRA:   2.1 LU  FTPK:  -7.0 dBFS  TPK:  -1.5 dBFS
[Parsed_ebur128_0 @ 0x7aa500cc00] t: 13.999979  TARGET:-23 LUFS    M: -16.1 S: -17.3     I: -15.9 LUFS       LRA:   2.1 LU  FTPK:  -9.2 dBFS  TPK:  -1.5 dBFS
[Parsed_ebur128_0 @ 0x7aa500cc00] t: 14.099979  TARGET:-23 LUFS    M: -16.4 S: -17.6     I: -15.9 LUFS       LRA:   2.1 LU  FTPK:  -8.9 dBFS  TPK:  -1.5 dBFS
[Parsed_ebur128_0 @ 0x7aa500cc00] t: 14.199979  TARGET:-23 LUFS    M: -19.9 S: -17.9     I: -15.9 LUFS       LRA:   2.1 LU  FTPK: -14.1 dBFS  TPK:  -1.5 dBFS
[Parsed_ebur128_0 @ 0x7aa500cc00] t: 14.299979  TARGET:-23 LUFS    M: -21.6 S: -17.8     I: -15.9 LUFS       LRA:   2.1 LU  FTPK:  -7.0 dBFS  TPK:  -1.5 dBFS
[Parsed_ebur128_0 @ 0x7aa500cc00] t: 14.399979  TARGET:-23 LUFS    M: -20.6 S: -17.7     I: -16.0 LUFS       LRA:   2.1 LU  FTPK:  -8.2 dBFS  TPK:  -1.5 dBFS
[Parsed_ebur128_0 @ 0x7aa500cc00] t: 14.499979  TARGET:-23 LUFS    M: -19.4 S: -17.6     I: -16.0 LUFS       LRA:   2.1 LU  FTPK:  -6.2 dBFS  TPK:  -1.5 dBFS
[Parsed_ebur128_0 @ 0x7aa500cc00] t: 14.599979  TARGET:-23 LUFS    M: -17.6 S: -17.4     I: -16.0 LUFS       LRA:   2.1 LU  FTPK:  -3.4 dBFS  TPK:  -1.5 dBFS
[Parsed_ebur128_0 @ 0x7aa500cc00] t: 14.699979  TARGET:-23 LUFS    M: -15.8 S: -17.0     I: -16.0 LUFS       LRA:   2.1 LU  FTPK:  -3.7 dBFS  TPK:  -1.5 dBFS
[Parsed_ebur128_0 @ 0x7aa500cc00] t: 14.799979  TARGET:-23 LUFS    M: -14.0 S: -16.5     I: -16.0 LUFS       LRA:   2.1 LU  FTPK:  -1.7 dBFS  TPK:  -1.5 dBFS
[Parsed_ebur128_0 @ 0x7aa500cc00] t: 14.899979  TARGET:-23 LUFS    M: -14.4 S: -16.5     I: -16.0 LUFS       LRA:   2.1 LU  FTPK: -10.6 dBFS  TPK:  -1.5 dBFS
[Parsed_ebur128_0 @ 0x7aa500cc00] t: 14.999979  TARGET:-23 LUFS    M: -14.8 S: -16.4     I: -16.0 LUFS       LRA:   2.1 LU  FTPK:  -7.4 dBFS  TPK:  -1.5 dBFS
[Parsed_ebur128_0 @ 0x7aa500cc00] t: 15.099979  TARGET:-23 LUFS    M: -15.9 S: -16.3     I: -16.0 LUFS       LRA:   2.1 LU  FTPK:  -7.8 dBFS  TPK:  -1.5 dBFS
[Parsed_ebur128_0 @ 0x7aa500cc00] t: 15.199979  TARGET:-23 LUFS    M: -16.7 S: -16.0     I: -16.0 LUFS       LRA:   2.1 LU  FTPK:  -1.5 dBFS  TPK:  -1.5 dBFS
[Parsed_ebur128_0 @ 0x7aa500cc00] t: 15.299979  TARGET:-23 LUFS    M: -15.6 S: -15.8     I: -16.0 LUFS       LRA:   2.1 LU  FTPK:  -5.6 dBFS  TPK:  -1.5 dBFS
[Parsed_ebur128_0 @ 0x7aa500cc00] t: 15.399979  TARGET:-23 LUFS    M: -16.1 S: -15.8     I: -16.0 LUFS       LRA:   2.0 LU  FTPK: -11.2 dBFS  TPK:  -1.5 dBFS
[Parsed_ebur128_0 @ 0x7aa500cc00] t: 15.499979  TARGET:-23 LUFS    M: -15.9 S: -15.7     I: -16.0 LUFS       LRA:   2.1 LU  FTPK:  -4.7 dBFS  TPK:  -1.5 dBFS
[Parsed_ebur128_0 @ 0x7aa500cc00] t: 15.599979  TARGET:-23 LUFS    M: -16.6 S: -15.8     I: -16.0 LUFS       LRA:   2.1 LU  FTPK:  -4.5 dBFS  TPK:  -1.5 dBFS
[Parsed_ebur128_0 @ 0x7aa500cc00] t: 15.699979  TARGET:-23 LUFS    M: -17.3 S: -15.9     I: -16.0 LUFS       LRA:   2.1 LU  FTPK:  -7.1 dBFS  TPK:  -1.5 dBFS
[Parsed_ebur128_0 @ 0x7aa500cc00] t: 15.799979  TARGET:-23 LUFS    M: -16.9 S: -15.9     I: -16.0 LUFS       LRA:   2.1 LU  FTPK:  -8.5 dBFS  TPK:  -1.5 dBFS
[Parsed_ebur128_0 @ 0x7aa500cc00] t: 15.899979  TARGET:-23 LUFS    M: -17.3 S: -16.1     I: -16.0 LUFS       LRA:   2.1 LU  FTPK:  -5.6 dBFS  TPK:  -1.5 dBFS
[Parsed_ebur128_0 @ 0x7aa500cc00] t: 15.999979  TARGET:-23 LUFS    M: -18.3 S: -16.3     I: -16.0 LUFS       LRA:   2.1 LU  FTPK:  -5.6 dBFS  TPK:  -1.5 dBFS
[Parsed_ebur128_0 @ 0x7aa500cc00] t: 16.099979  TARGET:-23 LUFS    M: -16.9 S: -16.2     I: -16.0 LUFS       LRA:   2.1 LU  FTPK:  -5.8 dBFS  TPK:  -1.5 dBFS
[Parsed_ebur128_0 @ 0x7aa500cc00] t: 16.199979  TARGET:-23 LUFS    M: -16.4 S: -16.2     I: -16.0 LUFS       LRA:   2.1 LU  FTPK:  -4.9 dBFS  TPK:  -1.5 dBFS
[Parsed_ebur128_0 @ 0x7aa500cc00] t: 16.299979  TARGET:-23 LUFS    M: -17.0 S: -16.3     I: -16.0 LUFS       LRA:   2.1 LU  FTPK: -11.7 dBFS  TPK:  -1.5 dBFS
[Parsed_ebur128_0 @ 0x7aa500cc00] t: 16.399979  TARGET:-23 LUFS    M: -17.9 S: -16.4     I: -16.0 LUFS       LRA:   2.0 LU  FTPK: -11.0 dBFS  TPK:  -1.5 dBFS
[Parsed_ebur128_0 @ 0x7aa500cc00] t: 16.499979  TARGET:-23 LUFS    M: -20.5 S: -16.8     I: -16.0 LUFS       LRA:   2.0 LU  FTPK:  -9.7 dBFS  TPK:  -1.5 dBFS
[Parsed_ebur128_0 @ 0x7aa500cc00] t: 16.599979  TARGET:-23 LUFS    M: -23.6 S: -17.0     I: -16.1 LUFS       LRA:   2.0 LU  FTPK: -11.6 dBFS  TPK:  -1.5 dBFS
[Parsed_ebur128_0 @ 0x7aa500cc00] t: 16.699979  TARGET:-23 LUFS    M: -23.4 S: -17.1     I: -16.1 LUFS       LRA:   2.0 LU  FTPK: -10.9 dBFS  TPK:  -1.5 dBFS
[Parsed_ebur128_0 @ 0x7aa500cc00] t: 16.799979  TARGET:-23 LUFS    M: -25.3 S: -17.5     I: -16.1 LUFS       LRA:   2.0 LU  FTPK: -24.3 dBFS  TPK:  -1.5 dBFS
[Parsed_ebur128_0 @ 0x7aa500cc00] t: 16.899979  TARGET:-23 LUFS    M: -28.2 S: -17.7     I: -16.1 LUFS       LRA:   2.0 LU  FTPK: -59.2 dBFS  TPK:  -1.5 dBFS
[Parsed_ebur128_0 @ 0x7aa500cc00] t: 16.999979  TARGET:-23 LUFS    M: -31.5 S: -17.8     I: -16.1 LUFS       LRA:   2.0 LU  FTPK: -62.4 dBFS  TPK:  -1.5 dBFS
[Parsed_ebur128_0 @ 0x7aa500cc00] t: 17.099979  TARGET:-23 LUFS    M: -43.0 S: -17.8     I: -16.1 LUFS       LRA:   2.0 LU  FTPK: -52.8 dBFS  TPK:  -1.5 dBFS
[Parsed_ebur128_0 @ 0x7aa500cc00] t: 17.199979  TARGET:-23 LUFS    M: -75.9 S: -17.8     I: -16.1 LUFS       LRA:   2.0 LU  FTPK: -69.3 dBFS  TPK:  -1.5 dBFS
[Parsed_silencedetect_1 @ 0x7aa500ccc0] silence_start: 16.752688
[Parsed_ebur128_0 @ 0x7aa500cc00] t: 17.299979  TARGET:-23 LUFS    M: -77.7 S: -17.9     I: -16.1 LUFS       LRA:   2.1 LU  FTPK: -67.8 dBFS  TPK:  -1.5 dBFS
[Parsed_ebur128_0 @ 0x7aa500cc00] t: 17.399979  TARGET:-23 LUFS    M: -78.2 S: -18.1     I: -16.1 LUFS       LRA:   2.1 LU  FTPK: -67.5 dBFS  TPK:  -1.5 dBFS
[Parsed_ebur128_0 @ 0x7aa500cc00] t: 17.499979  TARGET:-23 LUFS    M: -84.9 S: -18.2     I: -16.1 LUFS       LRA:   2.1 LU  FTPK: -67.7 dBFS  TPK:  -1.5 dBFS
[Parsed_ebur128_0 @ 0x7aa500cc00] t: 17.599979  TARGET:-23 LUFS    M: -84.8 S: -18.5     I: -16.1 LUFS       LRA:   2.2 LU  FTPK: -68.3 dBFS  TPK:  -1.5 dBFS
[Parsed_ebur128_0 @ 0x7aa500cc00] t: 17.699979  TARGET:-23 LUFS    M: -80.2 S: -19.0     I: -16.1 LUFS       LRA:   2.2 LU  FTPK: -57.6 dBFS  TPK:  -1.5 dBFS
[Parsed_ebur128_0 @ 0x7aa500cc00] t: 17.799979  TARGET:-23 LUFS    M: -28.3 S: -19.8     I: -16.1 LUFS       LRA:   2.2 LU  FTPK:  -7.8 dBFS  TPK:  -1.5 dBFS
[Parsed_silencedetect_1 @ 0x7aa500ccc0] silence_end: 17.752208 | silence_duration: 0.999521
[Parsed_ebur128_0 @ 0x7aa500cc00] t: 17.899979  TARGET:-23 LUFS    M: -18.9 S: -19.2     I: -16.2 LUFS       LRA:   2.2 LU  FTPK:  -1.5 dBFS  TPK:  -1.5 dBFS
[Parsed_ebur128_0 @ 0x7aa500cc00] t: 17.999979  TARGET:-23 LUFS    M: -17.4 S: -19.2     I: -16.2 LUFS       LRA:   2.2 LU  FTPK:  -2.9 dBFS  TPK:  -1.5 dBFS
[Parsed_ebur128_0 @ 0x7aa500cc00] t: 18.099979  TARGET:-23 LUFS    M: -15.3 S: -18.8     I: -16.2 LUFS       LRA:   2.3 LU  FTPK:  -1.5 dBFS  TPK:  -1.5 dBFS
[Parsed_ebur128_0 @ 0x7aa500cc00] t: 18.199979  TARGET:-23 LUFS    M: -13.8 S: -18.8     I: -16.1 LUFS       LRA:   2.3 LU  FTPK:  -1.7 dBFS  TPK:  -1.5 dBFS
[Parsed_ebur128_0 @ 0x7aa500cc00] t: 18.299979  TARGET:-23 LUFS    M: -15.1 S: -19.1     I: -16.1 LUFS       LRA:   2.3 LU  FTPK:  -6.5 dBFS  TPK:  -1.5 dBFS
[Parsed_ebur128_0 @ 0x7aa500cc00] t: 18.399979  TARGET:-23 LUFS    M: -14.9 S: -18.8     I: -16.1 LUFS       LRA:   2.3 LU  FTPK:  -1.6 dBFS  TPK:  -1.5 dBFS
[Parsed_ebur128_0 @ 0x7aa500cc00] t: 18.499979  TARGET:-23 LUFS    M: -15.0 S: -18.6     I: -16.1 LUFS       LRA:   2.4 LU  FTPK:  -1.9 dBFS  TPK:  -1.5 dBFS
[Parsed_ebur128_0 @ 0x7aa500cc00] t: 18.599979  TARGET:-23 LUFS    M: -16.5 S: -18.8     I: -16.1 LUFS       LRA:   2.4 LU  FTPK:  -6.4 dBFS  TPK:  -1.5 dBFS
[Parsed_ebur128_0 @ 0x7aa500cc00] t: 18.699979  TARGET:-23 LUFS    M: -15.9 S: -18.7     I: -16.1 LUFS       LRA:   2.6 LU  FTPK:  -8.8 dBFS  TPK:  -1.5 dBFS
[Parsed_ebur128_0 @ 0x7aa500cc00] t: 18.799979  TARGET:-23 LUFS    M: -15.7 S: -18.5     I: -16.1 LUFS       LRA:   2.6 LU  FTPK:  -1.5 dBFS  TPK:  -1.5 dBFS
[Parsed_ebur128_0 @ 0x7aa500cc00] t: 18.899979  TARGET:-23 LUFS    M: -16.2 S: -18.3     I: -16.1 LUFS       LRA:   2.6 LU  FTPK:  -2.2 dBFS  TPK:  -1.5 dBFS
[Parsed_ebur128_0 @ 0x7aa500cc00] t: 18.999979  TARGET:-23 LUFS    M: -16.1 S: -18.4     I: -16.1 LUFS       LRA:   2.6 LU  FTPK:  -3.8 dBFS  TPK:  -1.5 dBFS
[Parsed_ebur128_0 @ 0x7aa500cc00] t: 19.099979  TARGET:-23 LUFS    M: -16.4 S: -18.6     I: -16.1 LUFS       LRA:   2.6 LU  FTPK:  -6.9 dBFS  TPK:  -1.5 dBFS
[Parsed_ebur128_0 @ 0x7aa500cc00] t: 19.199979  TARGET:-23 LUFS    M: -18.0 S: -18.8     I: -16.1 LUFS       LRA:   2.6 LU  FTPK:  -8.3 dBFS  TPK:  -1.5 dBFS
[Parsed_ebur128_0 @ 0x7aa500cc00] t: 19.299979  TARGET:-23 LUFS    M: -19.0 S: -18.6     I: -16.1 LUFS       LRA:   2.7 LU  FTPK:  -7.2 dBFS  TPK:  -1.5 dBFS
[Parsed_ebur128_0 @ 0x7aa500cc00] t: 19.399979  TARGET:-23 LUFS    M: -20.4 S: -18.7     I: -16.2 LUFS       LRA:   2.7 LU  FTPK:  -8.6 dBFS  TPK:  -1.5 dBFS
[Parsed_ebur128_0 @ 0x7aa500cc00] t: 19.499979  TARGET:-23 LUFS    M: -19.1 S: -18.5     I: -16.2 LUFS       LRA:   2.7 LU  FTPK:  -8.0 dBFS  TPK:  -1.5 dBFS
[Parsed_ebur128_0 @ 0x7aa500cc00] t: 19.599979  TARGET:-23 LUFS    M: -18.4 S: -18.4     I: -16.2 LUFS       LRA:   2.7 LU  FTPK:  -4.6 dBFS  TPK:  -1.5 dBFS
[Parsed_ebur128_0 @ 0x7aa500cc00] t: 19.699979  TARGET:-23 LUFS    M: -15.3 S: -17.7     I: -16.2 LUFS       LRA:   2.7 LU  FTPK:  -1.5 dBFS  TPK:  -1.5 dBFS
[Parsed_ebur128_0 @ 0x7aa500cc00] t: 19.799979  TARGET:-23 LUFS    M: -14.9 S: -17.6     I: -16.2 LUFS       LRA:   2.7 LU  FTPK:  -6.1 dBFS  TPK:  -1.5 dBFS
[Parsed_ebur128_0 @ 0x7aa500cc00] t: 19.899979  TARGET:-23 LUFS    M: -14.9 S: -17.4     I: -16.2 LUFS       LRA:   2.7 LU  FTPK:  -7.8 dBFS  TPK:  -1.5 dBFS
[Parsed_ebur128_0 @ 0x7aa500cc00] t: 19.999979  TARGET:-23 LUFS    M: -13.9 S: -17.0     I: -16.1 LUFS       LRA:   2.6 LU  FTPK:  -2.4 dBFS  TPK:  -1.5 dBFS
[Parsed_ebur128_0 @ 0x7aa500cc00] t: 20.099979  TARGET:-23 LUFS    M: -15.6 S: -16.9     I: -16.1 LUFS       LRA:   2.6 LU  FTPK:  -4.8 dBFS  TPK:  -1.5 dBFS
[Parsed_ebur128_0 @ 0x7aa500cc00] t: 20.199979  TARGET:-23 LUFS    M: -16.3 S: -16.8     I: -16.1 LUFS       LRA:   2.6 LU  FTPK: -21.4 dBFS  TPK:  -1.5 dBFS
[Parsed_ebur128_0 @ 0x7aa500cc00] t: 20.299979  TARGET:-23 LUFS    M: -15.7 S: -16.6     I: -16.1 LUFS       LRA:   2.6 LU  FTPK:  -1.5 dBFS  TPK:  -1.5 dBFS
[Parsed_ebur128_0 @ 0x7aa500cc00] t: 20.399979  TARGET:-23 LUFS    M: -15.3 S: -16.3     I: -16.1 LUFS       LRA:   2.6 LU  FTPK:  -3.2 dBFS  TPK:  -1.5 dBFS
[Parsed_ebur128_0 @ 0x7aa500cc00] t: 20.499979  TARGET:-23 LUFS    M: -16.3 S: -16.2     I: -16.1 LUFS       LRA:   2.6 LU  FTPK: -13.2 dBFS  TPK:  -1.5 dBFS
[Parsed_ebur128_0 @ 0x7aa500cc00] t: 20.599979  TARGET:-23 LUFS    M: -16.1 S: -16.2     I: -16.1 LUFS       LRA:   2.6 LU  FTPK: -10.4 dBFS  TPK:  -1.5 dBFS
[Parsed_ebur128_0 @ 0x7aa500cc00] t: 20.699979  TARGET:-23 LUFS    M: -17.7 S: -16.2     I: -16.1 LUFS       LRA:   2.6 LU  FTPK:  -9.3 dBFS  TPK:  -1.5 dBFS
[Parsed_ebur128_0 @ 0x7aa500cc00] t: 20.799979  TARGET:-23 LUFS    M: -24.7 S: -16.2     I: -16.2 LUFS       LRA:   2.6 LU  FTPK: -13.0 dBFS  TPK:  -1.5 dBFS
[Parsed_ebur128_0 @ 0x7aa500cc00] t: 20.899979  TARGET:-23 LUFS    M: -25.6 S: -16.5     I: -16.2 LUFS       LRA:   2.6 LU  FTPK: -47.0 dBFS  TPK:  -1.5 dBFS
[Parsed_ebur128_0 @ 0x7aa500cc00] t: 20.999979  TARGET:-23 LUFS    M: -30.0 S: -16.6     I: -16.2 LUFS       LRA:   2.6 LU  FTPK: -44.2 dBFS  TPK:  -1.5 dBFS
[Parsed_ebur128_0 @ 0x7aa500cc00] t: 21.099979  TARGET:-23 LUFS    M: -21.5 S: -16.8     I: -16.2 LUFS       LRA:   2.6 LU  FTPK:  -5.5 dBFS  TPK:  -1.5 dBFS
[Parsed_ebur128_0 @ 0x7aa500cc00] t: 21.199979  TARGET:-23 LUFS    M: -19.7 S: -17.0     I: -16.2 LUFS       LRA:   2.6 LU  FTPK:  -4.1 dBFS  TPK:  -1.5 dBFS
[Parsed_ebur128_0 @ 0x7aa500cc00] t: 21.299979  TARGET:-23 LUFS    M: -15.0 S: -16.5     I: -16.2 LUFS       LRA:   2.6 LU  FTPK:  -1.5 dBFS  TPK:  -1.5 dBFS
[Parsed_ebur128_0 @ 0x7aa500cc00] t: 21.399979  TARGET:-23 LUFS    M: -13.7 S: -16.4     I: -16.2 LUFS       LRA:   2.6 LU  FTPK:  -3.8 dBFS  TPK:  -1.5 dBFS
[Parsed_ebur128_0 @ 0x7aa500cc00] t: 21.499979  TARGET:-23 LUFS    M: -13.3 S: -16.4     I: -16.2 LUFS       LRA:   2.6 LU  FTPK:  -4.4 dBFS  TPK:  -1.5 dBFS
[Parsed_ebur128_0 @ 0x7aa500cc00] t: 21.599979  TARGET:-23 LUFS    M: -13.1 S: -16.3     I: -16.1 LUFS       LRA:   2.6 LU  FTPK:  -5.2 dBFS  TPK:  -1.5 dBFS
[Parsed_ebur128_0 @ 0x7aa500cc00] t: 21.699979  TARGET:-23 LUFS    M: -14.0 S: -16.1     I: -16.1 LUFS       LRA:   2.6 LU  FTPK:  -2.5 dBFS  TPK:  -1.5 dBFS
[Parsed_ebur128_0 @ 0x7aa500cc00] t: 21.799979  TARGET:-23 LUFS    M: -13.9 S: -16.0     I: -16.1 LUFS       LRA:   2.6 LU  FTPK:  -2.8 dBFS  TPK:  -1.5 dBFS
[Parsed_ebur128_0 @ 0x7aa500cc00] t: 21.899979  TARGET:-23 LUFS    M: -14.2 S: -16.0     I: -16.1 LUFS       LRA:   2.6 LU  FTPK:  -2.8 dBFS  TPK:  -1.5 dBFS
[Parsed_ebur128_0 @ 0x7aa500cc00] t: 21.999979  TARGET:-23 LUFS    M: -14.8 S: -16.1     I: -16.1 LUFS       LRA:   2.6 LU  FTPK:  -9.2 dBFS  TPK:  -1.5 dBFS
[Parsed_ebur128_0 @ 0x7aa500cc00] t: 22.099979  TARGET:-23 LUFS    M: -14.9 S: -15.9     I: -16.1 LUFS       LRA:   2.6 LU  FTPK:  -4.4 dBFS  TPK:  -1.5 dBFS
[Parsed_ebur128_0 @ 0x7aa500cc00] t: 22.199979  TARGET:-23 LUFS    M: -16.6 S: -15.9     I: -16.1 LUFS       LRA:   2.6 LU  FTPK:  -7.8 dBFS  TPK:  -1.5 dBFS
[Parsed_ebur128_0 @ 0x7aa500cc00] t: 22.299979  TARGET:-23 LUFS    M: -15.9 S: -15.7     I: -16.1 LUFS       LRA:   2.6 LU  FTPK:  -2.6 dBFS  TPK:  -1.5 dBFS
[Parsed_ebur128_0 @ 0x7aa500cc00] t: 22.399979  TARGET:-23 LUFS    M: -15.0 S: -15.6     I: -16.1 LUFS       LRA:   2.6 LU  FTPK:  -3.5 dBFS  TPK:  -1.5 dBFS
[Parsed_ebur128_0 @ 0x7aa500cc00] t: 22.499979  TARGET:-23 LUFS    M: -15.9 S: -15.6     I: -16.1 LUFS       LRA:   2.6 LU  FTPK:  -5.3 dBFS  TPK:  -1.5 dBFS
[Parsed_ebur128_0 @ 0x7aa500cc00] t: 22.599979  TARGET:-23 LUFS    M: -15.7 S: -15.6     I: -16.0 LUFS       LRA:   2.6 LU  FTPK:  -8.0 dBFS  TPK:  -1.5 dBFS
[Parsed_ebur128_0 @ 0x7aa500cc00] t: 22.699979  TARGET:-23 LUFS    M: -17.4 S: -16.0     I: -16.1 LUFS       LRA:   2.6 LU  FTPK:  -7.9 dBFS  TPK:  -1.5 dBFS
[Parsed_ebur128_0 @ 0x7aa500cc00] t: 22.799979  TARGET:-23 LUFS    M: -17.8 S: -15.9     I: -16.1 LUFS       LRA:   2.6 LU  FTPK:  -5.1 dBFS  TPK:  -1.5 dBFS
[Parsed_ebur128_0 @ 0x7aa500cc00] t: 22.899979  TARGET:-23 LUFS    M: -18.0 S: -16.0     I: -16.1 LUFS       LRA:   2.6 LU  FTPK:  -4.4 dBFS  TPK:  -1.5 dBFS
[Parsed_ebur128_0 @ 0x7aa500cc00] t: 22.999979  TARGET:-23 LUFS    M: -15.3 S: -15.9     I: -16.1 LUFS       LRA:   2.6 LU  FTPK:  -2.9 dBFS  TPK:  -1.5 dBFS
[Parsed_ebur128_0 @ 0x7aa500cc00] t: 23.099979  TARGET:-23 LUFS    M: -15.1 S: -15.9     I: -16.1 LUFS       LRA:   2.6 LU  FTPK:  -6.0 dBFS  TPK:  -1.5 dBFS
[Parsed_ebur128_0 @ 0x7aa500cc00] t: 23.199979  TARGET:-23 LUFS    M: -15.9 S: -15.9     I: -16.1 LUFS       LRA:   2.6 LU  FTPK: -10.6 dBFS  TPK:  -1.5 dBFS
[Parsed_ebur128_0 @ 0x7aa500cc00] t: 23.299979  TARGET:-23 LUFS    M: -16.5 S: -16.1     I: -16.1 LUFS       LRA:   2.6 LU  FTPK: -11.2 dBFS  TPK:  -1.5 dBFS
[Parsed_ebur128_0 @ 0x7aa500cc00] t: 23.399979  TARGET:-23 LUFS    M: -22.0 S: -16.4     I: -16.1 LUFS       LRA:   2.6 LU  FTPK: -17.7 dBFS  TPK:  -1.5 dBFS
[Parsed_ebur128_0 @ 0x7aa500cc00] t: 23.499979  TARGET:-23 LUFS    M: -27.8 S: -16.4     I: -16.1 LUFS       LRA:   2.6 LU  FTPK: -60.3 dBFS  TPK:  -1.5 dBFS
[Parsed_ebur128_0 @ 0x7aa500cc00] t: 23.599979  TARGET:-23 LUFS    M: -32.7 S: -16.5     I: -16.1 LUFS       LRA:   2.6 LU  FTPK: -68.3 dBFS  TPK:  -1.5 dBFS
[Parsed_ebur128_0 @ 0x7aa500cc00] t: 23.699979  TARGET:-23 LUFS    M: -40.5 S: -16.5     I: -16.1 LUFS       LRA:   2.6 LU  FTPK:  -inf dBFS  TPK:  -1.5 dBFS
[Parsed_ebur128_0 @ 0x7aa500cc00] t: 23.799979  TARGET:-23 LUFS    M: -79.6 S: -16.5     I: -16.1 LUFS       LRA:   2.6 LU  FTPK:  -inf dBFS  TPK:  -1.5 dBFS
[Parsed_silencedetect_1 @ 0x7aa500ccc0] silence_start: 23.37525
[Parsed_ebur128_0 @ 0x7aa500cc00] t: 23.899979  TARGET:-23 LUFS    M:-101.7 S: -16.5     I: -16.1 LUFS       LRA:   2.6 LU  FTPK:  -inf dBFS  TPK:  -1.5 dBFS
[Parsed_ebur128_0 @ 0x7aa500cc00] t: 23.999979  TARGET:-23 LUFS    M:   nan S: -16.5     I: -16.1 LUFS       LRA:   2.6 LU  FTPK:  -inf dBFS  TPK:  -1.5 dBFS
[Parsed_ebur128_0 @ 0x7aa500cc00] t: 24.099979  TARGET:-23 LUFS    M:   nan S: -16.7     I: -16.1 LUFS       LRA:   2.6 LU  FTPK:  -inf dBFS  TPK:  -1.5 dBFS
[Parsed_ebur128_0 @ 0x7aa500cc00] t: 24.199979  TARGET:-23 LUFS    M:   nan S: -16.8     I: -16.1 LUFS       LRA:   2.6 LU  FTPK: -154.1 dBFS  TPK:  -1.5 dBFS
[Parsed_ebur128_0 @ 0x7aa500cc00] t: 24.299979  TARGET:-23 LUFS    M: -84.4 S: -17.4     I: -16.1 LUFS       LRA:   2.6 LU  FTPK: -64.3 dBFS  TPK:  -1.5 dBFS
[Parsed_ebur128_0 @ 0x7aa500cc00] t: 24.399979  TARGET:-23 LUFS    M: -24.1 S: -17.6     I: -16.1 LUFS       LRA:   2.6 LU  FTPK:  -3.3 dBFS  TPK:  -1.5 dBFS
[Parsed_silencedetect_1 @ 0x7aa500ccc0] silence_end: 24.344313 | silence_duration: 0.969062
[Parsed_ebur128_0 @ 0x7aa500cc00] t: 24.499979  TARGET:-23 LUFS    M: -23.8 S: -18.0     I: -16.1 LUFS       LRA:   2.6 LU  FTPK: -17.6 dBFS  TPK:  -1.5 dBFS
[Parsed_ebur128_0 @ 0x7aa500cc00] t: 24.599979  TARGET:-23 LUFS    M: -17.6 S: -17.8     I: -16.1 LUFS       LRA:   2.6 LU  FTPK:  -1.5 dBFS  TPK:  -1.5 dBFS
[Parsed_ebur128_0 @ 0x7aa500cc00] t: 24.699979  TARGET:-23 LUFS    M: -16.7 S: -18.1     I: -16.1 LUFS       LRA:   2.6 LU  FTPK:  -5.0 dBFS  TPK:  -1.5 dBFS
[Parsed_ebur128_0 @ 0x7aa500cc00] t: 24.799979  TARGET:-23 LUFS    M: -16.6 S: -18.3     I: -16.1 LUFS       LRA:   2.6 LU  FTPK:  -5.0 dBFS  TPK:  -1.5 dBFS
[Parsed_ebur128_0 @ 0x7aa500cc00] t: 24.899979  TARGET:-23 LUFS    M: -15.7 S: -18.4     I: -16.1 LUFS       LRA:   2.6 LU  FTPK:  -1.5 dBFS  TPK:  -1.5 dBFS
[Parsed_ebur128_0 @ 0x7aa500cc00] t: 24.999979  TARGET:-23 LUFS    M: -15.8 S: -18.0     I: -16.1 LUFS       LRA:   2.6 LU  FTPK:  -1.5 dBFS  TPK:  -1.5 dBFS
[Parsed_ebur128_0 @ 0x7aa500cc00] t: 25.099979  TARGET:-23 LUFS    M: -16.3 S: -18.4     I: -16.1 LUFS       LRA:   2.6 LU  FTPK:  -6.3 dBFS  TPK:  -1.5 dBFS
[Parsed_ebur128_0 @ 0x7aa500cc00] t: 25.199979  TARGET:-23 LUFS    M: -15.9 S: -18.2     I: -16.1 LUFS       LRA:   2.6 LU  FTPK:  -4.5 dBFS  TPK:  -1.5 dBFS
[Parsed_ebur128_0 @ 0x7aa500cc00] t: 25.299979  TARGET:-23 LUFS    M: -16.4 S: -18.5     I: -16.1 LUFS       LRA:   2.6 LU  FTPK:  -8.2 dBFS  TPK:  -1.5 dBFS
[Parsed_ebur128_0 @ 0x7aa500cc00] t: 25.399979  TARGET:-23 LUFS    M: -18.5 S: -18.7     I: -16.2 LUFS       LRA:   2.6 LU  FTPK:  -8.1 dBFS  TPK:  -1.5 dBFS
[Parsed_ebur128_0 @ 0x7aa500cc00] t: 25.499979  TARGET:-23 LUFS    M: -15.3 S: -18.2     I: -16.1 LUFS       LRA:   2.6 LU  FTPK:  -1.5 dBFS  TPK:  -1.5 dBFS
[Parsed_ebur128_0 @ 0x7aa500cc00] t: 25.599979  TARGET:-23 LUFS    M: -15.6 S: -18.2     I: -16.1 LUFS       LRA:   2.6 LU  FTPK:  -4.5 dBFS  TPK:  -1.5 dBFS
[Parsed_ebur128_0 @ 0x7aa500cc00] t: 25.699979  TARGET:-23 LUFS    M: -16.1 S: -18.3     I: -16.1 LUFS       LRA:   2.6 LU  FTPK: -12.0 dBFS  TPK:  -1.5 dBFS
[Parsed_ebur128_0 @ 0x7aa500cc00] t: 25.799979  TARGET:-23 LUFS    M: -14.8 S: -18.1     I: -16.1 LUFS       LRA:   2.6 LU  FTPK:  -2.3 dBFS  TPK:  -1.5 dBFS
[Parsed_ebur128_0 @ 0x7aa500cc00] t: 25.899979  TARGET:-23 LUFS    M: -16.1 S: -17.9     I: -16.1 LUFS       LRA:   2.6 LU  FTPK:  -2.4 dBFS  TPK:  -1.5 dBFS
[Parsed_ebur128_0 @ 0x7aa500cc00] t: 25.999979  TARGET:-23 LUFS    M: -16.4 S: -18.4     I: -16.1 LUFS       LRA:   2.6 LU  FTPK:  -6.5 dBFS  TPK:  -1.5 dBFS
[Parsed_ebur128_0 @ 0x7aa500cc00] t: 26.099979  TARGET:-23 LUFS    M: -16.3 S: -18.6     I: -16.1 LUFS       LRA:   2.6 LU  FTPK:  -9.0 dBFS  TPK:  -1.5 dBFS
[Parsed_ebur128_0 @ 0x7aa500cc00] t: 26.199979  TARGET:-23 LUFS    M: -18.8 S: -18.6     I: -16.1 LUFS       LRA:   2.7 LU  FTPK: -11.8 dBFS  TPK:  -1.5 dBFS
[Parsed_ebur128_0 @ 0x7aa500cc00] t: 26.299979  TARGET:-23 LUFS    M: -21.8 S: -18.5     I: -16.2 LUFS       LRA:   2.7 LU  FTPK: -11.5 dBFS  TPK:  -1.5 dBFS
[Parsed_ebur128_0 @ 0x7aa500cc00] t: 26.399979  TARGET:-23 LUFS    M: -23.7 S: -18.5     I: -16.2 LUFS       LRA:   2.7 LU  FTPK: -24.6 dBFS  TPK:  -1.5 dBFS
[Parsed_ebur128_0 @ 0x7aa500cc00] t: 26.499979  TARGET:-23 LUFS    M: -24.8 S: -18.5     I: -16.2 LUFS       LRA:   2.7 LU  FTPK: -37.3 dBFS  TPK:  -1.5 dBFS
[Parsed_ebur128_0 @ 0x7aa500cc00] t: 26.599979  TARGET:-23 LUFS    M: -18.0 S: -18.0     I: -16.2 LUFS       LRA:   2.7 LU  FTPK:  -1.5 dBFS  TPK:  -1.5 dBFS
[Parsed_ebur128_0 @ 0x7aa500cc00] t: 26.699979  TARGET:-23 LUFS    M: -17.3 S: -17.8     I: -16.2 LUFS       LRA:   2.7 LU  FTPK:  -7.1 dBFS  TPK:  -1.5 dBFS
[Parsed_ebur128_0 @ 0x7aa500cc00] t: 26.799979  TARGET:-23 LUFS    M: -16.6 S: -17.7     I: -16.2 LUFS       LRA:   2.7 LU  FTPK:  -8.6 dBFS  TPK:  -1.5 dBFS
[Parsed_ebur128_0 @ 0x7aa500cc00] t: 26.899979  TARGET:-23 LUFS    M: -16.3 S: -17.7     I: -16.2 LUFS       LRA:   2.7 LU  FTPK:  -9.8 dBFS  TPK:  -1.5 dBFS
[Parsed_ebur128_0 @ 0x7aa500cc00] t: 26.999979  TARGET:-23 LUFS    M: -19.9 S: -17.6     I: -16.2 LUFS       LRA:   2.7 LU  FTPK: -11.3 dBFS  TPK:  -1.5 dBFS
[Parsed_ebur128_0 @ 0x7aa500cc00] t: 27.099979  TARGET:-23 LUFS    M: -22.3 S: -17.6     I: -16.2 LUFS       LRA:   2.7 LU  FTPK: -50.1 dBFS  TPK:  -1.5 dBFS
[Parsed_ebur128_0 @ 0x7aa500cc00] t: 27.199979  TARGET:-23 LUFS    M: -25.8 S: -17.6     I: -16.2 LUFS       LRA:   2.7 LU  FTPK: -46.2 dBFS  TPK:  -1.5 dBFS
[Parsed_ebur128_0 @ 0x7aa500cc00] t: 27.299979  TARGET:-23 LUFS    M: -17.7 S: -17.1     I: -16.3 LUFS       LRA:   2.7 LU  FTPK:  -1.5 dBFS  TPK:  -1.5 dBFS
[Parsed_ebur128_0 @ 0x7aa500cc00] t: 27.399979  TARGET:-23 LUFS    M: -15.6 S: -16.9     I: -16.3 LUFS       LRA:   2.7 LU  FTPK:  -5.5 dBFS  TPK:  -1.5 dBFS
[Parsed_ebur128_0 @ 0x7aa500cc00] t: 27.499979  TARGET:-23 LUFS    M: -13.2 S: -16.4     I: -16.2 LUFS       LRA:   2.7 LU  FTPK:  -1.5 dBFS  TPK:  -1.5 dBFS
[Parsed_ebur128_0 @ 0x7aa500cc00] t: 27.599979  TARGET:-23 LUFS    M: -12.9 S: -16.6     I: -16.2 LUFS       LRA:   2.7 LU  FTPK:  -8.5 dBFS  TPK:  -1.5 dBFS
[Parsed_ebur128_0 @ 0x7aa500cc00] t: 27.699979  TARGET:-23 LUFS    M: -14.3 S: -16.7     I: -16.2 LUFS       LRA:   2.7 LU  FTPK:  -9.8 dBFS  TPK:  -1.5 dBFS
[Parsed_ebur128_0 @ 0x7aa500cc00] t: 27.799979  TARGET:-23 LUFS    M: -15.5 S: -16.7     I: -16.2 LUFS       LRA:   2.7 LU  FTPK:  -6.9 dBFS  TPK:  -1.5 dBFS
[Parsed_ebur128_0 @ 0x7aa500cc00] t: 27.899979  TARGET:-23 LUFS    M: -20.0 S: -16.8     I: -16.2 LUFS       LRA:   2.7 LU  FTPK:  -6.6 dBFS  TPK:  -1.5 dBFS
[Parsed_ebur128_0 @ 0x7aa500cc00] t: 27.999979  TARGET:-23 LUFS    M: -20.6 S: -17.1     I: -16.2 LUFS       LRA:   2.6 LU  FTPK:  -7.0 dBFS  TPK:  -1.5 dBFS
[Parsed_ebur128_0 @ 0x7aa500cc00] t: 28.099979  TARGET:-23 LUFS    M: -18.7 S: -16.9     I: -16.2 LUFS       LRA:   2.6 LU  FTPK:  -2.6 dBFS  TPK:  -1.5 dBFS
[Parsed_ebur128_0 @ 0x7aa500cc00] t: 28.199979  TARGET:-23 LUFS    M: -18.7 S: -17.0     I: -16.2 LUFS       LRA:   2.6 LU  FTPK:  -9.3 dBFS  TPK:  -1.5 dBFS
[Parsed_ebur128_0 @ 0x7aa500cc00] t: 28.299979  TARGET:-23 LUFS    M: -16.1 S: -16.8     I: -16.2 LUFS       LRA:   2.6 LU  FTPK:  -1.5 dBFS  TPK:  -1.5 dBFS
[Parsed_ebur128_0 @ 0x7aa500cc00] t: 28.399979  TARGET:-23 LUFS    M: -15.2 S: -16.6     I: -16.2 LUFS       LRA:   2.6 LU  FTPK:  -5.3 dBFS  TPK:  -1.5 dBFS
[Parsed_ebur128_0 @ 0x7aa500cc00] t: 28.499979  TARGET:-23 LUFS    M: -15.6 S: -17.0     I: -16.2 LUFS       LRA:   2.6 LU  FTPK:  -7.6 dBFS  TPK:  -1.5 dBFS
[Parsed_ebur128_0 @ 0x7aa500cc00] t: 28.599979  TARGET:-23 LUFS    M: -15.9 S: -17.1     I: -16.2 LUFS       LRA:   2.6 LU  FTPK: -10.2 dBFS  TPK:  -1.5 dBFS
[Parsed_ebur128_0 @ 0x7aa500cc00] t: 28.699979  TARGET:-23 LUFS    M: -19.1 S: -17.1     I: -16.2 LUFS       LRA:   2.6 LU  FTPK: -28.8 dBFS  TPK:  -1.5 dBFS
[Parsed_ebur128_0 @ 0x7aa500cc00] t: 28.799979  TARGET:-23 LUFS    M: -23.4 S: -17.5     I: -16.2 LUFS       LRA:   2.6 LU  FTPK: -66.1 dBFS  TPK:  -1.5 dBFS
[Parsed_ebur128_0 @ 0x7aa500cc00] t: 28.899979  TARGET:-23 LUFS    M: -33.0 S: -17.8     I: -16.2 LUFS       LRA:   2.6 LU  FTPK: -84.7 dBFS  TPK:  -1.5 dBFS
[Parsed_ebur128_0 @ 0x7aa500cc00] t: 28.999979  TARGET:-23 LUFS    M: -51.1 S: -17.8     I: -16.2 LUFS       LRA:   2.6 LU  FTPK: -69.9 dBFS  TPK:  -1.5 dBFS
[Parsed_ebur128_0 @ 0x7aa500cc00] t: 29.099979  TARGET:-23 LUFS    M: -78.1 S: -17.9     I: -16.2 LUFS       LRA:   2.6 LU  FTPK: -52.7 dBFS  TPK:  -1.5 dBFS
[Parsed_silencedetect_1 @ 0x7aa500ccc0] silence_start: 28.62225
[Parsed_ebur128_0 @ 0x7aa500cc00] t: 29.199979  TARGET:-23 LUFS    M: -77.9 S: -17.9     I: -16.2 LUFS       LRA:   2.6 LU  FTPK: -57.3 dBFS  TPK:  -1.5 dBFS
[Parsed_ebur128_0 @ 0x7aa500cc00] t: 29.299979  TARGET:-23 LUFS    M: -77.7 S: -18.0     I: -16.2 LUFS       LRA:   2.6 LU  FTPK: -67.8 dBFS  TPK:  -1.5 dBFS
[Parsed_ebur128_0 @ 0x7aa500cc00] t: 29.399979  TARGET:-23 LUFS    M: -77.6 S: -18.0     I: -16.2 LUFS       LRA:   2.6 LU  FTPK: -68.7 dBFS  TPK:  -1.5 dBFS
[Parsed_ebur128_0 @ 0x7aa500cc00] t: 29.499979  TARGET:-23 LUFS    M: -81.1 S: -18.0     I: -16.2 LUFS       LRA:   2.6 LU  FTPK: -59.1 dBFS  TPK:  -1.5 dBFS
[Parsed_ebur128_0 @ 0x7aa500cc00] t: 29.599979  TARGET:-23 LUFS    M: -78.2 S: -18.5     I: -16.2 LUFS       LRA:   2.6 LU  FTPK: -51.2 dBFS  TPK:  -1.5 dBFS
[Parsed_ebur128_0 @ 0x7aa500cc00] t: 29.699979  TARGET:-23 LUFS    M: -25.6 S: -18.6     I: -16.3 LUFS       LRA:   2.6 LU  FTPK:  -4.5 dBFS  TPK:  -1.5 dBFS
[Parsed_silencedetect_1 @ 0x7aa500ccc0] silence_end: 29.651 | silence_duration: 1.02875
[Parsed_ebur128_0 @ 0x7aa500cc00] t: 29.799979  TARGET:-23 LUFS    M: -21.6 S: -18.6     I: -16.3 LUFS       LRA:   2.6 LU  FTPK:  -7.7 dBFS  TPK:  -1.5 dBFS
[Parsed_ebur128_0 @ 0x7aa500cc00] t: 29.899979  TARGET:-23 LUFS    M: -17.5 S: -18.2     I: -16.3 LUFS       LRA:   2.6 LU  FTPK:  -1.5 dBFS  TPK:  -1.5 dBFS
[Parsed_ebur128_0 @ 0x7aa500cc00] t: 29.999979  TARGET:-23 LUFS    M: -17.3 S: -18.2     I: -16.3 LUFS       LRA:   2.6 LU  FTPK:  -8.0 dBFS  TPK:  -1.5 dBFS
[Parsed_ebur128_0 @ 0x7aa500cc00] t: 30.099979  TARGET:-23 LUFS    M: -16.6 S: -18.0     I: -16.3 LUFS       LRA:   2.6 LU  FTPK:  -6.9 dBFS  TPK:  -1.5 dBFS
[Parsed_ebur128_0 @ 0x7aa500cc00] t: 30.199979  TARGET:-23 LUFS    M: -16.6 S: -17.8     I: -16.3 LUFS       LRA:   2.6 LU  FTPK:  -4.4 dBFS  TPK:  -1.5 dBFS
[Parsed_ebur128_0 @ 0x7aa500cc00] t: 30.299979  TARGET:-23 LUFS    M: -15.6 S: -17.8     I: -16.3 LUFS       LRA:   2.6 LU  FTPK:  -1.5 dBFS  TPK:  -1.5 dBFS
[Parsed_ebur128_0 @ 0x7aa500cc00] t: 30.399979  TARGET:-23 LUFS    M: -15.6 S: -18.2     I: -16.3 LUFS       LRA:   2.6 LU  FTPK: -14.5 dBFS  TPK:  -1.5 dBFS
[Parsed_ebur128_0 @ 0x7aa500cc00] t: 30.499979  TARGET:-23 LUFS    M: -15.4 S: -18.7     I: -16.3 LUFS       LRA:   2.6 LU  FTPK:  -5.2 dBFS  TPK:  -1.5 dBFS
[Parsed_ebur128_0 @ 0x7aa500cc00] t: 30.599979  TARGET:-23 LUFS    M: -15.1 S: -18.6     I: -16.3 LUFS       LRA:   2.6 LU  FTPK:  -1.5 dBFS  TPK:  -1.5 dBFS
[Parsed_ebur128_0 @ 0x7aa500cc00] t: 30.699979  TARGET:-23 LUFS    M: -16.5 S: -18.3     I: -16.3 LUFS       LRA:   2.6 LU  FTPK:  -3.1 dBFS  TPK:  -1.5 dBFS
[Parsed_ebur128_0 @ 0x7aa500cc00] t: 30.799979  TARGET:-23 LUFS    M: -14.1 S: -17.8     I: -16.3 LUFS       LRA:   2.6 LU  FTPK:  -1.5 dBFS  TPK:  -1.5 dBFS
[Parsed_ebur128_0 @ 0x7aa500cc00] t: 30.899979  TARGET:-23 LUFS    M: -13.6 S: -17.5     I: -16.2 LUFS       LRA:   2.6 LU  FTPK:  -3.5 dBFS  TPK:  -1.5 dBFS
[Parsed_ebur128_0 @ 0x7aa500cc00] t: 30.999979  TARGET:-23 LUFS    M: -12.9 S: -17.1     I: -16.2 LUFS       LRA:   2.6 LU  FTPK:  -2.3 dBFS  TPK:  -1.5 dBFS
[Parsed_ebur128_0 @ 0x7aa500cc00] t: 31.099979  TARGET:-23 LUFS    M: -13.2 S: -17.2     I: -16.2 LUFS       LRA:   2.6 LU  FTPK:  -6.5 dBFS  TPK:  -1.5 dBFS
[Parsed_ebur128_0 @ 0x7aa500cc00] t: 31.199979  TARGET:-23 LUFS    M: -14.4 S: -17.1     I: -16.2 LUFS       LRA:   2.6 LU  FTPK:  -4.6 dBFS  TPK:  -1.5 dBFS
[Parsed_ebur128_0 @ 0x7aa500cc00] t: 31.299979  TARGET:-23 LUFS    M: -15.0 S: -17.3     I: -16.2 LUFS       LRA:   2.6 LU  FTPK:  -4.5 dBFS  TPK:  -1.5 dBFS
[Parsed_ebur128_0 @ 0x7aa500cc00] t: 31.399979  TARGET:-23 LUFS    M: -17.1 S: -17.4     I: -16.2 LUFS       LRA:   2.6 LU  FTPK: -10.2 dBFS  TPK:  -1.5 dBFS
[Parsed_ebur128_0 @ 0x7aa500cc00] t: 31.499979  TARGET:-23 LUFS    M: -17.8 S: -17.5     I: -16.2 LUFS       LRA:   2.6 LU  FTPK: -10.2 dBFS  TPK:  -1.5 dBFS
[Parsed_ebur128_0 @ 0x7aa500cc00] t: 31.599979  TARGET:-23 LUFS    M: -18.6 S: -17.5     I: -16.2 LUFS       LRA:   2.6 LU  FTPK:  -7.8 dBFS  TPK:  -1.5 dBFS
[Parsed_ebur128_0 @ 0x7aa500cc00] t: 31.699979  TARGET:-23 LUFS    M: -19.1 S: -17.3     I: -16.2 LUFS       LRA:   2.6 LU  FTPK:  -3.7 dBFS  TPK:  -1.5 dBFS
[Parsed_ebur128_0 @ 0x7aa500cc00] t: 31.799979  TARGET:-23 LUFS    M: -17.9 S: -17.1     I: -16.2 LUFS       LRA:   2.6 LU  FTPK:  -2.9 dBFS  TPK:  -1.5 dBFS
[Parsed_ebur128_0 @ 0x7aa500cc00] t: 31.899979  TARGET:-23 LUFS    M: -17.0 S: -16.9     I: -16.2 LUFS       LRA:   2.6 LU  FTPK:  -6.4 dBFS  TPK:  -1.5 dBFS
[Parsed_ebur128_0 @ 0x7aa500cc00] t: 31.999979  TARGET:-23 LUFS    M: -15.4 S: -16.6     I: -16.2 LUFS       LRA:   2.6 LU  FTPK:  -2.8 dBFS  TPK:  -1.5 dBFS
[Parsed_ebur128_0 @ 0x7aa500cc00] t: 32.099979  TARGET:-23 LUFS    M: -16.4 S: -16.6     I: -16.2 LUFS       LRA:   2.6 LU  FTPK: -10.1 dBFS  TPK:  -1.5 dBFS
[Parsed_ebur128_0 @ 0x7aa500cc00] t: 32.199979  TARGET:-23 LUFS    M: -15.6 S: -16.3     I: -16.2 LUFS       LRA:   2.6 LU  FTPK:  -1.5 dBFS  TPK:  -1.5 dBFS
[Parsed_ebur128_0 @ 0x7aa500cc00] t: 32.299979  TARGET:-23 LUFS    M: -15.1 S: -16.1     I: -16.2 LUFS       LRA:   2.6 LU  FTPK:  -4.1 dBFS  TPK:  -1.5 dBFS
[Parsed_ebur128_0 @ 0x7aa500cc00] t: 32.399979  TARGET:-23 LUFS    M: -16.6 S: -16.1     I: -16.2 LUFS       LRA:   2.6 LU  FTPK:  -8.0 dBFS  TPK:  -1.5 dBFS
[Parsed_ebur128_0 @ 0x7aa500cc00] t: 32.499979  TARGET:-23 LUFS    M: -16.3 S: -16.0     I: -16.2 LUFS       LRA:   2.6 LU  FTPK:  -7.7 dBFS  TPK:  -1.5 dBFS
[Parsed_ebur128_0 @ 0x7aa500cc00] t: 32.599979  TARGET:-23 LUFS    M: -18.4 S: -16.0     I: -16.2 LUFS       LRA:   2.6 LU  FTPK:  -9.9 dBFS  TPK:  -1.5 dBFS
[Parsed_ebur128_0 @ 0x7aa500cc00] t: 32.699979  TARGET:-23 LUFS    M: -21.9 S: -16.0     I: -16.2 LUFS       LRA:   2.6 LU  FTPK:  -7.9 dBFS  TPK:  -1.5 dBFS
[Parsed_ebur128_0 @ 0x7aa500cc00] t: 32.799979  TARGET:-23 LUFS    M: -20.0 S: -16.0     I: -16.2 LUFS       LRA:   2.6 LU  FTPK:  -4.8 dBFS  TPK:  -1.5 dBFS
[Parsed_ebur128_0 @ 0x7aa500cc00] t: 32.899979  TARGET:-23 LUFS    M: -20.1 S: -16.2     I: -16.3 LUFS       LRA:   2.6 LU  FTPK:  -9.5 dBFS  TPK:  -1.5 dBFS
[Parsed_ebur128_0 @ 0x7aa500cc00] t: 32.999979  TARGET:-23 LUFS    M: -19.5 S: -16.2     I: -16.3 LUFS       LRA:   2.6 LU  FTPK:  -9.1 dBFS  TPK:  -1.5 dBFS
[Parsed_ebur128_0 @ 0x7aa500cc00] t: 33.099979  TARGET:-23 LUFS    M: -18.6 S: -16.2     I: -16.3 LUFS       LRA:   2.6 LU  FTPK:  -6.2 dBFS  TPK:  -1.5 dBFS
[Parsed_ebur128_0 @ 0x7aa500cc00] t: 33.199979  TARGET:-23 LUFS    M: -17.2 S: -16.1     I: -16.3 LUFS       LRA:   2.6 LU  FTPK:  -4.7 dBFS  TPK:  -1.5 dBFS
[Parsed_ebur128_0 @ 0x7aa500cc00] t: 33.299979  TARGET:-23 LUFS    M: -15.8 S: -16.2     I: -16.3 LUFS       LRA:   2.6 LU  FTPK:  -4.0 dBFS  TPK:  -1.5 dBFS
[Parsed_ebur128_0 @ 0x7aa500cc00] t: 33.399979  TARGET:-23 LUFS    M: -14.2 S: -15.9     I: -16.3 LUFS       LRA:   2.6 LU  FTPK:  -1.5 dBFS  TPK:  -1.5 dBFS
[Parsed_ebur128_0 @ 0x7aa500cc00] t: 33.499979  TARGET:-23 LUFS    M: -14.6 S: -16.1     I: -16.3 LUFS       LRA:   2.6 LU  FTPK: -11.6 dBFS  TPK:  -1.5 dBFS
[Parsed_ebur128_0 @ 0x7aa500cc00] t: 33.599979  TARGET:-23 LUFS    M: -16.1 S: -16.2     I: -16.3 LUFS       LRA:   2.6 LU  FTPK: -15.8 dBFS  TPK:  -1.5 dBFS
[Parsed_ebur128_0 @ 0x7aa500cc00] t: 33.699979  TARGET:-23 LUFS    M: -17.8 S: -16.4     I: -16.3 LUFS       LRA:   2.6 LU  FTPK: -12.3 dBFS  TPK:  -1.5 dBFS
[Parsed_ebur128_0 @ 0x7aa500cc00] t: 33.799979  TARGET:-23 LUFS    M: -25.1 S: -16.8     I: -16.3 LUFS       LRA:   2.6 LU  FTPK: -14.5 dBFS  TPK:  -1.5 dBFS
[Parsed_ebur128_0 @ 0x7aa500cc00] t: 33.899979  TARGET:-23 LUFS    M: -26.6 S: -17.2     I: -16.3 LUFS       LRA:   2.6 LU  FTPK: -55.1 dBFS  TPK:  -1.5 dBFS
[Parsed_ebur128_0 @ 0x7aa500cc00] t: 33.999979  TARGET:-23 LUFS    M: -27.0 S: -17.6     I: -16.3 LUFS       LRA:   2.6 LU  FTPK: -73.7 dBFS  TPK:  -1.5 dBFS
[Parsed_ebur128_0 @ 0x7aa500cc00] t: 34.099979  TARGET:-23 LUFS    M: -34.4 S: -17.8     I: -16.3 LUFS       LRA:   2.6 LU  FTPK: -73.0 dBFS  TPK:  -1.5 dBFS
[Parsed_ebur128_0 @ 0x7aa500cc00] t: 34.199979  TARGET:-23 LUFS    M: -79.0 S: -17.9     I: -16.3 LUFS       LRA:   2.6 LU  FTPK:  -inf dBFS  TPK:  -1.5 dBFS
[Parsed_silencedetect_1 @ 0x7aa500ccc0] silence_start: 33.759792
[Parsed_ebur128_0 @ 0x7aa500cc00] t: 34.299979  TARGET:-23 LUFS    M: -90.9 S: -18.2     I: -16.3 LUFS       LRA:   2.6 LU  FTPK:  -inf dBFS  TPK:  -1.5 dBFS
[Parsed_ebur128_0 @ 0x7aa500cc00] t: 34.399979  TARGET:-23 LUFS    M:-101.1 S: -18.3     I: -16.3 LUFS       LRA:   2.6 LU  FTPK:  -inf dBFS  TPK:  -1.5 dBFS
[Parsed_ebur128_0 @ 0x7aa500cc00] t: 34.499979  TARGET:-23 LUFS    M:   nan S: -18.4     I: -16.3 LUFS       LRA:   2.6 LU  FTPK:  -inf dBFS  TPK:  -1.5 dBFS
[Parsed_ebur128_0 @ 0x7aa500cc00] t: 34.599979  TARGET:-23 LUFS    M:   nan S: -18.5     I: -16.3 LUFS       LRA:   2.6 LU  FTPK:  -inf dBFS  TPK:  -1.5 dBFS
[Parsed_ebur128_0 @ 0x7aa500cc00] t: 34.699979  TARGET:-23 LUFS    M: -88.9 S: -18.8     I: -16.3 LUFS       LRA:   2.6 LU  FTPK: -66.1 dBFS  TPK:  -1.5 dBFS
[Parsed_ebur128_0 @ 0x7aa500cc00] t: 34.799979  TARGET:-23 LUFS    M: -28.4 S: -18.9     I: -16.3 LUFS       LRA:   2.6 LU  FTPK:  -3.0 dBFS  TPK:  -1.5 dBFS
[Parsed_silencedetect_1 @ 0x7aa500ccc0] silence_end: 34.756813 | silence_duration: 0.997021
[Parsed_ebur128_0 @ 0x7aa500cc00] t: 34.899979  TARGET:-23 LUFS    M: -19.0 S: -18.7     I: -16.3 LUFS       LRA:   2.6 LU  FTPK:  -1.5 dBFS  TPK:  -1.5 dBFS
[Parsed_ebur128_0 @ 0x7aa500cc00] t: 34.999979  TARGET:-23 LUFS    M: -16.2 S: -18.7     I: -16.3 LUFS       LRA:   2.6 LU  FTPK:  -1.5 dBFS  TPK:  -1.5 dBFS
[Parsed_ebur128_0 @ 0x7aa500cc00] t: 35.099979  TARGET:-23 LUFS    M: -15.5 S: -18.5     I: -16.3 LUFS       LRA:   2.6 LU  FTPK:  -6.8 dBFS  TPK:  -1.5 dBFS
[Parsed_ebur128_0 @ 0x7aa500cc00] t: 35.199979  TARGET:-23 LUFS    M: -14.9 S: -18.7     I: -16.3 LUFS       LRA:   2.6 LU  FTPK:  -6.7 dBFS  TPK:  -1.5 dBFS
[Parsed_ebur128_0 @ 0x7aa500cc00] t: 35.299979  TARGET:-23 LUFS    M: -16.4 S: -19.1     I: -16.3 LUFS       LRA:   2.6 LU  FTPK:  -9.7 dBFS  TPK:  -1.5 dBFS
[Parsed_ebur128_0 @ 0x7aa500cc00] t: 35.399979  TARGET:-23 LUFS    M: -19.0 S: -19.1     I: -16.3 LUFS       LRA:   2.6 LU  FTPK: -11.8 dBFS  TPK:  -1.5 dBFS
[Parsed_ebur128_0 @ 0x7aa500cc00] t: 35.499979  TARGET:-23 LUFS    M: -20.1 S: -19.2     I: -16.3 LUFS       LRA:   2.6 LU  FTPK: -12.0 dBFS  TPK:  -1.5 dBFS
[Parsed_ebur128_0 @ 0x7aa500cc00] t: 35.599979  TARGET:-23 LUFS    M: -20.1 S: -18.9     I: -16.3 LUFS       LRA:   2.7 LU  FTPK:  -1.5 dBFS  TPK:  -1.5 dBFS
[Parsed_ebur128_0 @ 0x7aa500cc00] t: 35.699979  TARGET:-23 LUFS    M: -20.7 S: -19.0     I: -16.3 LUFS       LRA:   2.7 LU  FTPK: -21.6 dBFS  TPK:  -1.5 dBFS
[Parsed_ebur128_0 @ 0x7aa500cc00] t: 35.799979  TARGET:-23 LUFS    M: -17.2 S: -18.7     I: -16.3 LUFS       LRA:   2.7 LU  FTPK:  -1.5 dBFS  TPK:  -1.5 dBFS
[Parsed_ebur128_0 @ 0x7aa500cc00] t: 35.899979  TARGET:-23 LUFS    M: -15.5 S: -18.3     I: -16.3 LUFS       LRA:   2.7 LU  FTPK:  -3.5 dBFS  TPK:  -1.5 dBFS
[Parsed_ebur128_0 @ 0x7aa500cc00] t: 35.999979  TARGET:-23 LUFS    M: -15.8 S: -18.3     I: -16.3 LUFS       LRA:   2.7 LU  FTPK:  -2.7 dBFS  TPK:  -1.5 dBFS
[Parsed_ebur128_0 @ 0x7aa500cc00] t: 36.099979  TARGET:-23 LUFS    M: -14.7 S: -18.1     I: -16.3 LUFS       LRA:   2.7 LU  FTPK:  -3.1 dBFS  TPK:  -1.5 dBFS
[Parsed_ebur128_0 @ 0x7aa500cc00] t: 36.199979  TARGET:-23 LUFS    M: -16.3 S: -18.5     I: -16.3 LUFS       LRA:   2.7 LU  FTPK:  -8.6 dBFS  TPK:  -1.5 dBFS
[Parsed_ebur128_0 @ 0x7aa500cc00] t: 36.299979  TARGET:-23 LUFS    M: -18.0 S: -18.8     I: -16.3 LUFS       LRA:   2.7 LU  FTPK:  -6.7 dBFS  TPK:  -1.5 dBFS
[Parsed_ebur128_0 @ 0x7aa500cc00] t: 36.399979  TARGET:-23 LUFS    M: -18.0 S: -19.3     I: -16.3 LUFS       LRA:   2.7 LU  FTPK:  -8.3 dBFS  TPK:  -1.5 dBFS
[Parsed_ebur128_0 @ 0x7aa500cc00] t: 36.499979  TARGET:-23 LUFS    M: -20.0 S: -19.2     I: -16.3 LUFS       LRA:   2.7 LU  FTPK:  -7.6 dBFS  TPK:  -1.5 dBFS
[Parsed_ebur128_0 @ 0x7aa500cc00] t: 36.599979  TARGET:-23 LUFS    M: -19.0 S: -19.0     I: -16.3 LUFS       LRA:   2.7 LU  FTPK:  -5.3 dBFS  TPK:  -1.5 dBFS
[Parsed_ebur128_0 @ 0x7aa500cc00] t: 36.699979  TARGET:-23 LUFS    M: -16.8 S: -18.6     I: -16.3 LUFS       LRA:   2.7 LU  FTPK:  -3.2 dBFS  TPK:  -1.5 dBFS
[Parsed_ebur128_0 @ 0x7aa500cc00] t: 36.799979  TARGET:-23 LUFS    M: -17.4 S: -18.6     I: -16.3 LUFS       LRA:   2.7 LU  FTPK:  -9.4 dBFS  TPK:  -1.5 dBFS
[Parsed_ebur128_0 @ 0x7aa500cc00] t: 36.899979  TARGET:-23 LUFS    M: -17.9 S: -18.6     I: -16.3 LUFS       LRA:   2.7 LU  FTPK: -19.2 dBFS  TPK:  -1.5 dBFS
[Parsed_ebur128_0 @ 0x7aa500cc00] t: 36.999979  TARGET:-23 LUFS    M: -19.1 S: -18.6     I: -16.3 LUFS       LRA:   2.7 LU  FTPK: -52.1 dBFS  TPK:  -1.5 dBFS
[Parsed_ebur128_0 @ 0x7aa500cc00] t: 37.099979  TARGET:-23 LUFS    M: -20.2 S: -18.2     I: -16.4 LUFS       LRA:   2.7 LU  FTPK:  -2.1 dBFS  TPK:  -1.5 dBFS
[Parsed_ebur128_0 @ 0x7aa500cc00] t: 37.199979  TARGET:-23 LUFS    M: -17.2 S: -17.9     I: -16.4 LUFS       LRA:   2.7 LU  FTPK:  -1.5 dBFS  TPK:  -1.5 dBFS
[Parsed_ebur128_0 @ 0x7aa500cc00] t: 37.299979  TARGET:-23 LUFS    M: -15.7 S: -17.6     I: -16.4 LUFS       LRA:   2.7 LU  FTPK:  -1.5 dBFS  TPK:  -1.5 dBFS
[Parsed_ebur128_0 @ 0x7aa500cc00] t: 37.399979  TARGET:-23 LUFS    M: -15.2 S: -17.5     I: -16.4 LUFS       LRA:   2.7 LU  FTPK:  -1.8 dBFS  TPK:  -1.5 dBFS
[Parsed_ebur128_0 @ 0x7aa500cc00] t: 37.499979  TARGET:-23 LUFS    M: -14.9 S: -17.1     I: -16.3 LUFS       LRA:   2.7 LU  FTPK:  -2.4 dBFS  TPK:  -1.5 dBFS
[Parsed_ebur128_0 @ 0x7aa500cc00] t: 37.599979  TARGET:-23 LUFS    M: -16.5 S: -17.1     I: -16.3 LUFS       LRA:   2.7 LU  FTPK:  -9.4 dBFS  TPK:  -1.5 dBFS
[Parsed_ebur128_0 @ 0x7aa500cc00] t: 37.699979  TARGET:-23 LUFS    M: -17.8 S: -17.1     I: -16.4 LUFS       LRA:   2.7 LU  FTPK:  -9.5 dBFS  TPK:  -1.5 dBFS
[Parsed_ebur128_0 @ 0x7aa500cc00] t: 37.799979  TARGET:-23 LUFS    M: -16.8 S: -16.9     I: -16.4 LUFS       LRA:   2.7 LU  FTPK:  -4.4 dBFS  TPK:  -1.5 dBFS
[Parsed_ebur128_0 @ 0x7aa500cc00] t: 37.899979  TARGET:-23 LUFS    M: -17.0 S: -16.9     I: -16.4 LUFS       LRA:   2.7 LU  FTPK:  -3.3 dBFS  TPK:  -1.5 dBFS
[Parsed_ebur128_0 @ 0x7aa500cc00] t: 37.999979  TARGET:-23 LUFS    M: -16.9 S: -17.2     I: -16.4 LUFS       LRA:   2.7 LU  FTPK:  -8.5 dBFS  TPK:  -1.5 dBFS
[Parsed_ebur128_0 @ 0x7aa500cc00] t: 38.099979  TARGET:-23 LUFS    M: -17.2 S: -17.3     I: -16.4 LUFS       LRA:   2.7 LU  FTPK: -12.1 dBFS  TPK:  -1.5 dBFS
[Parsed_ebur128_0 @ 0x7aa500cc00] t: 38.199979  TARGET:-23 LUFS    M: -19.5 S: -17.5     I: -16.4 LUFS       LRA:   2.7 LU  FTPK: -23.9 dBFS  TPK:  -1.5 dBFS
[Parsed_ebur128_0 @ 0x7aa500cc00] t: 38.299979  TARGET:-23 LUFS    M: -27.6 S: -17.6     I: -16.4 LUFS       LRA:   2.7 LU  FTPK: -62.6 dBFS  TPK:  -1.5 dBFS
[Parsed_ebur128_0 @ 0x7aa500cc00] t: 38.399979  TARGET:-23 LUFS    M: -33.6 S: -17.6     I: -16.4 LUFS       LRA:   2.7 LU  FTPK: -82.3 dBFS  TPK:  -1.5 dBFS
[Parsed_ebur128_0 @ 0x7aa500cc00] t: 38.499979  TARGET:-23 LUFS    M: -44.6 S: -17.7     I: -16.4 LUFS       LRA:   2.7 LU  FTPK:  -inf dBFS  TPK:  -1.5 dBFS
[Parsed_ebur128_0 @ 0x7aa500cc00] t: 38.599979  TARGET:-23 LUFS    M: -83.5 S: -17.9     I: -16.4 LUFS       LRA:   2.7 LU  FTPK:  -inf dBFS  TPK:  -1.5 dBFS
[Parsed_silencedetect_1 @ 0x7aa500ccc0] silence_start: 38.137542
[Parsed_ebur128_0 @ 0x7aa500cc00] t: 38.699979  TARGET:-23 LUFS    M:-103.8 S: -17.9     I: -16.4 LUFS       LRA:   2.7 LU  FTPK:  -inf dBFS  TPK:  -1.5 dBFS
[Parsed_ebur128_0 @ 0x7aa500cc00] t: 38.879979  TARGET:-23 LUFS    M:   nan S: -18.3     I: -16.4 LUFS       LRA:   2.7 LU  FTPK:  -inf dBFS  TPK:  -1.5 dBFS
[Parsed_ebur128_0 @ 0x7aa500cc00] t: 38.979979  TARGET:-23 LUFS    M:   nan S: -18.7     I: -16.4 LUFS       LRA:   2.7 LU  FTPK:  -inf dBFS  TPK:  -1.5 dBFS
[Parsed_ebur128_0 @ 0x7aa500cc00] t: 39.079979  TARGET:-23 LUFS    M:   nan S: -18.9     I: -16.4 LUFS       LRA:   2.7 LU  FTPK: -164.0 dBFS  TPK:  -1.5 dBFS
[Parsed_ebur128_0 @ 0x7aa500cc00] t: 39.179979  TARGET:-23 LUFS    M: -89.9 S: -19.3     I: -16.4 LUFS       LRA:   2.7 LU  FTPK: -68.3 dBFS  TPK:  -1.5 dBFS
[Parsed_ebur128_0 @ 0x7aa500cc00] t: 39.279979  TARGET:-23 LUFS    M: -51.3 S: -19.3     I: -16.4 LUFS       LRA:   2.7 LU  FTPK: -30.2 dBFS  TPK:  -1.5 dBFS
[Parsed_silencedetect_1 @ 0x7aa500ccc0] silence_end: 39.250646 | silence_duration: 1.113104
[Parsed_ebur128_0 @ 0x7aa500cc00] t: 39.379979  TARGET:-23 LUFS    M: -17.9 S: -18.7     I: -16.4 LUFS       LRA:   2.7 LU  FTPK:  -1.5 dBFS  TPK:  -1.5 dBFS
[Parsed_ebur128_0 @ 0x7aa500cc00] t: 39.479979  TARGET:-23 LUFS    M: -15.1 S: -18.3     I: -16.4 LUFS       LRA:   2.7 LU  FTPK:  -2.2 dBFS  TPK:  -1.5 dBFS
[Parsed_ebur128_0 @ 0x7aa500cc00] t: 39.579979  TARGET:-23 LUFS    M: -14.3 S: -18.1     I: -16.4 LUFS       LRA:   2.7 LU  FTPK:  -2.5 dBFS  TPK:  -1.5 dBFS
[Parsed_ebur128_0 @ 0x7aa500cc00] t: 39.679979  TARGET:-23 LUFS    M: -13.3 S: -17.9     I: -16.3 LUFS       LRA:   2.7 LU  FTPK:  -1.5 dBFS  TPK:  -1.5 dBFS
[Parsed_ebur128_0 @ 0x7aa500cc00] t: 39.779979  TARGET:-23 LUFS    M: -13.8 S: -17.9     I: -16.3 LUFS       LRA:   2.7 LU  FTPK:  -3.0 dBFS  TPK:  -1.5 dBFS
[Parsed_ebur128_0 @ 0x7aa500cc00] t: 39.879979  TARGET:-23 LUFS    M: -14.5 S: -17.6     I: -16.3 LUFS       LRA:   2.7 LU  FTPK:  -3.2 dBFS  TPK:  -1.5 dBFS
[Parsed_ebur128_0 @ 0x7aa500cc00] t: 39.979979  TARGET:-23 LUFS    M: -14.3 S: -17.4     I: -16.3 LUFS       LRA:   2.7 LU  FTPK:  -2.4 dBFS  TPK:  -1.5 dBFS
[Parsed_ebur128_0 @ 0x7aa500cc00] t: 40.079979  TARGET:-23 LUFS    M: -13.4 S: -16.9     I: -16.3 LUFS       LRA:   2.7 LU  FTPK:  -1.9 dBFS  TPK:  -1.5 dBFS
[Parsed_ebur128_0 @ 0x7aa500cc00] t: 40.179979  TARGET:-23 LUFS    M: -14.3 S: -17.0     I: -16.3 LUFS       LRA:   2.7 LU  FTPK:  -8.3 dBFS  TPK:  -1.5 dBFS
[Parsed_ebur128_0 @ 0x7aa500cc00] t: 40.279979  TARGET:-23 LUFS    M: -14.6 S: -17.1     I: -16.3 LUFS       LRA:   2.7 LU  FTPK:  -3.3 dBFS  TPK:  -1.5 dBFS
[Parsed_ebur128_0 @ 0x7aa500cc00] t: 40.379979  TARGET:-23 LUFS    M: -15.2 S: -17.3     I: -16.3 LUFS       LRA:   2.7 LU  FTPK:  -6.5 dBFS  TPK:  -1.5 dBFS
[Parsed_ebur128_0 @ 0x7aa500cc00] t: 40.479979  TARGET:-23 LUFS    M: -18.9 S: -17.4     I: -16.3 LUFS       LRA:   2.7 LU  FTPK: -10.8 dBFS  TPK:  -1.5 dBFS
[Parsed_ebur128_0 @ 0x7aa500cc00] t: 40.579979  TARGET:-23 LUFS    M: -19.9 S: -17.7     I: -16.3 LUFS       LRA:   2.7 LU  FTPK: -20.8 dBFS  TPK:  -1.5 dBFS
[Parsed_ebur128_0 @ 0x7aa500cc00] t: 40.679979  TARGET:-23 LUFS    M: -21.2 S: -17.6     I: -16.3 LUFS       LRA:   2.7 LU  FTPK:  -6.9 dBFS  TPK:  -1.5 dBFS
[Parsed_ebur128_0 @ 0x7aa500cc00] t: 40.779979  TARGET:-23 LUFS    M: -22.7 S: -17.7     I: -16.3 LUFS       LRA:   2.7 LU  FTPK: -14.7 dBFS  TPK:  -1.5 dBFS
[Parsed_ebur128_0 @ 0x7aa500cc00] t: 40.879979  TARGET:-23 LUFS    M: -23.2 S: -17.9     I: -16.3 LUFS       LRA:   2.7 LU  FTPK: -63.9 dBFS  TPK:  -1.5 dBFS
[Parsed_ebur128_0 @ 0x7aa500cc00] t: 40.979979  TARGET:-23 LUFS    M: -23.3 S: -18.3     I: -16.3 LUFS       LRA:   2.7 LU  FTPK: -92.1 dBFS  TPK:  -1.5 dBFS
[Parsed_ebur128_0 @ 0x7aa500cc00] t: 41.079979  TARGET:-23 LUFS    M: -35.0 S: -18.3     I: -16.3 LUFS       LRA:   2.7 LU  FTPK:  -inf dBFS  TPK:  -1.5 dBFS
[Parsed_ebur128_0 @ 0x7aa500cc00] t: 41.179979  TARGET:-23 LUFS    M: -83.8 S: -18.4     I: -16.3 LUFS       LRA:   2.7 LU  FTPK:  -inf dBFS  TPK:  -1.5 dBFS
[Parsed_silencedetect_1 @ 0x7aa500ccc0] silence_start: 40.728083
[Parsed_ebur128_0 @ 0x7aa500cc00] t: 41.279979  TARGET:-23 LUFS    M:-113.6 S: -18.4     I: -16.3 LUFS       LRA:   2.7 LU  FTPK:  -inf dBFS  TPK:  -1.5 dBFS
[Parsed_ebur128_0 @ 0x7aa500cc00] t: 41.379979  TARGET:-23 LUFS    M:   nan S: -18.4     I: -16.3 LUFS       LRA:   2.7 LU  FTPK:  -inf dBFS  TPK:  -1.5 dBFS
[Parsed_ebur128_0 @ 0x7aa500cc00] t: 41.479979  TARGET:-23 LUFS    M:   nan S: -18.4     I: -16.3 LUFS       LRA:   2.7 LU  FTPK:  -inf dBFS  TPK:  -1.5 dBFS
[Parsed_ebur128_0 @ 0x7aa500cc00] t: 41.579979  TARGET:-23 LUFS    M:   nan S: -18.4     I: -16.3 LUFS       LRA:   2.7 LU  FTPK:  -inf dBFS  TPK:  -1.5 dBFS
[Parsed_ebur128_0 @ 0x7aa500cc00] t: 41.679979  TARGET:-23 LUFS    M:   nan S: -18.4     I: -16.3 LUFS       LRA:   2.7 LU  FTPK:  -inf dBFS  TPK:  -1.5 dBFS
[Parsed_ebur128_0 @ 0x7aa500cc00] t: 41.779979  TARGET:-23 LUFS    M:   nan S: -18.4     I: -16.3 LUFS       LRA:   2.7 LU  FTPK:  -inf dBFS  TPK:  -1.5 dBFS
[Parsed_ebur128_0 @ 0x7aa500cc00] t: 41.879979  TARGET:-23 LUFS    M:   nan S: -18.4     I: -16.3 LUFS       LRA:   2.7 LU  FTPK:  -inf dBFS  TPK:  -1.5 dBFS
[Parsed_ebur128_0 @ 0x7aa500cc00] t: 41.979979  TARGET:-23 LUFS    M:   nan S: -18.4     I: -16.3 LUFS       LRA:   2.7 LU  FTPK:  -inf dBFS  TPK:  -1.5 dBFS
[Parsed_ebur128_0 @ 0x7aa500cc00] t: 42.079979  TARGET:-23 LUFS    M:   nan S: -18.4     I: -16.3 LUFS       LRA:   2.7 LU  FTPK:  -inf dBFS  TPK:  -1.5 dBFS
[Parsed_ebur128_0 @ 0x7aa500cc00] t: 42.179979  TARGET:-23 LUFS    M:   nan S: -18.4     I: -16.3 LUFS       LRA:   2.7 LU  FTPK:  -inf dBFS  TPK:  -1.5 dBFS
[Parsed_ebur128_0 @ 0x7aa500cc00] t: 42.279979  TARGET:-23 LUFS    M:   nan S: -18.4     I: -16.3 LUFS       LRA:   2.7 LU  FTPK:  -inf dBFS  TPK:  -1.5 dBFS
[Parsed_ebur128_0 @ 0x7aa500cc00] t: 42.379979  TARGET:-23 LUFS    M:   nan S: -19.1     I: -16.3 LUFS       LRA:   2.7 LU  FTPK:  -inf dBFS  TPK:  -1.5 dBFS
[Parsed_ebur128_0 @ 0x7aa500cc00] t: 42.479979  TARGET:-23 LUFS    M:   nan S: -19.8     I: -16.3 LUFS       LRA:   2.7 LU  FTPK:  -inf dBFS  TPK:  -1.5 dBFS
[Parsed_ebur128_0 @ 0x7aa500cc00] t: 42.579979  TARGET:-23 LUFS    M:   nan S: -20.1     I: -16.3 LUFS       LRA:   2.7 LU  FTPK:  -inf dBFS  TPK:  -1.5 dBFS
[Parsed_ebur128_0 @ 0x7aa500cc00] t: 42.679979  TARGET:-23 LUFS    M:   nan S: -20.8     I: -16.3 LUFS       LRA:   2.7 LU  FTPK:  -inf dBFS  TPK:  -1.5 dBFS
[Parsed_ebur128_0 @ 0x7aa500cc00] t: 42.779979  TARGET:-23 LUFS    M:   nan S: -21.6     I: -16.3 LUFS       LRA:   2.7 LU  FTPK:  -inf dBFS  TPK:  -1.5 dBFS
[Parsed_ebur128_0 @ 0x7aa500cc00] t: 42.879979  TARGET:-23 LUFS    M:   nan S: -22.4     I: -16.3 LUFS       LRA:   2.7 LU  FTPK:  -inf dBFS  TPK:  -1.5 dBFS
[Parsed_ebur128_0 @ 0x7aa500cc00] t: 42.979979  TARGET:-23 LUFS    M:   nan S: -23.3     I: -16.3 LUFS       LRA:   2.7 LU  FTPK:  -inf dBFS  TPK:  -1.5 dBFS
[Parsed_ebur128_0 @ 0x7aa500cc00] t: 43.079979  TARGET:-23 LUFS    M:   nan S: -26.3     I: -16.3 LUFS       LRA:   2.8 LU  FTPK:  -inf dBFS  TPK:  -1.5 dBFS
[Parsed_ebur128_0 @ 0x7aa500cc00] t: 43.179979  TARGET:-23 LUFS    M:   nan S: -27.1     I: -16.3 LUFS       LRA:   2.8 LU  FTPK:  -inf dBFS  TPK:  -1.5 dBFS
[Parsed_ebur128_0 @ 0x7aa500cc00] t: 43.279979  TARGET:-23 LUFS    M:   nan S: -29.8     I: -16.3 LUFS       LRA:   2.8 LU  FTPK:  -inf dBFS  TPK:  -1.5 dBFS
[Parsed_ebur128_0 @ 0x7aa500cc00] t: 43.379979  TARGET:-23 LUFS    M:   nan S: -31.4     I: -16.3 LUFS       LRA:   2.8 LU  FTPK:  -inf dBFS  TPK:  -1.5 dBFS
[Parsed_ebur128_0 @ 0x7aa500cc00] t: 43.479979  TARGET:-23 LUFS    M:   nan S: -32.0     I: -16.3 LUFS       LRA:   2.8 LU  FTPK:  -inf dBFS  TPK:  -1.5 dBFS
[Parsed_ebur128_0 @ 0x7aa500cc00] t: 43.579979  TARGET:-23 LUFS    M:   nan S: -32.1     I: -16.3 LUFS       LRA:   2.8 LU  FTPK:  -inf dBFS  TPK:  -1.5 dBFS
[Parsed_ebur128_0 @ 0x7aa500cc00] t: 43.679979  TARGET:-23 LUFS    M:   nan S: -43.8     I: -16.3 LUFS       LRA:   2.8 LU  FTPK:  -inf dBFS  TPK:  -1.5 dBFS
[Parsed_ebur128_0 @ 0x7aa500cc00] t: 43.779979  TARGET:-23 LUFS    M:   nan S: -92.6     I: -16.3 LUFS       LRA:   2.8 LU  FTPK:  -inf dBFS  TPK:  -1.5 dBFS
[Parsed_ebur128_0 @ 0x7aa500cc00] t: 43.879979  TARGET:-23 LUFS    M:   nan S:-122.4     I: -16.3 LUFS       LRA:   2.8 LU  FTPK:  -inf dBFS  TPK:  -1.5 dBFS
[Parsed_ebur128_0 @ 0x7aa500cc00] t: 43.979979  TARGET:-23 LUFS    M:   nan S:   nan     I: -16.3 LUFS       LRA:   2.8 LU  FTPK:  -inf dBFS  TPK:  -1.5 dBFS
[Parsed_ebur128_0 @ 0x7aa500cc00] t: 44.079979  TARGET:-23 LUFS    M:   nan S:   nan     I: -16.3 LUFS       LRA:   2.8 LU  FTPK:  -inf dBFS  TPK:  -1.5 dBFS
[Parsed_ebur128_0 @ 0x7aa500cc00] t: 44.179979  TARGET:-23 LUFS    M:   nan S:   nan     I: -16.3 LUFS       LRA:   2.8 LU  FTPK:  -inf dBFS  TPK:  -1.5 dBFS
[Parsed_ebur128_0 @ 0x7aa500cc00] t: 44.279979  TARGET:-23 LUFS    M:   nan S:   nan     I: -16.3 LUFS       LRA:   2.8 LU  FTPK:  -inf dBFS  TPK:  -1.5 dBFS
[Parsed_ebur128_0 @ 0x7aa500cc00] t: 44.379979  TARGET:-23 LUFS    M:   nan S:   nan     I: -16.3 LUFS       LRA:   2.8 LU  FTPK:  -inf dBFS  TPK:  -1.5 dBFS
[Parsed_ebur128_0 @ 0x7aa500cc00] t: 44.479979  TARGET:-23 LUFS    M:   nan S:   nan     I: -16.3 LUFS       LRA:   2.8 LU  FTPK:  -inf dBFS  TPK:  -1.5 dBFS
[Parsed_ebur128_0 @ 0x7aa500cc00] t: 44.579979  TARGET:-23 LUFS    M:   nan S:   nan     I: -16.3 LUFS       LRA:   2.8 LU  FTPK:  -inf dBFS  TPK:  -1.5 dBFS
[Parsed_ebur128_0 @ 0x7aa500cc00] t: 44.679979  TARGET:-23 LUFS    M:   nan S:   nan     I: -16.3 LUFS       LRA:   2.8 LU  FTPK:  -inf dBFS  TPK:  -1.5 dBFS
[Parsed_ebur128_0 @ 0x7aa500cc00] t: 44.779979  TARGET:-23 LUFS    M:   nan S:   nan     I: -16.3 LUFS       LRA:   2.8 LU  FTPK:  -inf dBFS  TPK:  -1.5 dBFS
[Parsed_ebur128_0 @ 0x7aa500cc00] t: 44.879979  TARGET:-23 LUFS    M:   nan S:   nan     I: -16.3 LUFS       LRA:   2.8 LU  FTPK:  -inf dBFS  TPK:  -1.5 dBFS
[Parsed_ebur128_0 @ 0x7aa500cc00] t: 44.979979  TARGET:-23 LUFS    M:   nan S:   nan     I: -16.3 LUFS       LRA:   2.8 LU  FTPK:  -inf dBFS  TPK:  -1.5 dBFS
[Parsed_ebur128_0 @ 0x7aa500cc00] Summary:

  Integrated loudness:
    I:         -16.3 LUFS
    Threshold: -26.6 LUFS

  Loudness range:
    LRA:         2.8 LU
    Threshold: -37.3 LUFS
    LRA low:   -18.7 LUFS
    LRA high:  -15.9 LUFS

  True peak:
    Peak:       -1.5 dBFS
[Parsed_silencedetect_1 @ 0x7aa500ccc0] silence_end: 45 | silence_duration: 4.271917
[out#0/null @ 0x7aa500c3c0] video:0KiB audio:4211KiB subtitle:0KiB other streams:0KiB global headers:0KiB muxing overhead: unknown
size=N/A time=00:00:45.00 bitrate=N/A speed= 453x elapsed=0:00:00.09    
