Input #0, mov,mp4,m4a,3gp,3g2,mj2, from '/Users/is9565/Downloads/NewHorizons/build/reels/2026-10-07/02-ocean-heat.mp4':
  Metadata:
    major_brand     : isom
    minor_version   : 512
    compatible_brands: isomiso2avc1mp41
    encoder         : Lavf63.1.101
  Duration: 00:00:45.00, start: 0.000000, bitrate: 4779 kb/s
  Stream #0:0[0x1](und): Video: h264 (High) (avc1 / 0x31637661), yuv420p(tv, bt709, progressive), 1080x1920 [SAR 1:1 DAR 9:16], 4625 kb/s, 60 fps, 60 tbr, 15360 tbn (default)
    Metadata:
      handler_name    : VideoHandler
      encoder         : Lavc63.1.101 libx264
  Stream #0:1[0x2](und): Audio: aac (LC) (mp4a / 0x6134706D), 48000 Hz, mono, fltp, 141 kb/s (default)
    Metadata:
      handler_name    : SoundHandler
Stream mapping:
  Stream #0:1 -> #0:0 (aac (native) -> pcm_s16le (native))
[Parsed_ebur128_0 @ 0x7894c24c00] t: 0.0999792  TARGET:-23 LUFS    M:-120.7 S:-120.7     I: -70.0 LUFS       LRA:   0.0 LU  FTPK: -125.0 dBFS  TPK: -125.0 dBFS
Output #0, null, to 'pipe:':
  Metadata:
    major_brand     : isom
    minor_version   : 512
    compatible_brands: isomiso2avc1mp41
    encoder         : Lavf63.1.101
  Stream #0:0(und): Audio: pcm_s16le, 48000 Hz, mono, s16, 768 kb/s (default)
    Metadata:
      encoder         : Lavc63.1.101 pcm_s16le
      handler_name    : SoundHandler
[Parsed_ebur128_0 @ 0x7894c24c00] t: 0.199979   TARGET:-23 LUFS    M:-120.7 S:-120.7     I: -70.0 LUFS       LRA:   0.0 LU  FTPK: -66.7 dBFS  TPK: -66.7 dBFS
[Parsed_ebur128_0 @ 0x7894c24c00] t: 0.299979   TARGET:-23 LUFS    M:-120.7 S:-120.7     I: -70.0 LUFS       LRA:   0.0 LU  FTPK:  -5.5 dBFS  TPK:  -5.5 dBFS
[Parsed_ebur128_0 @ 0x7894c24c00] t: 0.399979   TARGET:-23 LUFS    M: -18.4 S:-120.7     I: -18.5 LUFS       LRA:   0.0 LU  FTPK:  -1.8 dBFS  TPK:  -1.8 dBFS
[Parsed_ebur128_0 @ 0x7894c24c00] t: 0.499979   TARGET:-23 LUFS    M: -14.8 S:-120.7     I: -16.3 LUFS       LRA:   0.0 LU  FTPK:  -1.5 dBFS  TPK:  -1.5 dBFS
[Parsed_ebur128_0 @ 0x7894c24c00] t: 0.599979   TARGET:-23 LUFS    M: -14.0 S:-120.7     I: -15.4 LUFS       LRA:   0.0 LU  FTPK:  -1.5 dBFS  TPK:  -1.5 dBFS
[Parsed_ebur128_0 @ 0x7894c24c00] t: 0.699979   TARGET:-23 LUFS    M: -13.3 S:-120.7     I: -14.7 LUFS       LRA:   0.0 LU  FTPK:  -3.5 dBFS  TPK:  -1.5 dBFS
[Parsed_ebur128_0 @ 0x7894c24c00] t: 0.799979   TARGET:-23 LUFS    M: -14.1 S:-120.7     I: -14.6 LUFS       LRA:   0.0 LU  FTPK:  -8.7 dBFS  TPK:  -1.5 dBFS
[Parsed_ebur128_0 @ 0x7894c24c00] t: 0.899979   TARGET:-23 LUFS    M: -15.7 S:-120.7     I: -14.8 LUFS       LRA:   0.0 LU  FTPK:  -3.8 dBFS  TPK:  -1.5 dBFS
[Parsed_ebur128_0 @ 0x7894c24c00] t: 0.999979   TARGET:-23 LUFS    M: -16.0 S:-120.7     I: -14.9 LUFS       LRA:   0.0 LU  FTPK:  -7.3 dBFS  TPK:  -1.5 dBFS
[Parsed_ebur128_0 @ 0x7894c24c00] t: 1.099979   TARGET:-23 LUFS    M: -17.5 S:-120.7     I: -15.2 LUFS       LRA:   0.0 LU  FTPK:  -9.8 dBFS  TPK:  -1.5 dBFS
[Parsed_ebur128_0 @ 0x7894c24c00] t: 1.199979   TARGET:-23 LUFS    M: -16.5 S:-120.7     I: -15.3 LUFS       LRA:   0.0 LU  FTPK:  -4.3 dBFS  TPK:  -1.5 dBFS
[Parsed_ebur128_0 @ 0x7894c24c00] t: 1.299979   TARGET:-23 LUFS    M: -17.5 S:-120.7     I: -15.5 LUFS       LRA:   0.0 LU  FTPK:  -9.6 dBFS  TPK:  -1.5 dBFS
[Parsed_ebur128_0 @ 0x7894c24c00] t: 1.399979   TARGET:-23 LUFS    M: -19.0 S:-120.7     I: -15.7 LUFS       LRA:   0.0 LU  FTPK: -10.9 dBFS  TPK:  -1.5 dBFS
[Parsed_ebur128_0 @ 0x7894c24c00] t: 1.499979   TARGET:-23 LUFS    M: -19.8 S:-120.7     I: -15.9 LUFS       LRA:   0.0 LU  FTPK: -40.3 dBFS  TPK:  -1.5 dBFS
[Parsed_ebur128_0 @ 0x7894c24c00] t: 1.599979   TARGET:-23 LUFS    M: -25.7 S:-120.7     I: -16.3 LUFS       LRA:   0.0 LU  FTPK: -14.6 dBFS  TPK:  -1.5 dBFS
[Parsed_ebur128_0 @ 0x7894c24c00] t: 1.699979   TARGET:-23 LUFS    M: -17.1 S:-120.7     I: -16.3 LUFS       LRA:   0.0 LU  FTPK:  -2.3 dBFS  TPK:  -1.5 dBFS
[Parsed_ebur128_0 @ 0x7894c24c00] t: 1.799979   TARGET:-23 LUFS    M: -15.6 S:-120.7     I: -16.3 LUFS       LRA:   0.0 LU  FTPK:  -1.6 dBFS  TPK:  -1.5 dBFS
[Parsed_ebur128_0 @ 0x7894c24c00] t: 1.899979   TARGET:-23 LUFS    M: -15.1 S:-120.7     I: -16.2 LUFS       LRA:   0.0 LU  FTPK:  -1.5 dBFS  TPK:  -1.5 dBFS
[Parsed_ebur128_0 @ 0x7894c24c00] t: 1.999979   TARGET:-23 LUFS    M: -14.1 S:-120.7     I: -16.0 LUFS       LRA:   0.0 LU  FTPK:  -2.3 dBFS  TPK:  -1.5 dBFS
[Parsed_ebur128_0 @ 0x7894c24c00] t: 2.099979   TARGET:-23 LUFS    M: -15.4 S:-120.7     I: -16.0 LUFS       LRA:   0.0 LU  FTPK:  -1.5 dBFS  TPK:  -1.5 dBFS
[Parsed_ebur128_0 @ 0x7894c24c00] t: 2.199979   TARGET:-23 LUFS    M: -16.7 S:-120.7     I: -16.0 LUFS       LRA:   0.0 LU  FTPK:  -9.5 dBFS  TPK:  -1.5 dBFS
[Parsed_ebur128_0 @ 0x7894c24c00] t: 2.299979   TARGET:-23 LUFS    M: -17.0 S:-120.7     I: -16.1 LUFS       LRA:   0.0 LU  FTPK:  -7.1 dBFS  TPK:  -1.5 dBFS
[Parsed_ebur128_0 @ 0x7894c24c00] t: 2.399979   TARGET:-23 LUFS    M: -18.3 S:-120.7     I: -16.1 LUFS       LRA:   0.0 LU  FTPK:  -8.3 dBFS  TPK:  -1.5 dBFS
[Parsed_ebur128_0 @ 0x7894c24c00] t: 2.499979   TARGET:-23 LUFS    M: -20.8 S:-120.7     I: -16.3 LUFS       LRA:   0.0 LU  FTPK:  -8.8 dBFS  TPK:  -1.5 dBFS
[Parsed_ebur128_0 @ 0x7894c24c00] t: 2.599979   TARGET:-23 LUFS    M: -20.3 S:-120.7     I: -16.4 LUFS       LRA:   0.0 LU  FTPK:  -7.9 dBFS  TPK:  -1.5 dBFS
[Parsed_ebur128_0 @ 0x7894c24c00] t: 2.699979   TARGET:-23 LUFS    M: -17.2 S:-120.7     I: -16.4 LUFS       LRA:   0.0 LU  FTPK:  -2.1 dBFS  TPK:  -1.5 dBFS
[Parsed_ebur128_0 @ 0x7894c24c00] t: 2.799979   TARGET:-23 LUFS    M: -16.5 S:-120.7     I: -16.4 LUFS       LRA:   0.0 LU  FTPK:  -6.5 dBFS  TPK:  -1.5 dBFS
[Parsed_ebur128_0 @ 0x7894c24c00] t: 2.899979   TARGET:-23 LUFS    M: -14.7 S:-120.7     I: -16.3 LUFS       LRA:   0.0 LU  FTPK:  -2.2 dBFS  TPK:  -1.5 dBFS
[Parsed_ebur128_0 @ 0x7894c24c00] t: 2.999979   TARGET:-23 LUFS    M: -13.8 S: -16.3     I: -16.2 LUFS       LRA:  20.0 LU  FTPK:  -2.8 dBFS  TPK:  -1.5 dBFS
[Parsed_ebur128_0 @ 0x7894c24c00] t: 3.099979   TARGET:-23 LUFS    M: -15.1 S: -16.2     I: -16.2 LUFS       LRA:  20.0 LU  FTPK: -10.4 dBFS  TPK:  -1.5 dBFS
[Parsed_ebur128_0 @ 0x7894c24c00] t: 3.199979   TARGET:-23 LUFS    M: -14.5 S: -16.0     I: -16.1 LUFS       LRA:  20.2 LU  FTPK:  -1.5 dBFS  TPK:  -1.5 dBFS
[Parsed_ebur128_0 @ 0x7894c24c00] t: 3.299979   TARGET:-23 LUFS    M: -16.1 S: -16.0     I: -16.1 LUFS       LRA:  20.1 LU  FTPK:  -4.3 dBFS  TPK:  -1.5 dBFS
[Parsed_ebur128_0 @ 0x7894c24c00] t: 3.399979   TARGET:-23 LUFS    M: -17.0 S: -16.1     I: -16.1 LUFS       LRA:   0.3 LU  FTPK:  -5.2 dBFS  TPK:  -1.5 dBFS
[Parsed_ebur128_0 @ 0x7894c24c00] t: 3.499979   TARGET:-23 LUFS    M: -16.9 S: -16.5     I: -16.2 LUFS       LRA:   0.6 LU  FTPK: -11.5 dBFS  TPK:  -1.5 dBFS
[Parsed_ebur128_0 @ 0x7894c24c00] t: 3.599979   TARGET:-23 LUFS    M: -16.8 S: -16.4     I: -16.2 LUFS       LRA:   0.6 LU  FTPK:  -3.1 dBFS  TPK:  -1.5 dBFS
[Parsed_ebur128_0 @ 0x7894c24c00] t: 3.699979   TARGET:-23 LUFS    M: -15.5 S: -16.4     I: -16.2 LUFS       LRA:   0.6 LU  FTPK:  -3.5 dBFS  TPK:  -1.5 dBFS
[Parsed_ebur128_0 @ 0x7894c24c00] t: 3.799979   TARGET:-23 LUFS    M: -15.7 S: -16.4     I: -16.1 LUFS       LRA:   0.6 LU  FTPK:  -7.4 dBFS  TPK:  -1.5 dBFS
[Parsed_ebur128_0 @ 0x7894c24c00] t: 3.899979   TARGET:-23 LUFS    M: -15.9 S: -16.6     I: -16.1 LUFS       LRA:   0.6 LU  FTPK: -10.7 dBFS  TPK:  -1.5 dBFS
[Parsed_ebur128_0 @ 0x7894c24c00] t: 3.999979   TARGET:-23 LUFS    M: -18.1 S: -16.7     I: -16.2 LUFS       LRA:   0.7 LU  FTPK: -13.2 dBFS  TPK:  -1.5 dBFS
[Parsed_ebur128_0 @ 0x7894c24c00] t: 4.099979   TARGET:-23 LUFS    M: -21.0 S: -16.7     I: -16.3 LUFS       LRA:   0.7 LU  FTPK:  -8.4 dBFS  TPK:  -1.5 dBFS
[Parsed_ebur128_0 @ 0x7894c24c00] t: 4.199979   TARGET:-23 LUFS    M: -24.1 S: -16.9     I: -16.3 LUFS       LRA:   0.9 LU  FTPK: -40.0 dBFS  TPK:  -1.5 dBFS
[Parsed_ebur128_0 @ 0x7894c24c00] t: 4.299979   TARGET:-23 LUFS    M: -24.9 S: -17.0     I: -16.4 LUFS       LRA:   1.0 LU  FTPK: -65.1 dBFS  TPK:  -1.5 dBFS
[Parsed_ebur128_0 @ 0x7894c24c00] t: 4.399979   TARGET:-23 LUFS    M: -25.4 S: -17.0     I: -16.5 LUFS       LRA:   1.0 LU  FTPK: -108.6 dBFS  TPK:  -1.5 dBFS
[Parsed_ebur128_0 @ 0x7894c24c00] t: 4.499979   TARGET:-23 LUFS    M: -62.5 S: -17.0     I: -16.5 LUFS       LRA:   1.0 LU  FTPK:  -inf dBFS  TPK:  -1.5 dBFS
[Parsed_silencedetect_1 @ 0x7894c24cc0] silence_start: 4.099521
[Parsed_ebur128_0 @ 0x7894c24c00] t: 4.599979   TARGET:-23 LUFS    M: -85.4 S: -17.0     I: -16.5 LUFS       LRA:   1.0 LU  FTPK:  -inf dBFS  TPK:  -1.5 dBFS
[Parsed_ebur128_0 @ 0x7894c24c00] t: 4.699979   TARGET:-23 LUFS    M:-135.3 S: -17.6     I: -16.5 LUFS       LRA:   1.0 LU  FTPK:  -inf dBFS  TPK:  -1.5 dBFS
[Parsed_ebur128_0 @ 0x7894c24c00] t: 4.799979   TARGET:-23 LUFS    M:   nan S: -17.9     I: -16.5 LUFS       LRA:   1.6 LU  FTPK:  -inf dBFS  TPK:  -1.5 dBFS
[Parsed_ebur128_0 @ 0x7894c24c00] t: 4.899979   TARGET:-23 LUFS    M: -94.0 S: -18.0     I: -16.5 LUFS       LRA:   1.9 LU  FTPK: -71.0 dBFS  TPK:  -1.5 dBFS
[Parsed_ebur128_0 @ 0x7894c24c00] t: 4.999979   TARGET:-23 LUFS    M: -78.1 S: -18.3     I: -16.5 LUFS       LRA:   2.0 LU  FTPK: -52.0 dBFS  TPK:  -1.5 dBFS
[Parsed_ebur128_0 @ 0x7894c24c00] t: 5.099979   TARGET:-23 LUFS    M: -56.0 S: -18.6     I: -16.5 LUFS       LRA:   2.3 LU  FTPK: -28.6 dBFS  TPK:  -1.5 dBFS
[Parsed_silencedetect_1 @ 0x7894c24cc0] silence_end: 5.095625 | silence_duration: 0.996104
[Parsed_ebur128_0 @ 0x7894c24c00] t: 5.199979   TARGET:-23 LUFS    M: -25.2 S: -18.5     I: -16.6 LUFS       LRA:   2.6 LU  FTPK:  -4.2 dBFS  TPK:  -1.5 dBFS
[Parsed_ebur128_0 @ 0x7894c24c00] t: 5.299979   TARGET:-23 LUFS    M: -19.2 S: -18.3     I: -16.7 LUFS       LRA:   2.6 LU  FTPK:  -1.5 dBFS  TPK:  -1.5 dBFS
[Parsed_ebur128_0 @ 0x7894c24c00] t: 5.399979   TARGET:-23 LUFS    M: -15.3 S: -17.7     I: -16.6 LUFS       LRA:   2.3 LU  FTPK:  -2.3 dBFS  TPK:  -1.5 dBFS
[Parsed_ebur128_0 @ 0x7894c24c00] t: 5.499979   TARGET:-23 LUFS    M: -14.0 S: -17.5     I: -16.6 LUFS       LRA:   2.3 LU  FTPK:  -3.9 dBFS  TPK:  -1.5 dBFS
[Parsed_ebur128_0 @ 0x7894c24c00] t: 5.599979   TARGET:-23 LUFS    M: -14.0 S: -17.5     I: -16.5 LUFS       LRA:   2.3 LU  FTPK:  -7.6 dBFS  TPK:  -1.5 dBFS
[Parsed_ebur128_0 @ 0x7894c24c00] t: 5.699979   TARGET:-23 LUFS    M: -14.0 S: -17.5     I: -16.4 LUFS       LRA:   2.3 LU  FTPK:  -2.2 dBFS  TPK:  -1.5 dBFS
[Parsed_ebur128_0 @ 0x7894c24c00] t: 5.799979   TARGET:-23 LUFS    M: -14.2 S: -17.2     I: -16.4 LUFS       LRA:   2.3 LU  FTPK:  -2.4 dBFS  TPK:  -1.5 dBFS
[Parsed_ebur128_0 @ 0x7894c24c00] t: 5.899979   TARGET:-23 LUFS    M: -14.6 S: -17.5     I: -16.3 LUFS       LRA:   2.3 LU  FTPK:  -4.4 dBFS  TPK:  -1.5 dBFS
[Parsed_ebur128_0 @ 0x7894c24c00] t: 5.999979   TARGET:-23 LUFS    M: -13.9 S: -17.5     I: -16.2 LUFS       LRA:   2.2 LU  FTPK:  -4.7 dBFS  TPK:  -1.5 dBFS
[Parsed_ebur128_0 @ 0x7894c24c00] t: 6.099979   TARGET:-23 LUFS    M: -13.6 S: -17.1     I: -16.2 LUFS       LRA:   2.2 LU  FTPK:  -1.5 dBFS  TPK:  -1.5 dBFS
[Parsed_ebur128_0 @ 0x7894c24c00] t: 6.199979   TARGET:-23 LUFS    M: -15.1 S: -17.4     I: -16.2 LUFS       LRA:   2.2 LU  FTPK:  -7.1 dBFS  TPK:  -1.5 dBFS
[Parsed_ebur128_0 @ 0x7894c24c00] t: 6.299979   TARGET:-23 LUFS    M: -15.2 S: -17.3     I: -16.1 LUFS       LRA:   2.2 LU  FTPK:  -5.4 dBFS  TPK:  -1.5 dBFS
[Parsed_ebur128_0 @ 0x7894c24c00] t: 6.399979   TARGET:-23 LUFS    M: -15.1 S: -17.2     I: -16.1 LUFS       LRA:   2.2 LU  FTPK:  -4.6 dBFS  TPK:  -1.5 dBFS
[Parsed_ebur128_0 @ 0x7894c24c00] t: 6.499979   TARGET:-23 LUFS    M: -16.9 S: -17.1     I: -16.1 LUFS       LRA:   2.2 LU  FTPK:  -8.4 dBFS  TPK:  -1.5 dBFS
[Parsed_ebur128_0 @ 0x7894c24c00] t: 6.599979   TARGET:-23 LUFS    M: -15.5 S: -17.2     I: -16.1 LUFS       LRA:   2.2 LU  FTPK:  -2.7 dBFS  TPK:  -1.5 dBFS
[Parsed_ebur128_0 @ 0x7894c24c00] t: 6.699979   TARGET:-23 LUFS    M: -14.7 S: -17.1     I: -16.1 LUFS       LRA:   2.2 LU  FTPK:  -4.6 dBFS  TPK:  -1.5 dBFS
[Parsed_ebur128_0 @ 0x7894c24c00] t: 6.799979   TARGET:-23 LUFS    M: -15.1 S: -17.0     I: -16.1 LUFS       LRA:   2.2 LU  FTPK:  -6.1 dBFS  TPK:  -1.5 dBFS
[Parsed_ebur128_0 @ 0x7894c24c00] t: 6.899979   TARGET:-23 LUFS    M: -14.4 S: -16.8     I: -16.0 LUFS       LRA:   2.2 LU  FTPK:  -1.5 dBFS  TPK:  -1.5 dBFS
[Parsed_ebur128_0 @ 0x7894c24c00] t: 6.999979   TARGET:-23 LUFS    M: -14.5 S: -16.6     I: -16.0 LUFS       LRA:   2.2 LU  FTPK:  -3.7 dBFS  TPK:  -1.5 dBFS
[Parsed_ebur128_0 @ 0x7894c24c00] t: 7.099979   TARGET:-23 LUFS    M: -15.4 S: -16.5     I: -16.0 LUFS       LRA:   2.2 LU  FTPK:  -5.9 dBFS  TPK:  -1.5 dBFS
[Parsed_ebur128_0 @ 0x7894c24c00] t: 7.199979   TARGET:-23 LUFS    M: -16.3 S: -16.5     I: -16.0 LUFS       LRA:   2.2 LU  FTPK:  -8.7 dBFS  TPK:  -1.5 dBFS
[Parsed_ebur128_0 @ 0x7894c24c00] t: 7.299979   TARGET:-23 LUFS    M: -15.2 S: -16.1     I: -16.0 LUFS       LRA:   2.2 LU  FTPK:  -1.5 dBFS  TPK:  -1.5 dBFS
[Parsed_ebur128_0 @ 0x7894c24c00] t: 7.399979   TARGET:-23 LUFS    M: -16.1 S: -16.0     I: -16.0 LUFS       LRA:   1.9 LU  FTPK:  -6.0 dBFS  TPK:  -1.5 dBFS
[Parsed_ebur128_0 @ 0x7894c24c00] t: 7.499979   TARGET:-23 LUFS    M: -16.4 S: -15.9     I: -16.0 LUFS       LRA:   2.0 LU  FTPK:  -5.5 dBFS  TPK:  -1.5 dBFS
[Parsed_ebur128_0 @ 0x7894c24c00] t: 7.599979   TARGET:-23 LUFS    M: -15.8 S: -15.9     I: -16.0 LUFS       LRA:   2.0 LU  FTPK:  -8.4 dBFS  TPK:  -1.5 dBFS
[Parsed_ebur128_0 @ 0x7894c24c00] t: 7.699979   TARGET:-23 LUFS    M: -16.5 S: -15.6     I: -16.0 LUFS       LRA:   2.0 LU  FTPK:  -1.6 dBFS  TPK:  -1.5 dBFS
[Parsed_ebur128_0 @ 0x7894c24c00] t: 7.799979   TARGET:-23 LUFS    M: -17.2 S: -15.6     I: -16.0 LUFS       LRA:   2.1 LU  FTPK: -14.2 dBFS  TPK:  -1.5 dBFS
[Parsed_ebur128_0 @ 0x7894c24c00] t: 7.899979   TARGET:-23 LUFS    M: -17.5 S: -15.6     I: -16.0 LUFS       LRA:   2.3 LU  FTPK:  -5.1 dBFS  TPK:  -1.5 dBFS
[Parsed_ebur128_0 @ 0x7894c24c00] t: 7.999979   TARGET:-23 LUFS    M: -15.5 S: -15.3     I: -16.0 LUFS       LRA:   2.3 LU  FTPK:  -3.0 dBFS  TPK:  -1.5 dBFS
[Parsed_ebur128_0 @ 0x7894c24c00] t: 8.099979   TARGET:-23 LUFS    M: -16.7 S: -15.2     I: -16.0 LUFS       LRA:   2.3 LU  FTPK:  -6.8 dBFS  TPK:  -1.5 dBFS
[Parsed_ebur128_0 @ 0x7894c24c00] t: 8.199979   TARGET:-23 LUFS    M: -16.4 S: -15.2     I: -16.0 LUFS       LRA:   2.4 LU  FTPK:  -8.0 dBFS  TPK:  -1.5 dBFS
[Parsed_ebur128_0 @ 0x7894c24c00] t: 8.299979   TARGET:-23 LUFS    M: -16.8 S: -15.4     I: -16.0 LUFS       LRA:   2.6 LU  FTPK:  -8.1 dBFS  TPK:  -1.5 dBFS
[Parsed_ebur128_0 @ 0x7894c24c00] t: 8.399979   TARGET:-23 LUFS    M: -20.2 S: -15.7     I: -16.1 LUFS       LRA:   2.5 LU  FTPK:  -6.9 dBFS  TPK:  -1.5 dBFS
[Parsed_ebur128_0 @ 0x7894c24c00] t: 8.499979   TARGET:-23 LUFS    M: -15.3 S: -15.4     I: -16.1 LUFS       LRA:   2.5 LU  FTPK:  -1.5 dBFS  TPK:  -1.5 dBFS
[Parsed_ebur128_0 @ 0x7894c24c00] t: 8.599979   TARGET:-23 LUFS    M: -14.7 S: -15.3     I: -16.0 LUFS       LRA:   2.5 LU  FTPK:  -2.9 dBFS  TPK:  -1.5 dBFS
[Parsed_ebur128_0 @ 0x7894c24c00] t: 8.699979   TARGET:-23 LUFS    M: -14.2 S: -15.4     I: -16.0 LUFS       LRA:   2.5 LU  FTPK:  -4.1 dBFS  TPK:  -1.5 dBFS
[Parsed_ebur128_0 @ 0x7894c24c00] t: 8.799979   TARGET:-23 LUFS    M: -14.0 S: -15.6     I: -16.0 LUFS       LRA:   2.5 LU  FTPK:  -7.3 dBFS  TPK:  -1.5 dBFS
[Parsed_ebur128_0 @ 0x7894c24c00] t: 8.899979   TARGET:-23 LUFS    M: -15.2 S: -15.5     I: -16.0 LUFS       LRA:   2.5 LU  FTPK:  -3.3 dBFS  TPK:  -1.5 dBFS
[Parsed_ebur128_0 @ 0x7894c24c00] t: 8.999979   TARGET:-23 LUFS    M: -15.8 S: -15.6     I: -16.0 LUFS       LRA:   2.5 LU  FTPK: -11.2 dBFS  TPK:  -1.5 dBFS
[Parsed_ebur128_0 @ 0x7894c24c00] t: 9.099979   TARGET:-23 LUFS    M: -16.1 S: -15.8     I: -16.0 LUFS       LRA:   2.5 LU  FTPK:  -6.0 dBFS  TPK:  -1.5 dBFS
[Parsed_ebur128_0 @ 0x7894c24c00] t: 9.199979   TARGET:-23 LUFS    M: -16.6 S: -15.8     I: -16.0 LUFS       LRA:   2.5 LU  FTPK:  -8.8 dBFS  TPK:  -1.5 dBFS
[Parsed_ebur128_0 @ 0x7894c24c00] t: 9.299979   TARGET:-23 LUFS    M: -17.6 S: -15.8     I: -16.0 LUFS       LRA:   2.5 LU  FTPK:  -6.2 dBFS  TPK:  -1.5 dBFS
[Parsed_ebur128_0 @ 0x7894c24c00] t: 9.399979   TARGET:-23 LUFS    M: -17.1 S: -15.9     I: -16.0 LUFS       LRA:   2.4 LU  FTPK:  -7.5 dBFS  TPK:  -1.5 dBFS
[Parsed_ebur128_0 @ 0x7894c24c00] t: 9.499979   TARGET:-23 LUFS    M: -17.8 S: -15.9     I: -16.0 LUFS       LRA:   2.4 LU  FTPK: -10.6 dBFS  TPK:  -1.5 dBFS
[Parsed_ebur128_0 @ 0x7894c24c00] t: 9.599979   TARGET:-23 LUFS    M: -17.0 S: -16.0     I: -16.0 LUFS       LRA:   2.4 LU  FTPK:  -2.6 dBFS  TPK:  -1.5 dBFS
[Parsed_ebur128_0 @ 0x7894c24c00] t: 9.699979   TARGET:-23 LUFS    M: -16.8 S: -16.1     I: -16.0 LUFS       LRA:   2.4 LU  FTPK:  -3.4 dBFS  TPK:  -1.5 dBFS
[Parsed_ebur128_0 @ 0x7894c24c00] t: 9.799979   TARGET:-23 LUFS    M: -15.8 S: -16.0     I: -16.0 LUFS       LRA:   2.4 LU  FTPK:  -4.3 dBFS  TPK:  -1.5 dBFS
[Parsed_ebur128_0 @ 0x7894c24c00] t: 9.899979   TARGET:-23 LUFS    M: -14.0 S: -15.8     I: -16.0 LUFS       LRA:   2.4 LU  FTPK:  -1.5 dBFS  TPK:  -1.5 dBFS
[Parsed_ebur128_0 @ 0x7894c24c00] t: 9.999979   TARGET:-23 LUFS    M: -14.4 S: -16.0     I: -16.0 LUFS       LRA:   2.4 LU  FTPK:  -9.7 dBFS  TPK:  -1.5 dBFS
[Parsed_ebur128_0 @ 0x7894c24c00] t: 10.099979  TARGET:-23 LUFS    M: -15.4 S: -16.1     I: -16.0 LUFS       LRA:   2.4 LU  FTPK:  -4.2 dBFS  TPK:  -1.5 dBFS
[Parsed_ebur128_0 @ 0x7894c24c00] t: 10.199979  TARGET:-23 LUFS    M: -16.8 S: -16.1     I: -16.0 LUFS       LRA:   2.4 LU  FTPK: -10.3 dBFS  TPK:  -1.5 dBFS
[Parsed_ebur128_0 @ 0x7894c24c00] t: 10.299979  TARGET:-23 LUFS    M: -20.7 S: -16.3     I: -16.0 LUFS       LRA:   2.4 LU  FTPK: -10.2 dBFS  TPK:  -1.5 dBFS
[Parsed_ebur128_0 @ 0x7894c24c00] t: 10.399979  TARGET:-23 LUFS    M: -16.6 S: -16.0     I: -16.0 LUFS       LRA:   2.2 LU  FTPK:  -2.7 dBFS  TPK:  -1.5 dBFS
[Parsed_ebur128_0 @ 0x7894c24c00] t: 10.499979  TARGET:-23 LUFS    M: -16.3 S: -16.1     I: -16.0 LUFS       LRA:   2.2 LU  FTPK:  -6.5 dBFS  TPK:  -1.5 dBFS
[Parsed_ebur128_0 @ 0x7894c24c00] t: 10.599979  TARGET:-23 LUFS    M: -16.5 S: -16.1     I: -16.0 LUFS       LRA:   2.2 LU  FTPK: -11.9 dBFS  TPK:  -1.5 dBFS
[Parsed_ebur128_0 @ 0x7894c24c00] t: 10.699979  TARGET:-23 LUFS    M: -16.5 S: -16.3     I: -16.0 LUFS       LRA:   2.2 LU  FTPK:  -7.5 dBFS  TPK:  -1.5 dBFS
[Parsed_ebur128_0 @ 0x7894c24c00] t: 10.799979  TARGET:-23 LUFS    M: -20.9 S: -16.3     I: -16.1 LUFS       LRA:   2.2 LU  FTPK:  -8.5 dBFS  TPK:  -1.5 dBFS
[Parsed_ebur128_0 @ 0x7894c24c00] t: 10.899979  TARGET:-23 LUFS    M: -23.9 S: -16.4     I: -16.1 LUFS       LRA:   2.2 LU  FTPK: -54.7 dBFS  TPK:  -1.5 dBFS
[Parsed_ebur128_0 @ 0x7894c24c00] t: 10.999979  TARGET:-23 LUFS    M: -24.4 S: -16.8     I: -16.1 LUFS       LRA:   2.2 LU  FTPK: -68.0 dBFS  TPK:  -1.5 dBFS
[Parsed_ebur128_0 @ 0x7894c24c00] t: 11.099979  TARGET:-23 LUFS    M: -28.5 S: -16.9     I: -16.1 LUFS       LRA:   2.2 LU  FTPK:  -inf dBFS  TPK:  -1.5 dBFS
[Parsed_ebur128_0 @ 0x7894c24c00] t: 11.199979  TARGET:-23 LUFS    M: -76.9 S: -16.9     I: -16.1 LUFS       LRA:   2.2 LU  FTPK:  -inf dBFS  TPK:  -1.5 dBFS
[Parsed_silencedetect_1 @ 0x7894c24cc0] silence_start: 10.775875
[Parsed_ebur128_0 @ 0x7894c24c00] t: 11.299979  TARGET:-23 LUFS    M: -91.8 S: -17.0     I: -16.1 LUFS       LRA:   2.2 LU  FTPK:  -inf dBFS  TPK:  -1.5 dBFS
[Parsed_ebur128_0 @ 0x7894c24c00] t: 11.399979  TARGET:-23 LUFS    M:   nan S: -17.0     I: -16.1 LUFS       LRA:   2.1 LU  FTPK:  -inf dBFS  TPK:  -1.5 dBFS
[Parsed_ebur128_0 @ 0x7894c24c00] t: 11.499979  TARGET:-23 LUFS    M:   nan S: -17.8     I: -16.1 LUFS       LRA:   2.2 LU  FTPK:  -inf dBFS  TPK:  -1.5 dBFS
[Parsed_ebur128_0 @ 0x7894c24c00] t: 11.599979  TARGET:-23 LUFS    M:   nan S: -18.0     I: -16.1 LUFS       LRA:   2.4 LU  FTPK:  -inf dBFS  TPK:  -1.5 dBFS
[Parsed_ebur128_0 @ 0x7894c24c00] t: 11.699979  TARGET:-23 LUFS    M: -86.9 S: -18.2     I: -16.1 LUFS       LRA:   2.4 LU  FTPK: -63.9 dBFS  TPK:  -1.5 dBFS
[Parsed_ebur128_0 @ 0x7894c24c00] t: 11.799979  TARGET:-23 LUFS    M: -33.8 S: -18.4     I: -16.1 LUFS       LRA:   2.5 LU  FTPK: -12.7 dBFS  TPK:  -1.5 dBFS
[Parsed_silencedetect_1 @ 0x7894c24cc0] silence_end: 11.774104 | silence_duration: 0.998229
[Parsed_ebur128_0 @ 0x7894c24c00] t: 11.899979  TARGET:-23 LUFS    M: -23.3 S: -18.8     I: -16.2 LUFS       LRA:   2.6 LU  FTPK:  -5.1 dBFS  TPK:  -1.5 dBFS
[Parsed_ebur128_0 @ 0x7894c24c00] t: 11.999979  TARGET:-23 LUFS    M: -16.0 S: -18.0     I: -16.2 LUFS       LRA:   2.6 LU  FTPK:  -1.5 dBFS  TPK:  -1.5 dBFS
[Parsed_ebur128_0 @ 0x7894c24c00] t: 12.099979  TARGET:-23 LUFS    M: -15.0 S: -17.9     I: -16.2 LUFS       LRA:   2.6 LU  FTPK:  -8.1 dBFS  TPK:  -1.5 dBFS
[Parsed_ebur128_0 @ 0x7894c24c00] t: 12.199979  TARGET:-23 LUFS    M: -13.9 S: -17.7     I: -16.1 LUFS       LRA:   2.6 LU  FTPK:  -1.5 dBFS  TPK:  -1.5 dBFS
[Parsed_ebur128_0 @ 0x7894c24c00] t: 12.299979  TARGET:-23 LUFS    M: -14.1 S: -17.9     I: -16.1 LUFS       LRA:   2.6 LU  FTPK:  -6.1 dBFS  TPK:  -1.5 dBFS
[Parsed_ebur128_0 @ 0x7894c24c00] t: 12.399979  TARGET:-23 LUFS    M: -17.0 S: -18.0     I: -16.1 LUFS       LRA:   2.6 LU  FTPK: -11.7 dBFS  TPK:  -1.5 dBFS
[Parsed_ebur128_0 @ 0x7894c24c00] t: 12.499979  TARGET:-23 LUFS    M: -16.5 S: -17.7     I: -16.1 LUFS       LRA:   2.6 LU  FTPK:  -4.1 dBFS  TPK:  -1.5 dBFS
[Parsed_ebur128_0 @ 0x7894c24c00] t: 12.599979  TARGET:-23 LUFS    M: -17.5 S: -17.8     I: -16.1 LUFS       LRA:   2.6 LU  FTPK:  -5.7 dBFS  TPK:  -1.5 dBFS
[Parsed_ebur128_0 @ 0x7894c24c00] t: 12.699979  TARGET:-23 LUFS    M: -16.4 S: -17.8     I: -16.1 LUFS       LRA:   2.6 LU  FTPK:  -2.3 dBFS  TPK:  -1.5 dBFS
[Parsed_ebur128_0 @ 0x7894c24c00] t: 12.799979  TARGET:-23 LUFS    M: -16.2 S: -18.1     I: -16.1 LUFS       LRA:   2.6 LU  FTPK:  -8.4 dBFS  TPK:  -1.5 dBFS
[Parsed_ebur128_0 @ 0x7894c24c00] t: 12.899979  TARGET:-23 LUFS    M: -15.9 S: -18.2     I: -16.1 LUFS       LRA:   2.6 LU  FTPK:  -1.5 dBFS  TPK:  -1.5 dBFS
[Parsed_ebur128_0 @ 0x7894c24c00] t: 12.999979  TARGET:-23 LUFS    M: -14.6 S: -17.8     I: -16.1 LUFS       LRA:   2.6 LU  FTPK:  -4.1 dBFS  TPK:  -1.5 dBFS
[Parsed_ebur128_0 @ 0x7894c24c00] t: 13.099979  TARGET:-23 LUFS    M: -15.3 S: -17.8     I: -16.1 LUFS       LRA:   2.6 LU  FTPK:  -8.4 dBFS  TPK:  -1.5 dBFS
[Parsed_ebur128_0 @ 0x7894c24c00] t: 13.199979  TARGET:-23 LUFS    M: -15.2 S: -17.8     I: -16.1 LUFS       LRA:   2.6 LU  FTPK:  -3.4 dBFS  TPK:  -1.5 dBFS
[Parsed_ebur128_0 @ 0x7894c24c00] t: 13.299979  TARGET:-23 LUFS    M: -16.0 S: -17.6     I: -16.1 LUFS       LRA:   2.6 LU  FTPK:  -5.3 dBFS  TPK:  -1.5 dBFS
[Parsed_ebur128_0 @ 0x7894c24c00] t: 13.399979  TARGET:-23 LUFS    M: -18.9 S: -18.2     I: -16.1 LUFS       LRA:   2.6 LU  FTPK: -14.5 dBFS  TPK:  -1.5 dBFS
[Parsed_ebur128_0 @ 0x7894c24c00] t: 13.499979  TARGET:-23 LUFS    M: -20.2 S: -18.3     I: -16.1 LUFS       LRA:   2.7 LU  FTPK: -17.8 dBFS  TPK:  -1.5 dBFS
[Parsed_ebur128_0 @ 0x7894c24c00] t: 13.599979  TARGET:-23 LUFS    M: -21.9 S: -18.4     I: -16.2 LUFS       LRA:   2.8 LU  FTPK: -47.4 dBFS  TPK:  -1.5 dBFS
[Parsed_ebur128_0 @ 0x7894c24c00] t: 13.699979  TARGET:-23 LUFS    M: -23.7 S: -18.3     I: -16.2 LUFS       LRA:   2.8 LU  FTPK:  -2.9 dBFS  TPK:  -1.5 dBFS
[Parsed_ebur128_0 @ 0x7894c24c00] t: 13.799979  TARGET:-23 LUFS    M: -19.6 S: -18.1     I: -16.2 LUFS       LRA:   2.8 LU  FTPK:  -3.5 dBFS  TPK:  -1.5 dBFS
[Parsed_ebur128_0 @ 0x7894c24c00] t: 13.899979  TARGET:-23 LUFS    M: -16.8 S: -17.7     I: -16.2 LUFS       LRA:   2.8 LU  FTPK:  -1.5 dBFS  TPK:  -1.5 dBFS
[Parsed_ebur128_0 @ 0x7894c24c00] t: 13.999979  TARGET:-23 LUFS    M: -16.5 S: -17.7     I: -16.2 LUFS       LRA:   2.8 LU  FTPK:  -8.5 dBFS  TPK:  -1.5 dBFS
[Parsed_ebur128_0 @ 0x7894c24c00] t: 14.099979  TARGET:-23 LUFS    M: -14.3 S: -17.1     I: -16.2 LUFS       LRA:   2.8 LU  FTPK:  -1.5 dBFS  TPK:  -1.5 dBFS
[Parsed_ebur128_0 @ 0x7894c24c00] t: 14.199979  TARGET:-23 LUFS    M: -15.0 S: -17.0     I: -16.2 LUFS       LRA:   2.8 LU  FTPK:  -9.5 dBFS  TPK:  -1.5 dBFS
[Parsed_ebur128_0 @ 0x7894c24c00] t: 14.299979  TARGET:-23 LUFS    M: -15.3 S: -16.8     I: -16.2 LUFS       LRA:   2.8 LU  FTPK:  -6.8 dBFS  TPK:  -1.5 dBFS
[Parsed_ebur128_0 @ 0x7894c24c00] t: 14.399979  TARGET:-23 LUFS    M: -15.3 S: -16.8     I: -16.2 LUFS       LRA:   2.8 LU  FTPK:  -6.2 dBFS  TPK:  -1.5 dBFS
[Parsed_ebur128_0 @ 0x7894c24c00] t: 14.499979  TARGET:-23 LUFS    M: -18.3 S: -16.7     I: -16.2 LUFS       LRA:   2.8 LU  FTPK:  -7.5 dBFS  TPK:  -1.5 dBFS
[Parsed_ebur128_0 @ 0x7894c24c00] t: 14.599979  TARGET:-23 LUFS    M: -18.5 S: -16.7     I: -16.2 LUFS       LRA:   2.8 LU  FTPK:  -9.2 dBFS  TPK:  -1.5 dBFS
[Parsed_ebur128_0 @ 0x7894c24c00] t: 14.699979  TARGET:-23 LUFS    M: -17.4 S: -16.3     I: -16.2 LUFS       LRA:   2.8 LU  FTPK:  -1.5 dBFS  TPK:  -1.5 dBFS
[Parsed_ebur128_0 @ 0x7894c24c00] t: 14.799979  TARGET:-23 LUFS    M: -17.4 S: -16.3     I: -16.2 LUFS       LRA:   2.8 LU  FTPK:  -7.5 dBFS  TPK:  -1.5 dBFS
[Parsed_ebur128_0 @ 0x7894c24c00] t: 14.899979  TARGET:-23 LUFS    M: -16.5 S: -16.2     I: -16.2 LUFS       LRA:   2.8 LU  FTPK:  -3.9 dBFS  TPK:  -1.5 dBFS
[Parsed_ebur128_0 @ 0x7894c24c00] t: 14.999979  TARGET:-23 LUFS    M: -16.3 S: -16.7     I: -16.2 LUFS       LRA:   2.8 LU  FTPK:  -8.3 dBFS  TPK:  -1.5 dBFS
[Parsed_ebur128_0 @ 0x7894c24c00] t: 15.099979  TARGET:-23 LUFS    M: -17.8 S: -16.7     I: -16.2 LUFS       LRA:   2.8 LU  FTPK:  -6.7 dBFS  TPK:  -1.5 dBFS
[Parsed_ebur128_0 @ 0x7894c24c00] t: 15.199979  TARGET:-23 LUFS    M: -16.5 S: -16.8     I: -16.2 LUFS       LRA:   2.8 LU  FTPK:  -3.3 dBFS  TPK:  -1.5 dBFS
[Parsed_ebur128_0 @ 0x7894c24c00] t: 15.299979  TARGET:-23 LUFS    M: -14.3 S: -16.3     I: -16.2 LUFS       LRA:   2.8 LU  FTPK:  -1.5 dBFS  TPK:  -1.5 dBFS
[Parsed_ebur128_0 @ 0x7894c24c00] t: 15.399979  TARGET:-23 LUFS    M: -13.9 S: -16.2     I: -16.2 LUFS       LRA:   2.7 LU  FTPK:  -4.9 dBFS  TPK:  -1.5 dBFS
[Parsed_ebur128_0 @ 0x7894c24c00] t: 15.499979  TARGET:-23 LUFS    M: -14.4 S: -16.4     I: -16.2 LUFS       LRA:   2.7 LU  FTPK: -11.6 dBFS  TPK:  -1.5 dBFS
[Parsed_ebur128_0 @ 0x7894c24c00] t: 15.599979  TARGET:-23 LUFS    M: -15.5 S: -16.5     I: -16.2 LUFS       LRA:   2.7 LU  FTPK: -14.8 dBFS  TPK:  -1.5 dBFS
[Parsed_ebur128_0 @ 0x7894c24c00] t: 15.699979  TARGET:-23 LUFS    M: -22.2 S: -16.7     I: -16.2 LUFS       LRA:   2.7 LU  FTPK: -45.0 dBFS  TPK:  -1.5 dBFS
[Parsed_ebur128_0 @ 0x7894c24c00] t: 15.799979  TARGET:-23 LUFS    M: -30.3 S: -16.8     I: -16.2 LUFS       LRA:   2.7 LU  FTPK: -100.9 dBFS  TPK:  -1.5 dBFS
[Parsed_ebur128_0 @ 0x7894c24c00] t: 15.899979  TARGET:-23 LUFS    M: -37.5 S: -17.1     I: -16.2 LUFS       LRA:   2.7 LU  FTPK:  -inf dBFS  TPK:  -1.5 dBFS
[Parsed_ebur128_0 @ 0x7894c24c00] t: 15.999979  TARGET:-23 LUFS    M: -69.4 S: -17.5     I: -16.2 LUFS       LRA:   2.6 LU  FTPK:  -inf dBFS  TPK:  -1.5 dBFS
[Parsed_silencedetect_1 @ 0x7894c24cc0] silence_start: 15.578771
[Parsed_ebur128_0 @ 0x7894c24c00] t: 16.099979  TARGET:-23 LUFS    M:-128.3 S: -17.6     I: -16.2 LUFS       LRA:   2.6 LU  FTPK:  -inf dBFS  TPK:  -1.5 dBFS
[Parsed_ebur128_0 @ 0x7894c24c00] t: 16.199979  TARGET:-23 LUFS    M:   nan S: -17.7     I: -16.2 LUFS       LRA:   2.6 LU  FTPK:  -inf dBFS  TPK:  -1.5 dBFS
[Parsed_ebur128_0 @ 0x7894c24c00] t: 16.299979  TARGET:-23 LUFS    M:   nan S: -17.9     I: -16.2 LUFS       LRA:   2.6 LU  FTPK:  -inf dBFS  TPK:  -1.5 dBFS
[Parsed_ebur128_0 @ 0x7894c24c00] t: 16.399979  TARGET:-23 LUFS    M:   nan S: -17.9     I: -16.2 LUFS       LRA:   2.6 LU  FTPK: -125.7 dBFS  TPK:  -1.5 dBFS
[Parsed_ebur128_0 @ 0x7894c24c00] t: 16.499979  TARGET:-23 LUFS    M: -84.5 S: -17.9     I: -16.2 LUFS       LRA:   2.6 LU  FTPK: -63.9 dBFS  TPK:  -1.5 dBFS
[Parsed_ebur128_0 @ 0x7894c24c00] t: 16.599979  TARGET:-23 LUFS    M: -25.5 S: -17.8     I: -16.2 LUFS       LRA:   2.6 LU  FTPK:  -9.1 dBFS  TPK:  -1.5 dBFS
[Parsed_silencedetect_1 @ 0x7894c24cc0] silence_end: 16.528146 | silence_duration: 0.949375
[Parsed_ebur128_0 @ 0x7894c24c00] t: 16.699979  TARGET:-23 LUFS    M: -17.9 S: -17.5     I: -16.2 LUFS       LRA:   2.6 LU  FTPK:  -1.5 dBFS  TPK:  -1.5 dBFS
[Parsed_ebur128_0 @ 0x7894c24c00] t: 16.799979  TARGET:-23 LUFS    M: -16.7 S: -17.5     I: -16.2 LUFS       LRA:   2.6 LU  FTPK:  -7.6 dBFS  TPK:  -1.5 dBFS
[Parsed_ebur128_0 @ 0x7894c24c00] t: 16.899979  TARGET:-23 LUFS    M: -15.0 S: -17.5     I: -16.2 LUFS       LRA:   2.6 LU  FTPK:  -1.5 dBFS  TPK:  -1.5 dBFS
[Parsed_ebur128_0 @ 0x7894c24c00] t: 16.999979  TARGET:-23 LUFS    M: -14.3 S: -17.3     I: -16.2 LUFS       LRA:   2.6 LU  FTPK:  -3.1 dBFS  TPK:  -1.5 dBFS
[Parsed_ebur128_0 @ 0x7894c24c00] t: 17.099979  TARGET:-23 LUFS    M: -15.5 S: -17.8     I: -16.2 LUFS       LRA:   2.6 LU  FTPK:  -3.8 dBFS  TPK:  -1.5 dBFS
[Parsed_ebur128_0 @ 0x7894c24c00] t: 17.199979  TARGET:-23 LUFS    M: -15.9 S: -17.7     I: -16.2 LUFS       LRA:   2.6 LU  FTPK:  -5.4 dBFS  TPK:  -1.5 dBFS
[Parsed_ebur128_0 @ 0x7894c24c00] t: 17.299979  TARGET:-23 LUFS    M: -17.1 S: -17.9     I: -16.2 LUFS       LRA:   2.6 LU  FTPK:  -6.5 dBFS  TPK:  -1.5 dBFS
[Parsed_ebur128_0 @ 0x7894c24c00] t: 17.399979  TARGET:-23 LUFS    M: -17.7 S: -17.7     I: -16.2 LUFS       LRA:   2.5 LU  FTPK:  -5.3 dBFS  TPK:  -1.5 dBFS
[Parsed_ebur128_0 @ 0x7894c24c00] t: 17.499979  TARGET:-23 LUFS    M: -18.2 S: -17.8     I: -16.2 LUFS       LRA:   2.5 LU  FTPK:  -7.9 dBFS  TPK:  -1.5 dBFS
[Parsed_ebur128_0 @ 0x7894c24c00] t: 17.599979  TARGET:-23 LUFS    M: -17.0 S: -17.6     I: -16.2 LUFS       LRA:   2.5 LU  FTPK:  -1.9 dBFS  TPK:  -1.5 dBFS
[Parsed_ebur128_0 @ 0x7894c24c00] t: 17.699979  TARGET:-23 LUFS    M: -16.3 S: -17.7     I: -16.2 LUFS       LRA:   2.5 LU  FTPK:  -6.1 dBFS  TPK:  -1.5 dBFS
[Parsed_ebur128_0 @ 0x7894c24c00] t: 17.799979  TARGET:-23 LUFS    M: -15.0 S: -17.3     I: -16.2 LUFS       LRA:   2.5 LU  FTPK:  -2.0 dBFS  TPK:  -1.5 dBFS
[Parsed_ebur128_0 @ 0x7894c24c00] t: 17.899979  TARGET:-23 LUFS    M: -14.8 S: -17.4     I: -16.2 LUFS       LRA:   2.5 LU  FTPK:  -7.4 dBFS  TPK:  -1.5 dBFS
[Parsed_ebur128_0 @ 0x7894c24c00] t: 17.999979  TARGET:-23 LUFS    M: -15.4 S: -17.4     I: -16.2 LUFS       LRA:   2.5 LU  FTPK:  -7.0 dBFS  TPK:  -1.5 dBFS
[Parsed_ebur128_0 @ 0x7894c24c00] t: 18.099979  TARGET:-23 LUFS    M: -16.1 S: -17.4     I: -16.2 LUFS       LRA:   2.5 LU  FTPK:  -7.5 dBFS  TPK:  -1.5 dBFS
[Parsed_ebur128_0 @ 0x7894c24c00] t: 18.199979  TARGET:-23 LUFS    M: -18.2 S: -17.5     I: -16.2 LUFS       LRA:   2.5 LU  FTPK:  -4.6 dBFS  TPK:  -1.5 dBFS
[Parsed_ebur128_0 @ 0x7894c24c00] t: 18.299979  TARGET:-23 LUFS    M: -17.6 S: -18.1     I: -16.2 LUFS       LRA:   2.5 LU  FTPK:  -5.7 dBFS  TPK:  -1.5 dBFS
[Parsed_ebur128_0 @ 0x7894c24c00] t: 18.399979  TARGET:-23 LUFS    M: -15.6 S: -17.8     I: -16.2 LUFS       LRA:   2.5 LU  FTPK:  -1.5 dBFS  TPK:  -1.5 dBFS
[Parsed_ebur128_0 @ 0x7894c24c00] t: 18.499979  TARGET:-23 LUFS    M: -15.8 S: -17.8     I: -16.2 LUFS       LRA:   2.5 LU  FTPK: -11.7 dBFS  TPK:  -1.5 dBFS
[Parsed_ebur128_0 @ 0x7894c24c00] t: 18.599979  TARGET:-23 LUFS    M: -16.5 S: -17.7     I: -16.2 LUFS       LRA:   2.5 LU  FTPK: -10.1 dBFS  TPK:  -1.5 dBFS
[Parsed_ebur128_0 @ 0x7894c24c00] t: 18.699979  TARGET:-23 LUFS    M: -17.7 S: -17.7     I: -16.2 LUFS       LRA:   2.5 LU  FTPK: -11.5 dBFS  TPK:  -1.5 dBFS
[Parsed_ebur128_0 @ 0x7894c24c00] t: 18.799979  TARGET:-23 LUFS    M: -23.2 S: -17.7     I: -16.2 LUFS       LRA:   2.5 LU  FTPK: -10.0 dBFS  TPK:  -1.5 dBFS
[Parsed_ebur128_0 @ 0x7894c24c00] t: 18.899979  TARGET:-23 LUFS    M: -24.7 S: -17.7     I: -16.3 LUFS       LRA:   2.5 LU  FTPK: -28.8 dBFS  TPK:  -1.5 dBFS
[Parsed_ebur128_0 @ 0x7894c24c00] t: 18.999979  TARGET:-23 LUFS    M: -27.5 S: -17.7     I: -16.3 LUFS       LRA:   2.5 LU  FTPK: -42.0 dBFS  TPK:  -1.5 dBFS
[Parsed_ebur128_0 @ 0x7894c24c00] t: 19.099979  TARGET:-23 LUFS    M: -25.6 S: -17.6     I: -16.3 LUFS       LRA:   2.5 LU  FTPK:  -4.3 dBFS  TPK:  -1.5 dBFS
[Parsed_ebur128_0 @ 0x7894c24c00] t: 19.199979  TARGET:-23 LUFS    M: -23.6 S: -17.5     I: -16.3 LUFS       LRA:   2.5 LU  FTPK:  -3.1 dBFS  TPK:  -1.5 dBFS
[Parsed_ebur128_0 @ 0x7894c24c00] t: 19.299979  TARGET:-23 LUFS    M: -15.9 S: -16.9     I: -16.3 LUFS       LRA:   2.5 LU  FTPK:  -1.5 dBFS  TPK:  -1.5 dBFS
[Parsed_ebur128_0 @ 0x7894c24c00] t: 19.399979  TARGET:-23 LUFS    M: -14.0 S: -16.5     I: -16.3 LUFS       LRA:   2.4 LU  FTPK:  -3.7 dBFS  TPK:  -1.5 dBFS
[Parsed_ebur128_0 @ 0x7894c24c00] t: 19.499979  TARGET:-23 LUFS    M: -13.1 S: -16.2     I: -16.3 LUFS       LRA:   2.4 LU  FTPK:  -1.5 dBFS  TPK:  -1.5 dBFS
[Parsed_ebur128_0 @ 0x7894c24c00] t: 19.599979  TARGET:-23 LUFS    M: -12.5 S: -16.0     I: -16.2 LUFS       LRA:   2.4 LU  FTPK:  -2.2 dBFS  TPK:  -1.5 dBFS
[Parsed_ebur128_0 @ 0x7894c24c00] t: 19.699979  TARGET:-23 LUFS    M: -13.9 S: -16.3     I: -16.2 LUFS       LRA:   2.4 LU  FTPK:  -3.2 dBFS  TPK:  -1.5 dBFS
[Parsed_ebur128_0 @ 0x7894c24c00] t: 19.799979  TARGET:-23 LUFS    M: -14.0 S: -16.0     I: -16.2 LUFS       LRA:   2.4 LU  FTPK:  -4.0 dBFS  TPK:  -1.5 dBFS
[Parsed_ebur128_0 @ 0x7894c24c00] t: 19.899979  TARGET:-23 LUFS    M: -14.6 S: -16.2     I: -16.2 LUFS       LRA:   2.4 LU  FTPK:  -6.8 dBFS  TPK:  -1.5 dBFS
[Parsed_ebur128_0 @ 0x7894c24c00] t: 19.999979  TARGET:-23 LUFS    M: -14.5 S: -16.1     I: -16.2 LUFS       LRA:   2.4 LU  FTPK:  -1.5 dBFS  TPK:  -1.5 dBFS
[Parsed_ebur128_0 @ 0x7894c24c00] t: 20.099979  TARGET:-23 LUFS    M: -13.4 S: -15.8     I: -16.2 LUFS       LRA:   2.4 LU  FTPK:  -1.9 dBFS  TPK:  -1.5 dBFS
[Parsed_ebur128_0 @ 0x7894c24c00] t: 20.199979  TARGET:-23 LUFS    M: -14.4 S: -15.8     I: -16.1 LUFS       LRA:   2.4 LU  FTPK:  -5.8 dBFS  TPK:  -1.5 dBFS
[Parsed_ebur128_0 @ 0x7894c24c00] t: 20.299979  TARGET:-23 LUFS    M: -14.6 S: -15.8     I: -16.1 LUFS       LRA:   2.4 LU  FTPK:  -6.6 dBFS  TPK:  -1.5 dBFS
[Parsed_ebur128_0 @ 0x7894c24c00] t: 20.399979  TARGET:-23 LUFS    M: -14.6 S: -15.7     I: -16.1 LUFS       LRA:   2.3 LU  FTPK:  -1.9 dBFS  TPK:  -1.5 dBFS
[Parsed_ebur128_0 @ 0x7894c24c00] t: 20.499979  TARGET:-23 LUFS    M: -15.1 S: -15.5     I: -16.1 LUFS       LRA:   2.4 LU  FTPK:  -4.0 dBFS  TPK:  -1.5 dBFS
[Parsed_ebur128_0 @ 0x7894c24c00] t: 20.599979  TARGET:-23 LUFS    M: -14.8 S: -15.5     I: -16.1 LUFS       LRA:   2.5 LU  FTPK:  -1.5 dBFS  TPK:  -1.5 dBFS
[Parsed_ebur128_0 @ 0x7894c24c00] t: 20.699979  TARGET:-23 LUFS    M: -14.7 S: -15.6     I: -16.1 LUFS       LRA:   2.5 LU  FTPK:  -5.3 dBFS  TPK:  -1.5 dBFS
[Parsed_ebur128_0 @ 0x7894c24c00] t: 20.799979  TARGET:-23 LUFS    M: -14.4 S: -15.6     I: -16.1 LUFS       LRA:   2.5 LU  FTPK:  -2.5 dBFS  TPK:  -1.5 dBFS
[Parsed_ebur128_0 @ 0x7894c24c00] t: 20.899979  TARGET:-23 LUFS    M: -15.2 S: -15.6     I: -16.1 LUFS       LRA:   2.5 LU  FTPK:  -6.7 dBFS  TPK:  -1.5 dBFS
[Parsed_ebur128_0 @ 0x7894c24c00] t: 20.999979  TARGET:-23 LUFS    M: -16.0 S: -15.6     I: -16.1 LUFS       LRA:   2.5 LU  FTPK:  -7.6 dBFS  TPK:  -1.5 dBFS
[Parsed_ebur128_0 @ 0x7894c24c00] t: 21.099979  TARGET:-23 LUFS    M: -16.4 S: -15.6     I: -16.1 LUFS       LRA:   2.5 LU  FTPK: -12.2 dBFS  TPK:  -1.5 dBFS
[Parsed_ebur128_0 @ 0x7894c24c00] t: 21.199979  TARGET:-23 LUFS    M: -18.7 S: -15.6     I: -16.1 LUFS       LRA:   2.5 LU  FTPK:  -5.3 dBFS  TPK:  -1.5 dBFS
[Parsed_ebur128_0 @ 0x7894c24c00] t: 21.299979  TARGET:-23 LUFS    M: -19.2 S: -15.7     I: -16.1 LUFS       LRA:   2.5 LU  FTPK:  -5.3 dBFS  TPK:  -1.5 dBFS
[Parsed_ebur128_0 @ 0x7894c24c00] t: 21.399979  TARGET:-23 LUFS    M: -18.0 S: -15.8     I: -16.1 LUFS       LRA:   2.5 LU  FTPK:  -2.7 dBFS  TPK:  -1.5 dBFS
[Parsed_ebur128_0 @ 0x7894c24c00] t: 21.499979  TARGET:-23 LUFS    M: -18.1 S: -15.9     I: -16.1 LUFS       LRA:   2.5 LU  FTPK: -10.3 dBFS  TPK:  -1.5 dBFS
[Parsed_ebur128_0 @ 0x7894c24c00] t: 21.599979  TARGET:-23 LUFS    M: -18.9 S: -15.8     I: -16.1 LUFS       LRA:   2.5 LU  FTPK:  -9.7 dBFS  TPK:  -1.5 dBFS
[Parsed_ebur128_0 @ 0x7894c24c00] t: 21.699979  TARGET:-23 LUFS    M: -18.2 S: -15.7     I: -16.1 LUFS       LRA:   2.5 LU  FTPK:  -7.3 dBFS  TPK:  -1.5 dBFS
[Parsed_ebur128_0 @ 0x7894c24c00] t: 21.799979  TARGET:-23 LUFS    M: -16.7 S: -15.5     I: -16.1 LUFS       LRA:   2.5 LU  FTPK:  -2.4 dBFS  TPK:  -1.5 dBFS
[Parsed_ebur128_0 @ 0x7894c24c00] t: 21.899979  TARGET:-23 LUFS    M: -16.2 S: -15.4     I: -16.1 LUFS       LRA:   2.5 LU  FTPK:  -8.9 dBFS  TPK:  -1.5 dBFS
[Parsed_ebur128_0 @ 0x7894c24c00] t: 21.999979  TARGET:-23 LUFS    M: -16.4 S: -15.4     I: -16.1 LUFS       LRA:   2.5 LU  FTPK:  -8.2 dBFS  TPK:  -1.5 dBFS
[Parsed_ebur128_0 @ 0x7894c24c00] t: 22.099979  TARGET:-23 LUFS    M: -17.3 S: -15.4     I: -16.2 LUFS       LRA:   2.5 LU  FTPK:  -9.0 dBFS  TPK:  -1.5 dBFS
[Parsed_ebur128_0 @ 0x7894c24c00] t: 22.199979  TARGET:-23 LUFS    M: -19.9 S: -15.4     I: -16.2 LUFS       LRA:   2.5 LU  FTPK:  -3.0 dBFS  TPK:  -1.5 dBFS
[Parsed_ebur128_0 @ 0x7894c24c00] t: 22.299979  TARGET:-23 LUFS    M: -16.7 S: -15.5     I: -16.2 LUFS       LRA:   2.5 LU  FTPK:  -2.5 dBFS  TPK:  -1.5 dBFS
[Parsed_ebur128_0 @ 0x7894c24c00] t: 22.399979  TARGET:-23 LUFS    M: -16.8 S: -15.8     I: -16.2 LUFS       LRA:   2.5 LU  FTPK: -11.2 dBFS  TPK:  -1.5 dBFS
[Parsed_ebur128_0 @ 0x7894c24c00] t: 22.499979  TARGET:-23 LUFS    M: -17.1 S: -16.0     I: -16.2 LUFS       LRA:   2.5 LU  FTPK: -20.8 dBFS  TPK:  -1.5 dBFS
[Parsed_ebur128_0 @ 0x7894c24c00] t: 22.599979  TARGET:-23 LUFS    M: -18.3 S: -16.3     I: -16.2 LUFS       LRA:   2.5 LU  FTPK: -62.9 dBFS  TPK:  -1.5 dBFS
[Parsed_ebur128_0 @ 0x7894c24c00] t: 22.699979  TARGET:-23 LUFS    M: -31.2 S: -16.4     I: -16.2 LUFS       LRA:   2.5 LU  FTPK: -69.6 dBFS  TPK:  -1.5 dBFS
[Parsed_ebur128_0 @ 0x7894c24c00] t: 22.799979  TARGET:-23 LUFS    M: -44.4 S: -16.8     I: -16.2 LUFS       LRA:   2.5 LU  FTPK:  -inf dBFS  TPK:  -1.5 dBFS
[Parsed_ebur128_0 @ 0x7894c24c00] t: 22.899979  TARGET:-23 LUFS    M: -83.1 S: -16.9     I: -16.2 LUFS       LRA:   2.5 LU  FTPK:  -inf dBFS  TPK:  -1.5 dBFS
[Parsed_silencedetect_1 @ 0x7894c24cc0] silence_start: 22.439042
[Parsed_ebur128_0 @ 0x7894c24c00] t: 22.999979  TARGET:-23 LUFS    M: -95.7 S: -17.3     I: -16.2 LUFS       LRA:   2.5 LU  FTPK:  -inf dBFS  TPK:  -1.5 dBFS
[Parsed_ebur128_0 @ 0x7894c24c00] t: 23.099979  TARGET:-23 LUFS    M:   nan S: -17.7     I: -16.2 LUFS       LRA:   2.5 LU  FTPK:  -inf dBFS  TPK:  -1.5 dBFS
[Parsed_ebur128_0 @ 0x7894c24c00] t: 23.199979  TARGET:-23 LUFS    M:   nan S: -17.9     I: -16.2 LUFS       LRA:   2.5 LU  FTPK:  -inf dBFS  TPK:  -1.5 dBFS
[Parsed_ebur128_0 @ 0x7894c24c00] t: 23.299979  TARGET:-23 LUFS    M:   nan S: -18.0     I: -16.2 LUFS       LRA:   2.5 LU  FTPK:  -inf dBFS  TPK:  -1.5 dBFS
[Parsed_ebur128_0 @ 0x7894c24c00] t: 23.399979  TARGET:-23 LUFS    M: -91.0 S: -18.5     I: -16.2 LUFS       LRA:   2.5 LU  FTPK: -67.3 dBFS  TPK:  -1.5 dBFS
[Parsed_ebur128_0 @ 0x7894c24c00] t: 23.499979  TARGET:-23 LUFS    M: -37.9 S: -19.0     I: -16.2 LUFS       LRA:   2.5 LU  FTPK: -17.3 dBFS  TPK:  -1.5 dBFS
[Parsed_silencedetect_1 @ 0x7894c24cc0] silence_end: 23.469437 | silence_duration: 1.030396
[Parsed_ebur128_0 @ 0x7894c24c00] t: 23.599979  TARGET:-23 LUFS    M: -17.2 S: -18.5     I: -16.2 LUFS       LRA:   2.6 LU  FTPK:  -1.5 dBFS  TPK:  -1.5 dBFS
[Parsed_ebur128_0 @ 0x7894c24c00] t: 23.699979  TARGET:-23 LUFS    M: -16.8 S: -18.5     I: -16.2 LUFS       LRA:   2.6 LU  FTPK: -10.1 dBFS  TPK:  -1.5 dBFS
[Parsed_ebur128_0 @ 0x7894c24c00] t: 23.799979  TARGET:-23 LUFS    M: -15.2 S: -18.7     I: -16.2 LUFS       LRA:   2.6 LU  FTPK:  -3.1 dBFS  TPK:  -1.5 dBFS
[Parsed_ebur128_0 @ 0x7894c24c00] t: 23.899979  TARGET:-23 LUFS    M: -14.5 S: -18.7     I: -16.2 LUFS       LRA:   2.6 LU  FTPK:  -2.8 dBFS  TPK:  -1.5 dBFS
[Parsed_ebur128_0 @ 0x7894c24c00] t: 23.999979  TARGET:-23 LUFS    M: -15.2 S: -18.3     I: -16.2 LUFS       LRA:   2.6 LU  FTPK:  -3.0 dBFS  TPK:  -1.5 dBFS
[Parsed_ebur128_0 @ 0x7894c24c00] t: 24.099979  TARGET:-23 LUFS    M: -15.5 S: -18.3     I: -16.2 LUFS       LRA:   2.6 LU  FTPK: -11.8 dBFS  TPK:  -1.5 dBFS
[Parsed_ebur128_0 @ 0x7894c24c00] t: 24.199979  TARGET:-23 LUFS    M: -14.3 S: -17.8     I: -16.2 LUFS       LRA:   2.6 LU  FTPK:  -1.5 dBFS  TPK:  -1.5 dBFS
[Parsed_ebur128_0 @ 0x7894c24c00] t: 24.299979  TARGET:-23 LUFS    M: -13.9 S: -17.6     I: -16.1 LUFS       LRA:   2.6 LU  FTPK:  -5.3 dBFS  TPK:  -1.5 dBFS
[Parsed_ebur128_0 @ 0x7894c24c00] t: 24.399979  TARGET:-23 LUFS    M: -15.2 S: -17.7     I: -16.1 LUFS       LRA:   2.6 LU  FTPK:  -7.7 dBFS  TPK:  -1.5 dBFS
[Parsed_ebur128_0 @ 0x7894c24c00] t: 24.499979  TARGET:-23 LUFS    M: -14.6 S: -17.6     I: -16.1 LUFS       LRA:   2.6 LU  FTPK:  -3.5 dBFS  TPK:  -1.5 dBFS
[Parsed_ebur128_0 @ 0x7894c24c00] t: 24.599979  TARGET:-23 LUFS    M: -15.4 S: -17.3     I: -16.1 LUFS       LRA:   2.6 LU  FTPK:  -3.1 dBFS  TPK:  -1.5 dBFS
[Parsed_ebur128_0 @ 0x7894c24c00] t: 24.699979  TARGET:-23 LUFS    M: -15.7 S: -17.2     I: -16.1 LUFS       LRA:   2.6 LU  FTPK:  -4.4 dBFS  TPK:  -1.5 dBFS
[Parsed_ebur128_0 @ 0x7894c24c00] t: 24.799979  TARGET:-23 LUFS    M: -15.3 S: -17.5     I: -16.1 LUFS       LRA:   2.6 LU  FTPK:  -3.7 dBFS  TPK:  -1.5 dBFS
[Parsed_ebur128_0 @ 0x7894c24c00] t: 24.899979  TARGET:-23 LUFS    M: -14.6 S: -17.3     I: -16.1 LUFS       LRA:   2.6 LU  FTPK:  -4.6 dBFS  TPK:  -1.5 dBFS
[Parsed_ebur128_0 @ 0x7894c24c00] t: 24.999979  TARGET:-23 LUFS    M: -14.8 S: -17.0     I: -16.1 LUFS       LRA:   2.6 LU  FTPK:  -3.6 dBFS  TPK:  -1.5 dBFS
[Parsed_ebur128_0 @ 0x7894c24c00] t: 25.099979  TARGET:-23 LUFS    M: -14.8 S: -16.8     I: -16.1 LUFS       LRA:   2.6 LU  FTPK:  -5.6 dBFS  TPK:  -1.5 dBFS
[Parsed_ebur128_0 @ 0x7894c24c00] t: 25.199979  TARGET:-23 LUFS    M: -15.3 S: -16.9     I: -16.1 LUFS       LRA:   2.6 LU  FTPK:  -8.5 dBFS  TPK:  -1.5 dBFS
[Parsed_ebur128_0 @ 0x7894c24c00] t: 25.299979  TARGET:-23 LUFS    M: -15.7 S: -17.1     I: -16.1 LUFS       LRA:   2.6 LU  FTPK:  -7.4 dBFS  TPK:  -1.5 dBFS
[Parsed_ebur128_0 @ 0x7894c24c00] t: 25.399979  TARGET:-23 LUFS    M: -16.8 S: -17.0     I: -16.1 LUFS       LRA:   2.6 LU  FTPK:  -8.6 dBFS  TPK:  -1.5 dBFS
[Parsed_ebur128_0 @ 0x7894c24c00] t: 25.499979  TARGET:-23 LUFS    M: -17.6 S: -16.9     I: -16.1 LUFS       LRA:   2.6 LU  FTPK:  -6.9 dBFS  TPK:  -1.5 dBFS
[Parsed_ebur128_0 @ 0x7894c24c00] t: 25.599979  TARGET:-23 LUFS    M: -17.7 S: -16.8     I: -16.1 LUFS       LRA:   2.6 LU  FTPK:  -9.4 dBFS  TPK:  -1.5 dBFS
[Parsed_ebur128_0 @ 0x7894c24c00] t: 25.699979  TARGET:-23 LUFS    M: -19.6 S: -16.8     I: -16.1 LUFS       LRA:   2.6 LU  FTPK: -13.9 dBFS  TPK:  -1.5 dBFS
[Parsed_ebur128_0 @ 0x7894c24c00] t: 25.799979  TARGET:-23 LUFS    M: -22.0 S: -16.8     I: -16.1 LUFS       LRA:   2.6 LU  FTPK: -14.2 dBFS  TPK:  -1.5 dBFS
[Parsed_ebur128_0 @ 0x7894c24c00] t: 25.899979  TARGET:-23 LUFS    M: -25.2 S: -16.8     I: -16.1 LUFS       LRA:   2.6 LU  FTPK: -50.2 dBFS  TPK:  -1.5 dBFS
[Parsed_ebur128_0 @ 0x7894c24c00] t: 25.999979  TARGET:-23 LUFS    M: -20.9 S: -16.6     I: -16.2 LUFS       LRA:   2.6 LU  FTPK:  -3.8 dBFS  TPK:  -1.5 dBFS
[Parsed_ebur128_0 @ 0x7894c24c00] t: 26.099979  TARGET:-23 LUFS    M: -17.8 S: -16.4     I: -16.2 LUFS       LRA:   2.6 LU  FTPK:  -2.1 dBFS  TPK:  -1.5 dBFS
[Parsed_ebur128_0 @ 0x7894c24c00] t: 26.199979  TARGET:-23 LUFS    M: -16.6 S: -16.2     I: -16.2 LUFS       LRA:   2.6 LU  FTPK:  -4.6 dBFS  TPK:  -1.5 dBFS
[Parsed_ebur128_0 @ 0x7894c24c00] t: 26.299979  TARGET:-23 LUFS    M: -14.8 S: -16.0     I: -16.2 LUFS       LRA:   2.6 LU  FTPK:  -2.2 dBFS  TPK:  -1.5 dBFS
[Parsed_ebur128_0 @ 0x7894c24c00] t: 26.399979  TARGET:-23 LUFS    M: -14.9 S: -15.8     I: -16.2 LUFS       LRA:   2.5 LU  FTPK:  -3.7 dBFS  TPK:  -1.5 dBFS
[Parsed_ebur128_0 @ 0x7894c24c00] t: 26.499979  TARGET:-23 LUFS    M: -15.1 S: -15.7     I: -16.1 LUFS       LRA:   2.5 LU  FTPK:  -2.3 dBFS  TPK:  -1.5 dBFS
[Parsed_ebur128_0 @ 0x7894c24c00] t: 26.599979  TARGET:-23 LUFS    M: -14.9 S: -15.9     I: -16.1 LUFS       LRA:   2.5 LU  FTPK:  -5.0 dBFS  TPK:  -1.5 dBFS
[Parsed_ebur128_0 @ 0x7894c24c00] t: 26.699979  TARGET:-23 LUFS    M: -14.7 S: -15.7     I: -16.1 LUFS       LRA:   2.5 LU  FTPK:  -3.8 dBFS  TPK:  -1.5 dBFS
[Parsed_ebur128_0 @ 0x7894c24c00] t: 26.799979  TARGET:-23 LUFS    M: -14.5 S: -15.7     I: -16.1 LUFS       LRA:   2.5 LU  FTPK:  -7.1 dBFS  TPK:  -1.5 dBFS
[Parsed_ebur128_0 @ 0x7894c24c00] t: 26.899979  TARGET:-23 LUFS    M: -14.0 S: -15.6     I: -16.1 LUFS       LRA:   2.5 LU  FTPK:  -3.1 dBFS  TPK:  -1.5 dBFS
[Parsed_ebur128_0 @ 0x7894c24c00] t: 26.999979  TARGET:-23 LUFS    M: -14.9 S: -15.9     I: -16.1 LUFS       LRA:   2.5 LU  FTPK: -15.2 dBFS  TPK:  -1.5 dBFS
[Parsed_ebur128_0 @ 0x7894c24c00] t: 27.099979  TARGET:-23 LUFS    M: -16.6 S: -15.8     I: -16.1 LUFS       LRA:   2.5 LU  FTPK:  -9.7 dBFS  TPK:  -1.5 dBFS
[Parsed_ebur128_0 @ 0x7894c24c00] t: 27.199979  TARGET:-23 LUFS    M: -18.2 S: -16.2     I: -16.1 LUFS       LRA:   2.5 LU  FTPK: -17.8 dBFS  TPK:  -1.5 dBFS
[Parsed_ebur128_0 @ 0x7894c24c00] t: 27.299979  TARGET:-23 LUFS    M: -17.4 S: -16.1     I: -16.1 LUFS       LRA:   2.5 LU  FTPK:  -1.5 dBFS  TPK:  -1.5 dBFS
[Parsed_ebur128_0 @ 0x7894c24c00] t: 27.399979  TARGET:-23 LUFS    M: -15.9 S: -16.0     I: -16.1 LUFS       LRA:   2.5 LU  FTPK:  -2.8 dBFS  TPK:  -1.5 dBFS
[Parsed_ebur128_0 @ 0x7894c24c00] t: 27.499979  TARGET:-23 LUFS    M: -16.1 S: -16.0     I: -16.1 LUFS       LRA:   2.5 LU  FTPK:  -6.1 dBFS  TPK:  -1.5 dBFS
[Parsed_ebur128_0 @ 0x7894c24c00] t: 27.599979  TARGET:-23 LUFS    M: -13.7 S: -15.9     I: -16.1 LUFS       LRA:   2.5 LU  FTPK:  -1.9 dBFS  TPK:  -1.5 dBFS
[Parsed_ebur128_0 @ 0x7894c24c00] t: 27.699979  TARGET:-23 LUFS    M: -15.6 S: -16.1     I: -16.1 LUFS       LRA:   2.5 LU  FTPK: -12.4 dBFS  TPK:  -1.5 dBFS
[Parsed_ebur128_0 @ 0x7894c24c00] t: 27.799979  TARGET:-23 LUFS    M: -16.6 S: -16.1     I: -16.1 LUFS       LRA:   2.5 LU  FTPK:  -8.4 dBFS  TPK:  -1.5 dBFS
[Parsed_ebur128_0 @ 0x7894c24c00] t: 27.899979  TARGET:-23 LUFS    M: -16.8 S: -16.4     I: -16.1 LUFS       LRA:   2.5 LU  FTPK: -10.8 dBFS  TPK:  -1.5 dBFS
[Parsed_ebur128_0 @ 0x7894c24c00] t: 27.999979  TARGET:-23 LUFS    M: -21.8 S: -16.5     I: -16.1 LUFS       LRA:   2.5 LU  FTPK:  -8.7 dBFS  TPK:  -1.5 dBFS
[Parsed_ebur128_0 @ 0x7894c24c00] t: 28.099979  TARGET:-23 LUFS    M: -22.1 S: -16.7     I: -16.1 LUFS       LRA:   2.5 LU  FTPK: -15.7 dBFS  TPK:  -1.5 dBFS
[Parsed_ebur128_0 @ 0x7894c24c00] t: 28.199979  TARGET:-23 LUFS    M: -23.4 S: -16.8     I: -16.1 LUFS       LRA:   2.5 LU  FTPK: -54.4 dBFS  TPK:  -1.5 dBFS
[Parsed_ebur128_0 @ 0x7894c24c00] t: 28.299979  TARGET:-23 LUFS    M: -23.9 S: -17.0     I: -16.2 LUFS       LRA:   2.5 LU  FTPK: -69.1 dBFS  TPK:  -1.5 dBFS
[Parsed_ebur128_0 @ 0x7894c24c00] t: 28.399979  TARGET:-23 LUFS    M: -38.0 S: -17.1     I: -16.2 LUFS       LRA:   2.5 LU  FTPK: -136.3 dBFS  TPK:  -1.5 dBFS
[Parsed_ebur128_0 @ 0x7894c24c00] t: 28.499979  TARGET:-23 LUFS    M: -78.5 S: -17.2     I: -16.2 LUFS       LRA:   2.5 LU  FTPK:  -inf dBFS  TPK:  -1.5 dBFS
[Parsed_silencedetect_1 @ 0x7894c24cc0] silence_start: 28.070542
[Parsed_ebur128_0 @ 0x7894c24c00] t: 28.599979  TARGET:-23 LUFS    M: -93.6 S: -17.3     I: -16.2 LUFS       LRA:   2.5 LU  FTPK:  -inf dBFS  TPK:  -1.5 dBFS
[Parsed_ebur128_0 @ 0x7894c24c00] t: 28.699979  TARGET:-23 LUFS    M:-168.9 S: -17.3     I: -16.2 LUFS       LRA:   2.5 LU  FTPK:  -inf dBFS  TPK:  -1.5 dBFS
[Parsed_ebur128_0 @ 0x7894c24c00] t: 28.799979  TARGET:-23 LUFS    M:   nan S: -17.3     I: -16.2 LUFS       LRA:   2.5 LU  FTPK:  -inf dBFS  TPK:  -1.5 dBFS
[Parsed_ebur128_0 @ 0x7894c24c00] t: 28.899979  TARGET:-23 LUFS    M:   nan S: -17.3     I: -16.2 LUFS       LRA:   2.5 LU  FTPK:  -inf dBFS  TPK:  -1.5 dBFS
[Parsed_ebur128_0 @ 0x7894c24c00] t: 28.999979  TARGET:-23 LUFS    M: -89.9 S: -17.5     I: -16.2 LUFS       LRA:   2.5 LU  FTPK: -61.1 dBFS  TPK:  -1.5 dBFS
[Parsed_ebur128_0 @ 0x7894c24c00] t: 29.099979  TARGET:-23 LUFS    M: -37.3 S: -17.9     I: -16.2 LUFS       LRA:   2.5 LU  FTPK: -15.0 dBFS  TPK:  -1.5 dBFS
[Parsed_silencedetect_1 @ 0x7894c24cc0] silence_end: 29.080875 | silence_duration: 1.010333
[Parsed_ebur128_0 @ 0x7894c24c00] t: 29.199979  TARGET:-23 LUFS    M: -24.2 S: -17.9     I: -16.2 LUFS       LRA:   2.5 LU  FTPK:  -5.0 dBFS  TPK:  -1.5 dBFS
[Parsed_ebur128_0 @ 0x7894c24c00] t: 29.299979  TARGET:-23 LUFS    M: -17.6 S: -17.9     I: -16.2 LUFS       LRA:   2.5 LU  FTPK:  -1.5 dBFS  TPK:  -1.5 dBFS
[Parsed_ebur128_0 @ 0x7894c24c00] t: 29.399979  TARGET:-23 LUFS    M: -15.9 S: -17.8     I: -16.2 LUFS       LRA:   2.5 LU  FTPK:  -1.5 dBFS  TPK:  -1.5 dBFS
[Parsed_ebur128_0 @ 0x7894c24c00] t: 29.499979  TARGET:-23 LUFS    M: -15.2 S: -17.9     I: -16.2 LUFS       LRA:   2.5 LU  FTPK:  -8.1 dBFS  TPK:  -1.5 dBFS
[Parsed_ebur128_0 @ 0x7894c24c00] t: 29.599979  TARGET:-23 LUFS    M: -13.5 S: -17.5     I: -16.2 LUFS       LRA:   2.5 LU  FTPK:  -2.1 dBFS  TPK:  -1.5 dBFS
[Parsed_ebur128_0 @ 0x7894c24c00] t: 29.699979  TARGET:-23 LUFS    M: -14.1 S: -17.7     I: -16.2 LUFS       LRA:   2.5 LU  FTPK:  -2.7 dBFS  TPK:  -1.5 dBFS
[Parsed_ebur128_0 @ 0x7894c24c00] t: 29.799979  TARGET:-23 LUFS    M: -14.1 S: -17.6     I: -16.1 LUFS       LRA:   2.5 LU  FTPK:  -1.5 dBFS  TPK:  -1.5 dBFS
[Parsed_ebur128_0 @ 0x7894c24c00] t: 29.899979  TARGET:-23 LUFS    M: -13.8 S: -17.8     I: -16.1 LUFS       LRA:   2.5 LU  FTPK:  -1.5 dBFS  TPK:  -1.5 dBFS
[Parsed_ebur128_0 @ 0x7894c24c00] t: 29.999979  TARGET:-23 LUFS    M: -16.0 S: -17.8     I: -16.1 LUFS       LRA:   2.5 LU  FTPK:  -8.2 dBFS  TPK:  -1.5 dBFS
[Parsed_ebur128_0 @ 0x7894c24c00] t: 30.099979  TARGET:-23 LUFS    M: -17.2 S: -17.8     I: -16.1 LUFS       LRA:   2.5 LU  FTPK:  -8.3 dBFS  TPK:  -1.5 dBFS
[Parsed_ebur128_0 @ 0x7894c24c00] t: 30.199979  TARGET:-23 LUFS    M: -17.6 S: -17.6     I: -16.1 LUFS       LRA:   2.5 LU  FTPK:  -6.1 dBFS  TPK:  -1.5 dBFS
[Parsed_ebur128_0 @ 0x7894c24c00] t: 30.299979  TARGET:-23 LUFS    M: -18.2 S: -17.9     I: -16.1 LUFS       LRA:   2.5 LU  FTPK:  -1.5 dBFS  TPK:  -1.5 dBFS
[Parsed_ebur128_0 @ 0x7894c24c00] t: 30.399979  TARGET:-23 LUFS    M: -16.2 S: -17.8     I: -16.1 LUFS       LRA:   2.5 LU  FTPK:  -2.3 dBFS  TPK:  -1.5 dBFS
[Parsed_ebur128_0 @ 0x7894c24c00] t: 30.499979  TARGET:-23 LUFS    M: -15.6 S: -17.7     I: -16.1 LUFS       LRA:   2.5 LU  FTPK:  -3.2 dBFS  TPK:  -1.5 dBFS
[Parsed_ebur128_0 @ 0x7894c24c00] t: 30.599979  TARGET:-23 LUFS    M: -16.2 S: -18.2     I: -16.1 LUFS       LRA:   2.5 LU  FTPK:  -3.9 dBFS  TPK:  -1.5 dBFS
[Parsed_ebur128_0 @ 0x7894c24c00] t: 30.699979  TARGET:-23 LUFS    M: -16.5 S: -18.1     I: -16.1 LUFS       LRA:   2.5 LU  FTPK:  -8.3 dBFS  TPK:  -1.5 dBFS
[Parsed_ebur128_0 @ 0x7894c24c00] t: 30.799979  TARGET:-23 LUFS    M: -16.5 S: -17.8     I: -16.1 LUFS       LRA:   2.5 LU  FTPK:  -3.1 dBFS  TPK:  -1.5 dBFS
[Parsed_ebur128_0 @ 0x7894c24c00] t: 30.899979  TARGET:-23 LUFS    M: -16.5 S: -17.7     I: -16.1 LUFS       LRA:   2.5 LU  FTPK:  -5.4 dBFS  TPK:  -1.5 dBFS
[Parsed_ebur128_0 @ 0x7894c24c00] t: 30.999979  TARGET:-23 LUFS    M: -14.8 S: -17.3     I: -16.1 LUFS       LRA:   2.5 LU  FTPK:  -1.7 dBFS  TPK:  -1.5 dBFS
[Parsed_ebur128_0 @ 0x7894c24c00] t: 31.099979  TARGET:-23 LUFS    M: -13.5 S: -16.9     I: -16.1 LUFS       LRA:   2.5 LU  FTPK:  -1.5 dBFS  TPK:  -1.5 dBFS
[Parsed_ebur128_0 @ 0x7894c24c00] t: 31.199979  TARGET:-23 LUFS    M: -14.6 S: -16.9     I: -16.1 LUFS       LRA:   2.5 LU  FTPK: -11.6 dBFS  TPK:  -1.5 dBFS
[Parsed_ebur128_0 @ 0x7894c24c00] t: 31.299979  TARGET:-23 LUFS    M: -15.0 S: -16.8     I: -16.1 LUFS       LRA:   2.5 LU  FTPK:  -8.2 dBFS  TPK:  -1.5 dBFS
[Parsed_ebur128_0 @ 0x7894c24c00] t: 31.399979  TARGET:-23 LUFS    M: -17.7 S: -16.8     I: -16.1 LUFS       LRA:   2.5 LU  FTPK: -15.5 dBFS  TPK:  -1.5 dBFS
[Parsed_ebur128_0 @ 0x7894c24c00] t: 31.499979  TARGET:-23 LUFS    M: -25.5 S: -16.8     I: -16.1 LUFS       LRA:   2.5 LU  FTPK: -17.6 dBFS  TPK:  -1.5 dBFS
[Parsed_ebur128_0 @ 0x7894c24c00] t: 31.599979  TARGET:-23 LUFS    M: -27.1 S: -16.8     I: -16.1 LUFS       LRA:   2.5 LU  FTPK: -38.2 dBFS  TPK:  -1.5 dBFS
[Parsed_ebur128_0 @ 0x7894c24c00] t: 31.699979  TARGET:-23 LUFS    M: -20.4 S: -16.6     I: -16.1 LUFS       LRA:   2.5 LU  FTPK:  -1.5 dBFS  TPK:  -1.5 dBFS
[Parsed_ebur128_0 @ 0x7894c24c00] t: 31.799979  TARGET:-23 LUFS    M: -17.6 S: -16.4     I: -16.2 LUFS       LRA:   2.5 LU  FTPK:  -1.9 dBFS  TPK:  -1.5 dBFS
[Parsed_ebur128_0 @ 0x7894c24c00] t: 31.899979  TARGET:-23 LUFS    M: -15.1 S: -16.0     I: -16.1 LUFS       LRA:   2.5 LU  FTPK:  -1.5 dBFS  TPK:  -1.5 dBFS
[Parsed_ebur128_0 @ 0x7894c24c00] t: 31.999979  TARGET:-23 LUFS    M: -14.3 S: -15.9     I: -16.1 LUFS       LRA:   2.5 LU  FTPK:  -4.2 dBFS  TPK:  -1.5 dBFS
[Parsed_ebur128_0 @ 0x7894c24c00] t: 32.099979  TARGET:-23 LUFS    M: -15.3 S: -15.9     I: -16.1 LUFS       LRA:   2.5 LU  FTPK: -13.1 dBFS  TPK:  -1.5 dBFS
[Parsed_ebur128_0 @ 0x7894c24c00] t: 32.199979  TARGET:-23 LUFS    M: -15.8 S: -15.8     I: -16.1 LUFS       LRA:   2.5 LU  FTPK:  -7.8 dBFS  TPK:  -1.5 dBFS
[Parsed_ebur128_0 @ 0x7894c24c00] t: 32.299979  TARGET:-23 LUFS    M: -18.6 S: -16.1     I: -16.1 LUFS       LRA:   2.5 LU  FTPK: -10.5 dBFS  TPK:  -1.5 dBFS
[Parsed_ebur128_0 @ 0x7894c24c00] t: 32.399979  TARGET:-23 LUFS    M: -20.6 S: -16.3     I: -16.1 LUFS       LRA:   2.5 LU  FTPK:  -9.4 dBFS  TPK:  -1.5 dBFS
[Parsed_ebur128_0 @ 0x7894c24c00] t: 32.499979  TARGET:-23 LUFS    M: -18.1 S: -16.2     I: -16.2 LUFS       LRA:   2.5 LU  FTPK:  -1.5 dBFS  TPK:  -1.5 dBFS
[Parsed_ebur128_0 @ 0x7894c24c00] t: 32.599979  TARGET:-23 LUFS    M: -17.0 S: -16.4     I: -16.2 LUFS       LRA:   2.5 LU  FTPK:  -4.1 dBFS  TPK:  -1.5 dBFS
[Parsed_ebur128_0 @ 0x7894c24c00] t: 32.699979  TARGET:-23 LUFS    M: -17.0 S: -16.6     I: -16.2 LUFS       LRA:   2.5 LU  FTPK: -10.6 dBFS  TPK:  -1.5 dBFS
[Parsed_ebur128_0 @ 0x7894c24c00] t: 32.799979  TARGET:-23 LUFS    M: -17.1 S: -16.8     I: -16.2 LUFS       LRA:   2.5 LU  FTPK:  -9.4 dBFS  TPK:  -1.5 dBFS
[Parsed_ebur128_0 @ 0x7894c24c00] t: 32.899979  TARGET:-23 LUFS    M: -19.0 S: -16.9     I: -16.2 LUFS       LRA:   2.5 LU  FTPK: -10.6 dBFS  TPK:  -1.5 dBFS
[Parsed_ebur128_0 @ 0x7894c24c00] t: 32.999979  TARGET:-23 LUFS    M: -25.1 S: -17.0     I: -16.2 LUFS       LRA:   2.5 LU  FTPK: -15.3 dBFS  TPK:  -1.5 dBFS
[Parsed_ebur128_0 @ 0x7894c24c00] t: 33.099979  TARGET:-23 LUFS    M: -26.8 S: -17.1     I: -16.2 LUFS       LRA:   2.5 LU  FTPK: -23.2 dBFS  TPK:  -1.5 dBFS
[Parsed_ebur128_0 @ 0x7894c24c00] t: 33.199979  TARGET:-23 LUFS    M: -29.8 S: -17.3     I: -16.2 LUFS       LRA:   2.5 LU  FTPK: -52.5 dBFS  TPK:  -1.5 dBFS
[Parsed_ebur128_0 @ 0x7894c24c00] t: 33.299979  TARGET:-23 LUFS    M: -37.6 S: -17.4     I: -16.2 LUFS       LRA:   2.5 LU  FTPK: -68.7 dBFS  TPK:  -1.5 dBFS
[Parsed_ebur128_0 @ 0x7894c24c00] t: 33.399979  TARGET:-23 LUFS    M: -47.0 S: -17.8     I: -16.2 LUFS       LRA:   2.4 LU  FTPK: -68.3 dBFS  TPK:  -1.5 dBFS
[Parsed_ebur128_0 @ 0x7894c24c00] t: 33.499979  TARGET:-23 LUFS    M: -78.9 S: -17.9     I: -16.2 LUFS       LRA:   2.4 LU  FTPK: -68.6 dBFS  TPK:  -1.5 dBFS
[Parsed_silencedetect_1 @ 0x7894c24cc0] silence_start: 33.030313
[Parsed_ebur128_0 @ 0x7894c24c00] t: 33.599979  TARGET:-23 LUFS    M: -84.9 S: -18.1     I: -16.2 LUFS       LRA:   2.5 LU  FTPK: -67.5 dBFS  TPK:  -1.5 dBFS
[Parsed_ebur128_0 @ 0x7894c24c00] t: 33.699979  TARGET:-23 LUFS    M: -84.8 S: -18.2     I: -16.2 LUFS       LRA:   2.5 LU  FTPK: -68.4 dBFS  TPK:  -1.5 dBFS
[Parsed_ebur128_0 @ 0x7894c24c00] t: 33.799979  TARGET:-23 LUFS    M: -84.7 S: -18.6     I: -16.2 LUFS       LRA:   2.5 LU  FTPK: -65.6 dBFS  TPK:  -1.5 dBFS
[Parsed_ebur128_0 @ 0x7894c24c00] t: 33.899979  TARGET:-23 LUFS    M: -82.7 S: -18.8     I: -16.2 LUFS       LRA:   2.5 LU  FTPK: -58.9 dBFS  TPK:  -1.5 dBFS
[Parsed_ebur128_0 @ 0x7894c24c00] t: 33.999979  TARGET:-23 LUFS    M: -75.0 S: -19.5     I: -16.2 LUFS       LRA:   2.5 LU  FTPK: -49.9 dBFS  TPK:  -1.5 dBFS
[Parsed_ebur128_0 @ 0x7894c24c00] t: 34.099979  TARGET:-23 LUFS    M: -26.3 S: -20.2     I: -16.2 LUFS       LRA:   2.5 LU  FTPK:  -2.8 dBFS  TPK:  -1.5 dBFS
[Parsed_silencedetect_1 @ 0x7894c24cc0] silence_end: 34.024458 | silence_duration: 0.994146
[Parsed_ebur128_0 @ 0x7894c24c00] t: 34.199979  TARGET:-23 LUFS    M: -19.5 S: -19.7     I: -16.2 LUFS       LRA:   2.5 LU  FTPK:  -1.5 dBFS  TPK:  -1.5 dBFS
[Parsed_ebur128_0 @ 0x7894c24c00] t: 34.299979  TARGET:-23 LUFS    M: -16.8 S: -19.3     I: -16.2 LUFS       LRA:   2.5 LU  FTPK:  -1.5 dBFS  TPK:  -1.5 dBFS
[Parsed_ebur128_0 @ 0x7894c24c00] t: 34.399979  TARGET:-23 LUFS    M: -14.4 S: -18.6     I: -16.2 LUFS       LRA:   2.5 LU  FTPK:  -2.5 dBFS  TPK:  -1.5 dBFS
[Parsed_ebur128_0 @ 0x7894c24c00] t: 34.499979  TARGET:-23 LUFS    M: -13.0 S: -18.0     I: -16.2 LUFS       LRA:   2.5 LU  FTPK:  -2.7 dBFS  TPK:  -1.5 dBFS
[Parsed_ebur128_0 @ 0x7894c24c00] t: 34.599979  TARGET:-23 LUFS    M: -13.5 S: -17.9     I: -16.2 LUFS       LRA:   2.5 LU  FTPK:  -8.6 dBFS  TPK:  -1.5 dBFS
[Parsed_ebur128_0 @ 0x7894c24c00] t: 34.699979  TARGET:-23 LUFS    M: -13.7 S: -17.9     I: -16.2 LUFS       LRA:   2.5 LU  FTPK:  -3.1 dBFS  TPK:  -1.5 dBFS
[Parsed_ebur128_0 @ 0x7894c24c00] t: 34.799979  TARGET:-23 LUFS    M: -14.8 S: -18.0     I: -16.2 LUFS       LRA:   2.5 LU  FTPK:  -6.6 dBFS  TPK:  -1.5 dBFS
[Parsed_ebur128_0 @ 0x7894c24c00] t: 34.899979  TARGET:-23 LUFS    M: -15.6 S: -18.1     I: -16.2 LUFS       LRA:   2.6 LU  FTPK:  -1.5 dBFS  TPK:  -1.5 dBFS
[Parsed_ebur128_0 @ 0x7894c24c00] t: 34.999979  TARGET:-23 LUFS    M: -14.5 S: -18.0     I: -16.1 LUFS       LRA:   2.6 LU  FTPK:  -3.8 dBFS  TPK:  -1.5 dBFS
[Parsed_ebur128_0 @ 0x7894c24c00] t: 35.099979  TARGET:-23 LUFS    M: -14.4 S: -17.7     I: -16.1 LUFS       LRA:   2.6 LU  FTPK:  -5.7 dBFS  TPK:  -1.5 dBFS
[Parsed_ebur128_0 @ 0x7894c24c00] t: 35.199979  TARGET:-23 LUFS    M: -14.6 S: -17.7     I: -16.1 LUFS       LRA:   2.6 LU  FTPK:  -3.5 dBFS  TPK:  -1.5 dBFS
[Parsed_ebur128_0 @ 0x7894c24c00] t: 35.299979  TARGET:-23 LUFS    M: -15.8 S: -17.7     I: -16.1 LUFS       LRA:   2.6 LU  FTPK:  -9.9 dBFS  TPK:  -1.5 dBFS
[Parsed_ebur128_0 @ 0x7894c24c00] t: 35.399979  TARGET:-23 LUFS    M: -17.9 S: -17.7     I: -16.1 LUFS       LRA:   2.5 LU  FTPK: -10.2 dBFS  TPK:  -1.5 dBFS
[Parsed_ebur128_0 @ 0x7894c24c00] t: 35.499979  TARGET:-23 LUFS    M: -19.3 S: -17.8     I: -16.1 LUFS       LRA:   2.5 LU  FTPK:  -1.9 dBFS  TPK:  -1.5 dBFS
[Parsed_ebur128_0 @ 0x7894c24c00] t: 35.599979  TARGET:-23 LUFS    M: -18.7 S: -17.9     I: -16.1 LUFS       LRA:   2.5 LU  FTPK:  -1.5 dBFS  TPK:  -1.5 dBFS
[Parsed_ebur128_0 @ 0x7894c24c00] t: 35.699979  TARGET:-23 LUFS    M: -17.5 S: -17.8     I: -16.2 LUFS       LRA:   2.5 LU  FTPK:  -2.4 dBFS  TPK:  -1.5 dBFS
[Parsed_ebur128_0 @ 0x7894c24c00] t: 35.799979  TARGET:-23 LUFS    M: -15.8 S: -17.5     I: -16.2 LUFS       LRA:   2.5 LU  FTPK:  -2.8 dBFS  TPK:  -1.5 dBFS
[Parsed_ebur128_0 @ 0x7894c24c00] t: 35.899979  TARGET:-23 LUFS    M: -15.8 S: -17.3     I: -16.2 LUFS       LRA:   2.5 LU  FTPK:  -4.3 dBFS  TPK:  -1.5 dBFS
[Parsed_ebur128_0 @ 0x7894c24c00] t: 35.999979  TARGET:-23 LUFS    M: -14.8 S: -16.9     I: -16.1 LUFS       LRA:   2.5 LU  FTPK:  -3.5 dBFS  TPK:  -1.5 dBFS
[Parsed_ebur128_0 @ 0x7894c24c00] t: 36.099979  TARGET:-23 LUFS    M: -15.2 S: -16.9     I: -16.1 LUFS       LRA:   2.5 LU  FTPK:  -7.2 dBFS  TPK:  -1.5 dBFS
[Parsed_ebur128_0 @ 0x7894c24c00] t: 36.199979  TARGET:-23 LUFS    M: -15.0 S: -16.6     I: -16.1 LUFS       LRA:   2.5 LU  FTPK:  -1.8 dBFS  TPK:  -1.5 dBFS
[Parsed_ebur128_0 @ 0x7894c24c00] t: 36.299979  TARGET:-23 LUFS    M: -14.9 S: -16.4     I: -16.1 LUFS       LRA:   2.5 LU  FTPK:  -5.5 dBFS  TPK:  -1.5 dBFS
[Parsed_ebur128_0 @ 0x7894c24c00] t: 36.399979  TARGET:-23 LUFS    M: -16.3 S: -16.3     I: -16.1 LUFS       LRA:   2.5 LU  FTPK:  -6.9 dBFS  TPK:  -1.5 dBFS
[Parsed_ebur128_0 @ 0x7894c24c00] t: 36.499979  TARGET:-23 LUFS    M: -16.1 S: -16.2     I: -16.1 LUFS       LRA:   2.5 LU  FTPK:  -6.2 dBFS  TPK:  -1.5 dBFS
[Parsed_ebur128_0 @ 0x7894c24c00] t: 36.599979  TARGET:-23 LUFS    M: -16.5 S: -16.0     I: -16.1 LUFS       LRA:   2.5 LU  FTPK:  -4.4 dBFS  TPK:  -1.5 dBFS
[Parsed_ebur128_0 @ 0x7894c24c00] t: 36.699979  TARGET:-23 LUFS    M: -17.3 S: -16.0     I: -16.1 LUFS       LRA:   2.5 LU  FTPK:  -7.9 dBFS  TPK:  -1.5 dBFS
[Parsed_ebur128_0 @ 0x7894c24c00] t: 36.799979  TARGET:-23 LUFS    M: -18.1 S: -16.0     I: -16.1 LUFS       LRA:   2.5 LU  FTPK: -11.5 dBFS  TPK:  -1.5 dBFS
[Parsed_ebur128_0 @ 0x7894c24c00] t: 36.899979  TARGET:-23 LUFS    M: -18.9 S: -15.9     I: -16.2 LUFS       LRA:   2.5 LU  FTPK: -13.4 dBFS  TPK:  -1.5 dBFS
[Parsed_ebur128_0 @ 0x7894c24c00] t: 36.999979  TARGET:-23 LUFS    M: -22.7 S: -15.9     I: -16.2 LUFS       LRA:   2.5 LU  FTPK:  -8.0 dBFS  TPK:  -1.5 dBFS
[Parsed_ebur128_0 @ 0x7894c24c00] t: 37.099979  TARGET:-23 LUFS    M: -23.1 S: -15.9     I: -16.2 LUFS       LRA:   2.5 LU  FTPK: -14.1 dBFS  TPK:  -1.5 dBFS
[Parsed_ebur128_0 @ 0x7894c24c00] t: 37.199979  TARGET:-23 LUFS    M: -18.0 S: -15.9     I: -16.2 LUFS       LRA:   2.5 LU  FTPK:  -4.5 dBFS  TPK:  -1.5 dBFS
[Parsed_ebur128_0 @ 0x7894c24c00] t: 37.299979  TARGET:-23 LUFS    M: -15.8 S: -15.8     I: -16.2 LUFS       LRA:   2.5 LU  FTPK:  -2.7 dBFS  TPK:  -1.5 dBFS
[Parsed_ebur128_0 @ 0x7894c24c00] t: 37.399979  TARGET:-23 LUFS    M: -15.7 S: -16.1     I: -16.2 LUFS       LRA:   2.5 LU  FTPK:  -8.7 dBFS  TPK:  -1.5 dBFS
[Parsed_ebur128_0 @ 0x7894c24c00] t: 37.499979  TARGET:-23 LUFS    M: -15.4 S: -16.4     I: -16.2 LUFS       LRA:   2.5 LU  FTPK:  -5.1 dBFS  TPK:  -1.5 dBFS
[Parsed_ebur128_0 @ 0x7894c24c00] t: 37.599979  TARGET:-23 LUFS    M: -17.3 S: -16.5     I: -16.2 LUFS       LRA:   2.5 LU  FTPK:  -8.0 dBFS  TPK:  -1.5 dBFS
[Parsed_ebur128_0 @ 0x7894c24c00] t: 37.699979  TARGET:-23 LUFS    M: -21.0 S: -16.7     I: -16.2 LUFS       LRA:   2.5 LU  FTPK: -13.1 dBFS  TPK:  -1.5 dBFS
[Parsed_ebur128_0 @ 0x7894c24c00] t: 37.799979  TARGET:-23 LUFS    M: -18.8 S: -16.6     I: -16.2 LUFS       LRA:   2.5 LU  FTPK:  -4.1 dBFS  TPK:  -1.5 dBFS
[Parsed_ebur128_0 @ 0x7894c24c00] t: 37.899979  TARGET:-23 LUFS    M: -19.1 S: -16.8     I: -16.2 LUFS       LRA:   2.5 LU  FTPK: -10.2 dBFS  TPK:  -1.5 dBFS
[Parsed_ebur128_0 @ 0x7894c24c00] t: 37.999979  TARGET:-23 LUFS    M: -18.0 S: -17.0     I: -16.2 LUFS       LRA:   2.5 LU  FTPK:  -6.9 dBFS  TPK:  -1.5 dBFS
[Parsed_ebur128_0 @ 0x7894c24c00] t: 38.099979  TARGET:-23 LUFS    M: -18.2 S: -17.3     I: -16.2 LUFS       LRA:   2.5 LU  FTPK: -15.5 dBFS  TPK:  -1.5 dBFS
[Parsed_ebur128_0 @ 0x7894c24c00] t: 38.199979  TARGET:-23 LUFS    M: -21.4 S: -17.4     I: -16.2 LUFS       LRA:   2.5 LU  FTPK: -59.4 dBFS  TPK:  -1.5 dBFS
[Parsed_ebur128_0 @ 0x7894c24c00] t: 38.299979  TARGET:-23 LUFS    M: -22.6 S: -17.4     I: -16.2 LUFS       LRA:   2.5 LU  FTPK: -70.1 dBFS  TPK:  -1.5 dBFS
[Parsed_ebur128_0 @ 0x7894c24c00] t: 38.399979  TARGET:-23 LUFS    M: -37.9 S: -17.5     I: -16.2 LUFS       LRA:   2.5 LU  FTPK:  -inf dBFS  TPK:  -1.5 dBFS
[Parsed_ebur128_0 @ 0x7894c24c00] t: 38.499979  TARGET:-23 LUFS    M: -81.7 S: -17.7     I: -16.2 LUFS       LRA:   2.5 LU  FTPK:  -inf dBFS  TPK:  -1.5 dBFS
[Parsed_silencedetect_1 @ 0x7894c24cc0] silence_start: 38.060646
[Parsed_ebur128_0 @ 0x7894c24c00] t: 38.599979  TARGET:-23 LUFS    M: -96.7 S: -17.9     I: -16.2 LUFS       LRA:   2.5 LU  FTPK:  -inf dBFS  TPK:  -1.5 dBFS
[Parsed_ebur128_0 @ 0x7894c24c00] t: 38.699979  TARGET:-23 LUFS    M:-151.8 S: -18.1     I: -16.2 LUFS       LRA:   2.5 LU  FTPK:  -inf dBFS  TPK:  -1.5 dBFS
[Parsed_ebur128_0 @ 0x7894c24c00] t: 38.799979  TARGET:-23 LUFS    M:-151.8 S: -18.5     I: -16.2 LUFS       LRA:   2.5 LU  FTPK:  -inf dBFS  TPK:  -1.5 dBFS
[Parsed_ebur128_0 @ 0x7894c24c00] t: 38.899979  TARGET:-23 LUFS    M:-151.8 S: -18.6     I: -16.2 LUFS       LRA:   2.5 LU  FTPK:  -inf dBFS  TPK:  -1.5 dBFS
[Parsed_ebur128_0 @ 0x7894c24c00] t: 38.999979  TARGET:-23 LUFS    M: -90.9 S: -19.3     I: -16.2 LUFS       LRA:   2.5 LU  FTPK: -70.1 dBFS  TPK:  -1.5 dBFS
[Parsed_ebur128_0 @ 0x7894c24c00] t: 39.099979  TARGET:-23 LUFS    M: -49.5 S: -19.3     I: -16.2 LUFS       LRA:   2.5 LU  FTPK: -28.5 dBFS  TPK:  -1.5 dBFS
[Parsed_silencedetect_1 @ 0x7894c24cc0] silence_end: 39.071292 | silence_duration: 1.010646
[Parsed_ebur128_0 @ 0x7894c24c00] t: 39.199979  TARGET:-23 LUFS    M: -18.6 S: -19.2     I: -16.2 LUFS       LRA:   2.6 LU  FTPK:  -1.5 dBFS  TPK:  -1.5 dBFS
[Parsed_ebur128_0 @ 0x7894c24c00] t: 39.299979  TARGET:-23 LUFS    M: -16.2 S: -19.0     I: -16.2 LUFS       LRA:   2.6 LU  FTPK:  -3.1 dBFS  TPK:  -1.5 dBFS
[Parsed_ebur128_0 @ 0x7894c24c00] t: 39.399979  TARGET:-23 LUFS    M: -15.3 S: -19.0     I: -16.2 LUFS       LRA:   2.6 LU  FTPK:  -3.5 dBFS  TPK:  -1.5 dBFS
[Parsed_ebur128_0 @ 0x7894c24c00] t: 39.499979  TARGET:-23 LUFS    M: -13.8 S: -18.6     I: -16.2 LUFS       LRA:   2.6 LU  FTPK:  -1.5 dBFS  TPK:  -1.5 dBFS
[Parsed_ebur128_0 @ 0x7894c24c00] t: 39.599979  TARGET:-23 LUFS    M: -14.1 S: -18.5     I: -16.2 LUFS       LRA:   2.6 LU  FTPK:  -2.7 dBFS  TPK:  -1.5 dBFS
[Parsed_ebur128_0 @ 0x7894c24c00] t: 39.699979  TARGET:-23 LUFS    M: -13.5 S: -18.0     I: -16.2 LUFS       LRA:   2.6 LU  FTPK:  -2.7 dBFS  TPK:  -1.5 dBFS
[Parsed_ebur128_0 @ 0x7894c24c00] t: 39.799979  TARGET:-23 LUFS    M: -13.7 S: -17.9     I: -16.2 LUFS       LRA:   2.6 LU  FTPK:  -6.7 dBFS  TPK:  -1.5 dBFS
[Parsed_ebur128_0 @ 0x7894c24c00] t: 39.899979  TARGET:-23 LUFS    M: -13.6 S: -17.5     I: -16.2 LUFS       LRA:   2.6 LU  FTPK:  -1.8 dBFS  TPK:  -1.5 dBFS
[Parsed_ebur128_0 @ 0x7894c24c00] t: 39.999979  TARGET:-23 LUFS    M: -13.7 S: -17.2     I: -16.2 LUFS       LRA:   2.6 LU  FTPK:  -2.2 dBFS  TPK:  -1.5 dBFS
[Parsed_ebur128_0 @ 0x7894c24c00] t: 40.099979  TARGET:-23 LUFS    M: -15.3 S: -17.2     I: -16.2 LUFS       LRA:   2.6 LU  FTPK:  -7.4 dBFS  TPK:  -1.5 dBFS
[Parsed_ebur128_0 @ 0x7894c24c00] t: 40.199979  TARGET:-23 LUFS    M: -15.4 S: -17.4     I: -16.2 LUFS       LRA:   2.6 LU  FTPK:  -7.6 dBFS  TPK:  -1.5 dBFS
[Parsed_ebur128_0 @ 0x7894c24c00] t: 40.299979  TARGET:-23 LUFS    M: -16.9 S: -17.7     I: -16.2 LUFS       LRA:   2.6 LU  FTPK:  -3.5 dBFS  TPK:  -1.5 dBFS
[Parsed_ebur128_0 @ 0x7894c24c00] t: 40.399979  TARGET:-23 LUFS    M: -17.7 S: -17.5     I: -16.2 LUFS       LRA:   2.6 LU  FTPK:  -4.5 dBFS  TPK:  -1.5 dBFS
[Parsed_ebur128_0 @ 0x7894c24c00] t: 40.499979  TARGET:-23 LUFS    M: -17.9 S: -17.6     I: -16.2 LUFS       LRA:   2.6 LU  FTPK:  -8.2 dBFS  TPK:  -1.5 dBFS
[Parsed_ebur128_0 @ 0x7894c24c00] t: 40.599979  TARGET:-23 LUFS    M: -17.5 S: -17.5     I: -16.2 LUFS       LRA:   2.6 LU  FTPK:  -4.8 dBFS  TPK:  -1.5 dBFS
[Parsed_ebur128_0 @ 0x7894c24c00] t: 40.699979  TARGET:-23 LUFS    M: -18.2 S: -17.4     I: -16.2 LUFS       LRA:   2.6 LU  FTPK:  -7.0 dBFS  TPK:  -1.5 dBFS
[Parsed_ebur128_0 @ 0x7894c24c00] t: 40.799979  TARGET:-23 LUFS    M: -19.3 S: -17.6     I: -16.2 LUFS       LRA:   2.6 LU  FTPK:  -6.3 dBFS  TPK:  -1.5 dBFS
[Parsed_ebur128_0 @ 0x7894c24c00] t: 40.899979  TARGET:-23 LUFS    M: -16.3 S: -17.2     I: -16.2 LUFS       LRA:   2.6 LU  FTPK:  -2.3 dBFS  TPK:  -1.5 dBFS
[Parsed_ebur128_0 @ 0x7894c24c00] t: 40.999979  TARGET:-23 LUFS    M: -17.0 S: -17.3     I: -16.2 LUFS       LRA:   2.6 LU  FTPK:  -8.0 dBFS  TPK:  -1.5 dBFS
[Parsed_ebur128_0 @ 0x7894c24c00] t: 41.099979  TARGET:-23 LUFS    M: -17.3 S: -17.3     I: -16.2 LUFS       LRA:   2.6 LU  FTPK: -14.9 dBFS  TPK:  -1.5 dBFS
[Parsed_ebur128_0 @ 0x7894c24c00] t: 41.199979  TARGET:-23 LUFS    M: -18.2 S: -17.3     I: -16.2 LUFS       LRA:   2.6 LU  FTPK: -32.1 dBFS  TPK:  -1.5 dBFS
[Parsed_ebur128_0 @ 0x7894c24c00] t: 41.299979  TARGET:-23 LUFS    M: -27.0 S: -17.3     I: -16.2 LUFS       LRA:   2.6 LU  FTPK: -63.3 dBFS  TPK:  -1.5 dBFS
[Parsed_ebur128_0 @ 0x7894c24c00] t: 41.399979  TARGET:-23 LUFS    M: -35.7 S: -17.3     I: -16.2 LUFS       LRA:   2.6 LU  FTPK: -101.7 dBFS  TPK:  -1.5 dBFS
[Parsed_ebur128_0 @ 0x7894c24c00] t: 41.499979  TARGET:-23 LUFS    M: -54.7 S: -17.3     I: -16.2 LUFS       LRA:   2.6 LU  FTPK:  -inf dBFS  TPK:  -1.5 dBFS
[Parsed_ebur128_0 @ 0x7894c24c00] t: 41.599979  TARGET:-23 LUFS    M: -85.1 S: -17.3     I: -16.2 LUFS       LRA:   2.6 LU  FTPK:  -inf dBFS  TPK:  -1.5 dBFS
[Parsed_silencedetect_1 @ 0x7894c24cc0] silence_start: 41.114604
[Parsed_ebur128_0 @ 0x7894c24c00] t: 41.699979  TARGET:-23 LUFS    M:-126.8 S: -17.3     I: -16.2 LUFS       LRA:   2.6 LU  FTPK:  -inf dBFS  TPK:  -1.5 dBFS
[Parsed_ebur128_0 @ 0x7894c24c00] t: 41.799979  TARGET:-23 LUFS    M:-156.5 S: -17.3     I: -16.2 LUFS       LRA:   2.6 LU  FTPK:  -inf dBFS  TPK:  -1.5 dBFS
[Parsed_ebur128_0 @ 0x7894c24c00] t: 41.899979  TARGET:-23 LUFS    M:-156.5 S: -17.3     I: -16.2 LUFS       LRA:   2.6 LU  FTPK:  -inf dBFS  TPK:  -1.5 dBFS
[Parsed_ebur128_0 @ 0x7894c24c00] t: 41.999979  TARGET:-23 LUFS    M:-156.5 S: -17.3     I: -16.2 LUFS       LRA:   2.6 LU  FTPK:  -inf dBFS  TPK:  -1.5 dBFS
[Parsed_ebur128_0 @ 0x7894c24c00] t: 42.099979  TARGET:-23 LUFS    M:-156.5 S: -17.3     I: -16.2 LUFS       LRA:   2.6 LU  FTPK:  -inf dBFS  TPK:  -1.5 dBFS
[Parsed_ebur128_0 @ 0x7894c24c00] t: 42.199979  TARGET:-23 LUFS    M:-156.5 S: -17.8     I: -16.2 LUFS       LRA:   2.6 LU  FTPK:  -inf dBFS  TPK:  -1.5 dBFS
[Parsed_ebur128_0 @ 0x7894c24c00] t: 42.299979  TARGET:-23 LUFS    M:-156.5 S: -18.1     I: -16.2 LUFS       LRA:   2.6 LU  FTPK:  -inf dBFS  TPK:  -1.5 dBFS
[Parsed_ebur128_0 @ 0x7894c24c00] t: 42.399979  TARGET:-23 LUFS    M:-156.5 S: -18.3     I: -16.2 LUFS       LRA:   2.6 LU  FTPK:  -inf dBFS  TPK:  -1.5 dBFS
[Parsed_ebur128_0 @ 0x7894c24c00] t: 42.499979  TARGET:-23 LUFS    M:-156.5 S: -18.8     I: -16.2 LUFS       LRA:   2.6 LU  FTPK:  -inf dBFS  TPK:  -1.5 dBFS
[Parsed_ebur128_0 @ 0x7894c24c00] t: 42.599979  TARGET:-23 LUFS    M:-156.5 S: -19.4     I: -16.2 LUFS       LRA:   2.6 LU  FTPK:  -inf dBFS  TPK:  -1.5 dBFS
[Parsed_ebur128_0 @ 0x7894c24c00] t: 42.699979  TARGET:-23 LUFS    M:-156.5 S: -20.3     I: -16.2 LUFS       LRA:   2.6 LU  FTPK:  -inf dBFS  TPK:  -1.5 dBFS
[Parsed_ebur128_0 @ 0x7894c24c00] t: 42.799979  TARGET:-23 LUFS    M:-156.5 S: -20.5     I: -16.2 LUFS       LRA:   2.6 LU  FTPK:  -inf dBFS  TPK:  -1.5 dBFS
[Parsed_ebur128_0 @ 0x7894c24c00] t: 42.899979  TARGET:-23 LUFS    M:-156.5 S: -21.4     I: -16.2 LUFS       LRA:   2.6 LU  FTPK:  -inf dBFS  TPK:  -1.5 dBFS
[Parsed_ebur128_0 @ 0x7894c24c00] t: 42.999979  TARGET:-23 LUFS    M:-156.5 S: -22.3     I: -16.2 LUFS       LRA:   2.7 LU  FTPK:  -inf dBFS  TPK:  -1.5 dBFS
[Parsed_ebur128_0 @ 0x7894c24c00] t: 43.099979  TARGET:-23 LUFS    M:-156.5 S: -22.6     I: -16.2 LUFS       LRA:   2.7 LU  FTPK:  -inf dBFS  TPK:  -1.5 dBFS
[Parsed_ebur128_0 @ 0x7894c24c00] t: 43.199979  TARGET:-23 LUFS    M:-156.5 S: -22.9     I: -16.2 LUFS       LRA:   2.7 LU  FTPK:  -inf dBFS  TPK:  -1.5 dBFS
[Parsed_ebur128_0 @ 0x7894c24c00] t: 43.299979  TARGET:-23 LUFS    M:-156.5 S: -23.5     I: -16.2 LUFS       LRA:   2.7 LU  FTPK:  -inf dBFS  TPK:  -1.5 dBFS
[Parsed_ebur128_0 @ 0x7894c24c00] t: 43.399979  TARGET:-23 LUFS    M:-156.5 S: -24.4     I: -16.2 LUFS       LRA:   2.7 LU  FTPK:  -inf dBFS  TPK:  -1.5 dBFS
[Parsed_ebur128_0 @ 0x7894c24c00] t: 43.499979  TARGET:-23 LUFS    M:-156.5 S: -24.7     I: -16.2 LUFS       LRA:   2.7 LU  FTPK:  -inf dBFS  TPK:  -1.5 dBFS
[Parsed_ebur128_0 @ 0x7894c24c00] t: 43.599979  TARGET:-23 LUFS    M:-156.5 S: -25.7     I: -16.2 LUFS       LRA:   2.8 LU  FTPK:  -inf dBFS  TPK:  -1.5 dBFS
[Parsed_ebur128_0 @ 0x7894c24c00] t: 43.699979  TARGET:-23 LUFS    M:-156.5 S: -26.1     I: -16.2 LUFS       LRA:   2.8 LU  FTPK:  -inf dBFS  TPK:  -1.5 dBFS
[Parsed_ebur128_0 @ 0x7894c24c00] t: 43.799979  TARGET:-23 LUFS    M:-156.5 S: -26.9     I: -16.2 LUFS       LRA:   2.8 LU  FTPK:  -inf dBFS  TPK:  -1.5 dBFS
[Parsed_ebur128_0 @ 0x7894c24c00] t: 43.899979  TARGET:-23 LUFS    M:-156.5 S: -35.8     I: -16.2 LUFS       LRA:   2.8 LU  FTPK:  -inf dBFS  TPK:  -1.5 dBFS
[Parsed_ebur128_0 @ 0x7894c24c00] t: 43.999979  TARGET:-23 LUFS    M:-156.5 S: -44.4     I: -16.2 LUFS       LRA:   2.8 LU  FTPK:  -inf dBFS  TPK:  -1.5 dBFS
[Parsed_ebur128_0 @ 0x7894c24c00] t: 44.099979  TARGET:-23 LUFS    M:-156.5 S: -63.4     I: -16.2 LUFS       LRA:   2.8 LU  FTPK:  -inf dBFS  TPK:  -1.5 dBFS
[Parsed_ebur128_0 @ 0x7894c24c00] t: 44.199979  TARGET:-23 LUFS    M:-156.5 S: -93.8     I: -16.2 LUFS       LRA:   2.8 LU  FTPK:  -inf dBFS  TPK:  -1.5 dBFS
[Parsed_ebur128_0 @ 0x7894c24c00] t: 44.299979  TARGET:-23 LUFS    M:-156.5 S:-135.8     I: -16.2 LUFS       LRA:   2.8 LU  FTPK:  -inf dBFS  TPK:  -1.5 dBFS
[Parsed_ebur128_0 @ 0x7894c24c00] t: 44.399979  TARGET:-23 LUFS    M:-156.5 S:   nan     I: -16.2 LUFS       LRA:   2.8 LU  FTPK:  -inf dBFS  TPK:  -1.5 dBFS
[Parsed_ebur128_0 @ 0x7894c24c00] t: 44.499979  TARGET:-23 LUFS    M:-156.5 S:   nan     I: -16.2 LUFS       LRA:   2.8 LU  FTPK:  -inf dBFS  TPK:  -1.5 dBFS
[Parsed_ebur128_0 @ 0x7894c24c00] t: 44.599979  TARGET:-23 LUFS    M:-156.5 S:   nan     I: -16.2 LUFS       LRA:   2.8 LU  FTPK:  -inf dBFS  TPK:  -1.5 dBFS
[Parsed_ebur128_0 @ 0x7894c24c00] t: 44.699979  TARGET:-23 LUFS    M:-156.5 S:   nan     I: -16.2 LUFS       LRA:   2.8 LU  FTPK:  -inf dBFS  TPK:  -1.5 dBFS
[Parsed_ebur128_0 @ 0x7894c24c00] t: 44.799979  TARGET:-23 LUFS    M:-156.5 S:   nan     I: -16.2 LUFS       LRA:   2.8 LU  FTPK:  -inf dBFS  TPK:  -1.5 dBFS
[Parsed_ebur128_0 @ 0x7894c24c00] t: 44.899979  TARGET:-23 LUFS    M:-156.5 S:   nan     I: -16.2 LUFS       LRA:   2.8 LU  FTPK:  -inf dBFS  TPK:  -1.5 dBFS
[Parsed_ebur128_0 @ 0x7894c24c00] t: 44.999979  TARGET:-23 LUFS    M:-156.5 S:   nan     I: -16.2 LUFS       LRA:   2.8 LU  FTPK:  -inf dBFS  TPK:  -1.5 dBFS
[Parsed_ebur128_0 @ 0x7894c24c00] Summary:

  Integrated loudness:
    I:         -16.2 LUFS
    Threshold: -26.5 LUFS

  Loudness range:
    LRA:         2.8 LU
    Threshold: -37.1 LUFS
    LRA low:   -18.4 LUFS
    LRA high:  -15.6 LUFS

  True peak:
    Peak:       -1.5 dBFS
[Parsed_silencedetect_1 @ 0x7894c24cc0] silence_end: 45 | silence_duration: 3.885396
[out#0/null @ 0x7894c243c0] video:0KiB audio:4219KiB subtitle:0KiB other streams:0KiB global headers:0KiB muxing overhead: unknown
size=N/A time=00:00:45.00 bitrate=N/A speed= 474x elapsed=0:00:00.09    
